<html>
<body>
<pre>
<h1>礦ision Build Log</h1>
<h2>Project:</h2>
E:\工程\智能称\SmartScale\USER\SMARTBALANCE.uvproj
Project File Date:  01/31/2016

<h2>Output:</h2>
Build target 'Target 1'
compiling lcdopt.c...
..\HARDWARE\RTC\rtc.h(30): warning:  #1295-D: Deprecated declaration RTC_GET_COUNT - give arg types
..\APP\lcdopt.c(139): warning:  #223-D: function "fileopt_get_goods_list" declared implicitly
..\APP\lcdopt.c(147): warning:  #167-D: argument of type "char *" is incompatible with parameter of type "unsigned char *"
..\APP\lcdopt.c(159): warning:  #223-D: function "fileopt_get_goods_list" declared implicitly
..\APP\lcdopt.c(167): warning:  #167-D: argument of type "char *" is incompatible with parameter of type "unsigned char *"
..\APP\lcdopt.c(298): warning:  #223-D: function "Weight_QuPi" declared implicitly
..\APP\lcdopt.c(329): warning:  #223-D: function "strlen" declared implicitly
..\APP\lcdopt.c(357): warning:  #167-D: argument of type "char *" is incompatible with parameter of type "unsigned char *"
..\APP\lcdopt.c(359): warning:  #223-D: function "strcpy" declared implicitly
..\APP\lcdopt.c(391): warning:  #223-D: function "fileopt_get_passwd" declared implicitly
..\APP\lcdopt.c(395): warning:  #167-D: argument of type "char *" is incompatible with parameter of type "unsigned char *"
..\APP\lcdopt.c(397): warning:  #223-D: function "strcmp" declared implicitly
..\APP\lcdopt.c(419): warning:  #167-D: argument of type "char *" is incompatible with parameter of type "unsigned char *"
..\APP\lcdopt.c(427): warning:  #223-D: function "fileopt_get_work_id" declared implicitly
..\APP\lcdopt.c(480): warning:  #223-D: function "fileopt_get_water_rate" declared implicitly
..\APP\lcdopt.c(497): warning:  #174-D: expression has no effect
..\APP\lcdopt.c(512): warning:  #223-D: function "strcmp" declared implicitly
..\APP\lcdopt.c(514): warning:  #167-D: argument of type "unsigned char *" is incompatible with parameter of type "char *"
..\APP\lcdopt.c(514): warning:  #167-D: argument of type "unsigned char *" is incompatible with parameter of type "char *"
..\APP\lcdopt.c(520): warning:  #223-D: function "fileopt_get_work_id" declared implicitly
..\APP\lcdopt.c(503): warning:  #177-D: variable "ret" was declared but never referenced
..\APP\lcdopt.c(540): warning:  #223-D: function "strcmp" declared implicitly
..\APP\lcdopt.c(542): warning:  #223-D: function "fileopt_reapply_card_by_work_id" declared implicitly
..\APP\lcdopt.c(572): warning:  #223-D: function "fileopt_find_worker_msg_by_workid" declared implicitly
..\APP\lcdopt.c(575): warning:  #167-D: argument of type "char *" is incompatible with parameter of type "unsigned char *"
..\APP\lcdopt.c(594): warning:  #223-D: function "fileopt_find_worker_msg_by_workid" declared implicitly
..\APP\lcdopt.c(596): warning:  #167-D: argument of type "char *" is incompatible with parameter of type "unsigned char *"
..\APP\lcdopt.c(597): warning:  #167-D: argument of type "char *" is incompatible with parameter of type "unsigned char *"
..\APP\lcdopt.c(614): warning:  #167-D: argument of type "unsigned char *" is incompatible with parameter of type "char *"
..\APP\lcdopt.c(642): warning:  #167-D: argument of type "char *" is incompatible with parameter of type "unsigned char *"
..\APP\lcdopt.c(645): warning:  #223-D: function "fileopt_add_goods" declared implicitly
..\APP\lcdopt.c(706): warning:  #167-D: argument of type "char *" is incompatible with parameter of type "unsigned char *"
..\APP\lcdopt.c(707): warning:  #223-D: function "fileopt_del_goods" declared implicitly
..\APP\lcdopt.c(708): warning:  #223-D: function "strcmp" declared implicitly
..\APP\lcdopt.c(709): warning:  #223-D: function "strcpy" declared implicitly
..\APP\lcdopt.c(765): warning:  #223-D: function "strcpy" declared implicitly
..\APP\lcdopt.c(767): warning:  #223-D: function "strcpy" declared implicitly
..\APP\lcdopt.c(751): warning:  #177-D: variable "len" was declared but never referenced
..\APP\lcdopt.c(801): warning:  #223-D: function "fileopt_get_passwd" declared implicitly
..\APP\lcdopt.c(803): warning:  #223-D: function "strcmp" declared implicitly
..\APP\lcdopt.c(806): warning:  #223-D: function "fileopt_get_water_rate" declared implicitly
..\APP\lcdopt.c(833): warning:  #223-D: function "fileopt_set_water_rate" declared implicitly
..\APP\lcdopt.c(930): warning:  #223-D: function "strcmp" declared implicitly
..\APP\lcdopt.c(937): warning:  #223-D: function "fileopt_get_passwd" declared implicitly
..\APP\lcdopt.c(944): warning:  #223-D: function "fileopt_set_passwd" declared implicitly
..\APP\lcdopt.c(956): warning:  #223-D: function "fileopt_set_passwd" declared implicitly
..\APP\lcdopt.c(983): warning:  #223-D: function "ReadCardId" declared implicitly
..\APP\lcdopt.c(985): warning:  #223-D: function "strcpy" declared implicitly
..\APP\lcdopt.c(990): warning:  #167-D: argument of type "char *" is incompatible with parameter of type "unsigned char *"
..\APP\lcdopt.c(1000): warning:  #167-D: argument of type "char *" is incompatible with parameter of type "unsigned char *"
..\APP\lcdopt.c(1001): warning:  #223-D: function "fileopt_find_worker_msg_by_cardid" declared implicitly
..\APP\lcdopt.c(1004): warning:  #223-D: function "atoi" declared implicitly
..\APP\lcdopt.c(1005): warning:  #167-D: argument of type "char *" is incompatible with parameter of type "unsigned char *"
..\APP\lcdopt.c(1022): warning:  #167-D: argument of type "char *" is incompatible with parameter of type "unsigned char *"
..\APP\lcdopt.c(1027): warning:  #167-D: argument of type "char *" is incompatible with parameter of type "unsigned char *"
..\APP\lcdopt.c(1050): warning:  #223-D: function "Read_Weight_Val" declared implicitly
..\APP\lcdopt.c(1064): warning:  #550-D: variable "class" was set but never used
..\APP\lcdopt.c(1065): warning:  #550-D: variable "Msg_Vall" was set but never used
..\APP\lcdopt.c(1086): warning:  #223-D: function "fileopt_get_work_id" declared implicitly
..\APP\lcdopt.c(1088): warning:  #223-D: function "Weight_QuPi" declared implicitly
..\APP\lcdopt.c(1091): warning:  #223-D: function "fileopt_get_water_rate" declared implicitly
..\APP\lcdopt.c(1092): warning:  #223-D: function "strcpy" declared implicitly
compiling CH376_api.c...
linking...
Program Size: Code=64882 RO-data=176522 RW-data=1000 ZI-data=57760  
FromELF: creating hex file...
"..\OBJ\UCOSII-1.axf" - 0 Error(s), 62 Warning(s).
Load "..\\OBJ\\UCOSII-1.AXF" 
* JLink Info: Device "STM32F103VE" selected (512 KB flash, 64 KB RAM).
Set JLink Project File to "E:\工程\智能称\SmartScale\USER\JLinkSettings.ini"
 
JLink info:
------------
DLL: V4.36l, compiled Dec  2 2011 18:52:36
Firmware: J-Link ARM V8 compiled Nov 25 2013 19:20:08
Hardware: V8.00
S/N : 99999994 
Feature(s) : RDI,FlashDL,FlashBP,JFlash,GDBFULL 
 
* JLink Info: Found SWD-DP with ID 0x1BA01477
* JLink Info: TPIU fitted.
* JLink Info: ETM fitted.
* JLink Info:   FPUnit: 6 code (BP) slots and 2 literal slots
* JLink Info: Found Cortex-M3 r1p1, Little endian.
ROMTableAddr = 0xE00FF003
* JLink Info: Found SWD-DP with ID 0x1BA01477
* JLink Info: TPIU fitted.
* JLink Info: ETM fitted.
* JLink Info:   FPUnit: 6 code (BP) slots and 2 literal slots
* JLink Info: Found Cortex-M3 r1p1, Little endian.
 
Target info:
------------
Device: STM32F103VE
VTarget = 3.358V
State of Pins: 
TCK: 0, TDI: 1, TDO: 1, TMS: 1, TRES: 1, TRST: 1
Hardware-Breakpoints: 6
Software-Breakpoints: 8192
Watchpoints:          4
JTAG speed: 4000 kHz
 
Erase Done.
Programming Done.
Verify OK.
* JLink Info: Found SWD-DP with ID 0x1BA01477
* JLink Info: TPIU fitted.
* JLink Info: ETM fitted.
* JLink Info:   FPUnit: 6 code (BP) slots and 2 literal slots
* JLink Info: Found Cortex-M3 r1p1, Little endian.
Application running ...
Build target 'Target 1'
compiling lcdopt.c...
..\HARDWARE\RTC\rtc.h(30): warning:  #1295-D: Deprecated declaration RTC_GET_COUNT - give arg types
..\APP\lcdopt.c(141): warning:  #223-D: function "fileopt_get_goods_list" declared implicitly
..\APP\lcdopt.c(149): warning:  #167-D: argument of type "char *" is incompatible with parameter of type "unsigned char *"
..\APP\lcdopt.c(161): warning:  #223-D: function "fileopt_get_goods_list" declared implicitly
..\APP\lcdopt.c(169): warning:  #167-D: argument of type "char *" is incompatible with parameter of type "unsigned char *"
..\APP\lcdopt.c(300): warning:  #223-D: function "Weight_QuPi" declared implicitly
..\APP\lcdopt.c(333): warning:  #223-D: function "fileopt_find_worker_msg_by_workid" declared implicitly
..\APP\lcdopt.c(336): warning:  #167-D: argument of type "char *" is incompatible with parameter of type "unsigned char *"
..\APP\lcdopt.c(352): warning:  #223-D: function "strlen" declared implicitly
..\APP\lcdopt.c(380): warning:  #167-D: argument of type "char *" is incompatible with parameter of type "unsigned char *"
..\APP\lcdopt.c(382): warning:  #223-D: function "strcpy" declared implicitly
..\APP\lcdopt.c(414): warning:  #223-D: function "fileopt_get_passwd" declared implicitly
..\APP\lcdopt.c(418): warning:  #167-D: argument of type "char *" is incompatible with parameter of type "unsigned char *"
..\APP\lcdopt.c(420): warning:  #223-D: function "strcmp" declared implicitly
..\APP\lcdopt.c(442): warning:  #167-D: argument of type "char *" is incompatible with parameter of type "unsigned char *"
..\APP\lcdopt.c(450): warning:  #223-D: function "fileopt_get_work_id" declared implicitly
..\APP\lcdopt.c(503): warning:  #223-D: function "fileopt_get_water_rate" declared implicitly
..\APP\lcdopt.c(520): warning:  #174-D: expression has no effect
..\APP\lcdopt.c(535): warning:  #223-D: function "strcmp" declared implicitly
..\APP\lcdopt.c(537): warning:  #167-D: argument of type "unsigned char *" is incompatible with parameter of type "char *"
..\APP\lcdopt.c(537): warning:  #167-D: argument of type "unsigned char *" is incompatible with parameter of type "char *"
..\APP\lcdopt.c(543): warning:  #223-D: function "fileopt_get_work_id" declared implicitly
..\APP\lcdopt.c(526): warning:  #177-D: variable "ret" was declared but never referenced
..\APP\lcdopt.c(563): warning:  #223-D: function "strcmp" declared implicitly
..\APP\lcdopt.c(565): warning:  #223-D: function "fileopt_reapply_card_by_work_id" declared implicitly
..\APP\lcdopt.c(595): warning:  #223-D: function "fileopt_find_worker_msg_by_workid" declared implicitly
..\APP\lcdopt.c(598): warning:  #167-D: argument of type "char *" is incompatible with parameter of type "unsigned char *"
..\APP\lcdopt.c(617): warning:  #223-D: function "fileopt_find_worker_msg_by_workid" declared implicitly
..\APP\lcdopt.c(619): warning:  #167-D: argument of type "char *" is incompatible with parameter of type "unsigned char *"
..\APP\lcdopt.c(620): warning:  #167-D: argument of type "char *" is incompatible with parameter of type "unsigned char *"
..\APP\lcdopt.c(637): warning:  #167-D: argument of type "unsigned char *" is incompatible with parameter of type "char *"
..\APP\lcdopt.c(665): warning:  #167-D: argument of type "char *" is incompatible with parameter of type "unsigned char *"
..\APP\lcdopt.c(668): warning:  #223-D: function "fileopt_add_goods" declared implicitly
..\APP\lcdopt.c(729): warning:  #167-D: argument of type "char *" is incompatible with parameter of type "unsigned char *"
..\APP\lcdopt.c(730): warning:  #223-D: function "fileopt_del_goods" declared implicitly
..\APP\lcdopt.c(731): warning:  #223-D: function "strcmp" declared implicitly
..\APP\lcdopt.c(732): warning:  #223-D: function "strcpy" declared implicitly
..\APP\lcdopt.c(788): warning:  #223-D: function "strcpy" declared implicitly
..\APP\lcdopt.c(790): warning:  #223-D: function "strcpy" declared implicitly
..\APP\lcdopt.c(774): warning:  #177-D: variable "len" was declared but never referenced
..\APP\lcdopt.c(824): warning:  #223-D: function "fileopt_get_passwd" declared implicitly
..\APP\lcdopt.c(826): warning:  #223-D: function "strcmp" declared implicitly
..\APP\lcdopt.c(829): warning:  #223-D: function "fileopt_get_water_rate" declared implicitly
..\APP\lcdopt.c(856): warning:  #223-D: function "fileopt_set_water_rate" declared implicitly
..\APP\lcdopt.c(953): warning:  #223-D: function "strcmp" declared implicitly
..\APP\lcdopt.c(960): warning:  #223-D: function "fileopt_get_passwd" declared implicitly
..\APP\lcdopt.c(967): warning:  #223-D: function "fileopt_set_passwd" declared implicitly
..\APP\lcdopt.c(979): warning:  #223-D: function "fileopt_set_passwd" declared implicitly
..\APP\lcdopt.c(1006): warning:  #223-D: function "ReadCardId" declared implicitly
..\APP\lcdopt.c(1008): warning:  #223-D: function "strcpy" declared implicitly
..\APP\lcdopt.c(1013): warning:  #167-D: argument of type "char *" is incompatible with parameter of type "unsigned char *"
..\APP\lcdopt.c(1023): warning:  #167-D: argument of type "char *" is incompatible with parameter of type "unsigned char *"
..\APP\lcdopt.c(1024): warning:  #223-D: function "fileopt_find_worker_msg_by_cardid" declared implicitly
..\APP\lcdopt.c(1027): warning:  #223-D: function "atoi" declared implicitly
..\APP\lcdopt.c(1028): warning:  #167-D: argument of type "char *" is incompatible with parameter of type "unsigned char *"
..\APP\lcdopt.c(1046): warning:  #223-D: function "fileopt_find_worker_msg_by_cardid" declared implicitly
..\APP\lcdopt.c(1047): warning:  #223-D: function "atoi" declared implicitly
..\APP\lcdopt.c(1048): warning:  #167-D: argument of type "char *" is incompatible with parameter of type "unsigned char *"
..\APP\lcdopt.c(1055): warning:  #167-D: argument of type "char *" is incompatible with parameter of type "unsigned char *"
..\APP\lcdopt.c(1078): warning:  #223-D: function "Read_Weight_Val" declared implicitly
..\APP\lcdopt.c(1092): warning:  #550-D: variable "class" was set but never used
..\APP\lcdopt.c(1093): warning:  #550-D: variable "Msg_Vall" was set but never used
..\APP\lcdopt.c(1114): warning:  #223-D: function "fileopt_get_work_id" declared implicitly
..\APP\lcdopt.c(1116): warning:  #223-D: function "Weight_QuPi" declared implicitly
..\APP\lcdopt.c(1119): warning:  #223-D: function "fileopt_get_water_rate" declared implicitly
..\APP\lcdopt.c(1120): warning:  #223-D: function "strcpy" declared implicitly
linking...
Program Size: Code=65038 RO-data=176522 RW-data=1008 ZI-data=57760  
FromELF: creating hex file...
"..\OBJ\UCOSII-1.axf" - 0 Error(s), 66 Warning(s).
Load "..\\OBJ\\UCOSII-1.AXF" 
* JLink Info: Device "STM32F103VE" selected (512 KB flash, 64 KB RAM).
Set JLink Project File to "E:\工程\智能称\SmartScale\USER\JLinkSettings.ini"
 
JLink info:
------------
DLL: V4.36l, compiled Dec  2 2011 18:52:36
Firmware: J-Link ARM V8 compiled Nov 25 2013 19:20:08
Hardware: V8.00
S/N : 99999994 
Feature(s) : RDI,FlashDL,FlashBP,JFlash,GDBFULL 
 
* JLink Info: Found SWD-DP with ID 0x1BA01477
* JLink Info: TPIU fitted.
* JLink Info: ETM fitted.
* JLink Info:   FPUnit: 6 code (BP) slots and 2 literal slots
* JLink Info: Found Cortex-M3 r1p1, Little endian.
ROMTableAddr = 0xE00FF003
* JLink Info: Found SWD-DP with ID 0x1BA01477
* JLink Info: TPIU fitted.
* JLink Info: ETM fitted.
* JLink Info:   FPUnit: 6 code (BP) slots and 2 literal slots
* JLink Info: Found Cortex-M3 r1p1, Little endian.
 
Target info:
------------
Device: STM32F103VE
VTarget = 3.358V
State of Pins: 
TCK: 0, TDI: 1, TDO: 1, TMS: 1, TRES: 1, TRST: 1
Hardware-Breakpoints: 6
Software-Breakpoints: 8192
Watchpoints:          4
JTAG speed: 4000 kHz
 
Erase Done.
Programming Done.
Verify OK.
* JLink Info: Found SWD-DP with ID 0x1BA01477
* JLink Info: TPIU fitted.
* JLink Info: ETM fitted.
* JLink Info:   FPUnit: 6 code (BP) slots and 2 literal slots
* JLink Info: Found Cortex-M3 r1p1, Little endian.
Application running ...
Build target 'Target 1'
compiling lcdopt.c...
..\HARDWARE\RTC\rtc.h(30): warning:  #1295-D: Deprecated declaration RTC_GET_COUNT - give arg types
..\APP\lcdopt.c(141): warning:  #223-D: function "fileopt_get_goods_list" declared implicitly
..\APP\lcdopt.c(149): warning:  #167-D: argument of type "char *" is incompatible with parameter of type "unsigned char *"
..\APP\lcdopt.c(161): warning:  #223-D: function "fileopt_get_goods_list" declared implicitly
..\APP\lcdopt.c(169): warning:  #167-D: argument of type "char *" is incompatible with parameter of type "unsigned char *"
..\APP\lcdopt.c(300): warning:  #223-D: function "Weight_QuPi" declared implicitly
..\APP\lcdopt.c(333): warning:  #223-D: function "fileopt_find_worker_msg_by_workid" declared implicitly
..\APP\lcdopt.c(336): warning:  #167-D: argument of type "char *" is incompatible with parameter of type "unsigned char *"
..\APP\lcdopt.c(353): warning:  #223-D: function "strlen" declared implicitly
..\APP\lcdopt.c(381): warning:  #167-D: argument of type "char *" is incompatible with parameter of type "unsigned char *"
..\APP\lcdopt.c(383): warning:  #223-D: function "strcpy" declared implicitly
..\APP\lcdopt.c(415): warning:  #223-D: function "fileopt_get_passwd" declared implicitly
..\APP\lcdopt.c(419): warning:  #167-D: argument of type "char *" is incompatible with parameter of type "unsigned char *"
..\APP\lcdopt.c(421): warning:  #223-D: function "strcmp" declared implicitly
..\APP\lcdopt.c(443): warning:  #167-D: argument of type "char *" is incompatible with parameter of type "unsigned char *"
..\APP\lcdopt.c(451): warning:  #223-D: function "fileopt_get_work_id" declared implicitly
..\APP\lcdopt.c(504): warning:  #223-D: function "fileopt_get_water_rate" declared implicitly
..\APP\lcdopt.c(521): warning:  #174-D: expression has no effect
..\APP\lcdopt.c(536): warning:  #223-D: function "strcmp" declared implicitly
..\APP\lcdopt.c(538): warning:  #167-D: argument of type "unsigned char *" is incompatible with parameter of type "char *"
..\APP\lcdopt.c(538): warning:  #167-D: argument of type "unsigned char *" is incompatible with parameter of type "char *"
..\APP\lcdopt.c(544): warning:  #223-D: function "fileopt_get_work_id" declared implicitly
..\APP\lcdopt.c(527): warning:  #177-D: variable "ret" was declared but never referenced
..\APP\lcdopt.c(564): warning:  #223-D: function "strcmp" declared implicitly
..\APP\lcdopt.c(566): warning:  #223-D: function "fileopt_reapply_card_by_work_id" declared implicitly
..\APP\lcdopt.c(596): warning:  #223-D: function "fileopt_find_worker_msg_by_workid" declared implicitly
..\APP\lcdopt.c(599): warning:  #167-D: argument of type "char *" is incompatible with parameter of type "unsigned char *"
..\APP\lcdopt.c(618): warning:  #223-D: function "fileopt_find_worker_msg_by_workid" declared implicitly
..\APP\lcdopt.c(620): warning:  #167-D: argument of type "char *" is incompatible with parameter of type "unsigned char *"
..\APP\lcdopt.c(621): warning:  #167-D: argument of type "char *" is incompatible with parameter of type "unsigned char *"
..\APP\lcdopt.c(638): warning:  #167-D: argument of type "unsigned char *" is incompatible with parameter of type "char *"
..\APP\lcdopt.c(666): warning:  #167-D: argument of type "char *" is incompatible with parameter of type "unsigned char *"
..\APP\lcdopt.c(669): warning:  #223-D: function "fileopt_add_goods" declared implicitly
..\APP\lcdopt.c(730): warning:  #167-D: argument of type "char *" is incompatible with parameter of type "unsigned char *"
..\APP\lcdopt.c(731): warning:  #223-D: function "fileopt_del_goods" declared implicitly
..\APP\lcdopt.c(732): warning:  #223-D: function "strcmp" declared implicitly
..\APP\lcdopt.c(733): warning:  #223-D: function "strcpy" declared implicitly
..\APP\lcdopt.c(789): warning:  #223-D: function "strcpy" declared implicitly
..\APP\lcdopt.c(791): warning:  #223-D: function "strcpy" declared implicitly
..\APP\lcdopt.c(775): warning:  #177-D: variable "len" was declared but never referenced
..\APP\lcdopt.c(825): warning:  #223-D: function "fileopt_get_passwd" declared implicitly
..\APP\lcdopt.c(827): warning:  #223-D: function "strcmp" declared implicitly
..\APP\lcdopt.c(830): warning:  #223-D: function "fileopt_get_water_rate" declared implicitly
..\APP\lcdopt.c(857): warning:  #223-D: function "fileopt_set_water_rate" declared implicitly
..\APP\lcdopt.c(954): warning:  #223-D: function "strcmp" declared implicitly
..\APP\lcdopt.c(961): warning:  #223-D: function "fileopt_get_passwd" declared implicitly
..\APP\lcdopt.c(968): warning:  #223-D: function "fileopt_set_passwd" declared implicitly
..\APP\lcdopt.c(980): warning:  #223-D: function "fileopt_set_passwd" declared implicitly
..\APP\lcdopt.c(1007): warning:  #223-D: function "ReadCardId" declared implicitly
..\APP\lcdopt.c(1009): warning:  #223-D: function "strcpy" declared implicitly
..\APP\lcdopt.c(1014): warning:  #167-D: argument of type "char *" is incompatible with parameter of type "unsigned char *"
..\APP\lcdopt.c(1024): warning:  #167-D: argument of type "char *" is incompatible with parameter of type "unsigned char *"
..\APP\lcdopt.c(1025): warning:  #223-D: function "fileopt_find_worker_msg_by_cardid" declared implicitly
..\APP\lcdopt.c(1028): warning:  #223-D: function "atoi" declared implicitly
..\APP\lcdopt.c(1029): warning:  #167-D: argument of type "char *" is incompatible with parameter of type "unsigned char *"
..\APP\lcdopt.c(1047): warning:  #223-D: function "fileopt_find_worker_msg_by_cardid" declared implicitly
..\APP\lcdopt.c(1048): warning:  #223-D: function "atoi" declared implicitly
..\APP\lcdopt.c(1050): warning:  #167-D: argument of type "char *" is incompatible with parameter of type "unsigned char *"
..\APP\lcdopt.c(1061): warning:  #167-D: argument of type "char *" is incompatible with parameter of type "unsigned char *"
..\APP\lcdopt.c(1084): warning:  #223-D: function "Read_Weight_Val" declared implicitly
..\APP\lcdopt.c(1098): warning:  #550-D: variable "class" was set but never used
..\APP\lcdopt.c(1099): warning:  #550-D: variable "Msg_Vall" was set but never used
..\APP\lcdopt.c(1120): warning:  #223-D: function "fileopt_get_work_id" declared implicitly
..\APP\lcdopt.c(1122): warning:  #223-D: function "Weight_QuPi" declared implicitly
..\APP\lcdopt.c(1125): warning:  #223-D: function "fileopt_get_water_rate" declared implicitly
..\APP\lcdopt.c(1126): warning:  #223-D: function "strcpy" declared implicitly
linking...
Program Size: Code=65078 RO-data=176522 RW-data=1008 ZI-data=57760  
FromELF: creating hex file...
"..\OBJ\UCOSII-1.axf" - 0 Error(s), 66 Warning(s).
Load "..\\OBJ\\UCOSII-1.AXF" 
* JLink Info: Device "STM32F103VE" selected (512 KB flash, 64 KB RAM).
Set JLink Project File to "E:\工程\智能称\SmartScale\USER\JLinkSettings.ini"
 
JLink info:
------------
DLL: V4.36l, compiled Dec  2 2011 18:52:36
Firmware: J-Link ARM V8 compiled Nov 25 2013 19:20:08
Hardware: V8.00
S/N : 99999994 
Feature(s) : RDI,FlashDL,FlashBP,JFlash,GDBFULL 
 
* JLink Info: Found SWD-DP with ID 0x1BA01477
* JLink Info: TPIU fitted.
* JLink Info: ETM fitted.
* JLink Info:   FPUnit: 6 code (BP) slots and 2 literal slots
* JLink Info: Found Cortex-M3 r1p1, Little endian.
ROMTableAddr = 0xE00FF003
* JLink Info: Found SWD-DP with ID 0x1BA01477
* JLink Info: TPIU fitted.
* JLink Info: ETM fitted.
* JLink Info:   FPUnit: 6 code (BP) slots and 2 literal slots
* JLink Info: Found Cortex-M3 r1p1, Little endian.
 
Target info:
------------
Device: STM32F103VE
VTarget = 3.358V
State of Pins: 
TCK: 0, TDI: 1, TDO: 1, TMS: 1, TRES: 1, TRST: 1
Hardware-Breakpoints: 6
Software-Breakpoints: 8192
Watchpoints:          4
JTAG speed: 4000 kHz
 
Erase Done.
Programming Done.
Verify OK.
* JLink Info: Found SWD-DP with ID 0x1BA01477
* JLink Info: TPIU fitted.
* JLink Info: ETM fitted.
* JLink Info:   FPUnit: 6 code (BP) slots and 2 literal slots
* JLink Info: Found Cortex-M3 r1p1, Little endian.
Application running ...
