<html>
<body>
<pre>
<h1>礦ision Build Log</h1>
<h2>Project:</h2>
E:\工程\智能称\SmartScale\USER\SMARTBALANCE.uvproj
Project File Date:  01/31/2016

<h2>Output:</h2>
Build target 'Target 1'
compiling lcdopt.c...
..\HARDWARE\RTC\rtc.h(30): warning:  #1295-D: Deprecated declaration RTC_GET_COUNT - give arg types
..\APP\lcdopt.c(139): warning:  #223-D: function "fileopt_get_goods_list" declared implicitly
..\APP\lcdopt.c(147): warning:  #167-D: argument of type "char *" is incompatible with parameter of type "unsigned char *"
..\APP\lcdopt.c(159): warning:  #223-D: function "fileopt_get_goods_list" declared implicitly
..\APP\lcdopt.c(167): warning:  #167-D: argument of type "char *" is incompatible with parameter of type "unsigned char *"
..\APP\lcdopt.c(298): warning:  #223-D: function "Weight_QuPi" declared implicitly
..\APP\lcdopt.c(329): warning:  #223-D: function "strlen" declared implicitly
..\APP\lcdopt.c(357): warning:  #167-D: argument of type "char *" is incompatible with parameter of type "unsigned char *"
..\APP\lcdopt.c(359): warning:  #223-D: function "strcpy" declared implicitly
..\APP\lcdopt.c(391): warning:  #223-D: function "fileopt_get_passwd" declared implicitly
..\APP\lcdopt.c(395): warning:  #167-D: argument of type "char *" is incompatible with parameter of type "unsigned char *"
..\APP\lcdopt.c(397): warning:  #223-D: function "strcmp" declared implicitly
..\APP\lcdopt.c(419): warning:  #167-D: argument of type "char *" is incompatible with parameter of type "unsigned char *"
..\APP\lcdopt.c(427): warning:  #223-D: function "fileopt_get_work_id" declared implicitly
..\APP\lcdopt.c(480): warning:  #223-D: function "fileopt_get_water_rate" declared implicitly
..\APP\lcdopt.c(497): warning:  #174-D: expression has no effect
..\APP\lcdopt.c(512): warning:  #223-D: function "strcmp" declared implicitly
..\APP\lcdopt.c(514): warning:  #167-D: argument of type "unsigned char *" is incompatible with parameter of type "char *"
..\APP\lcdopt.c(514): warning:  #167-D: argument of type "unsigned char *" is incompatible with parameter of type "char *"
..\APP\lcdopt.c(520): warning:  #223-D: function "fileopt_get_work_id" declared implicitly
..\APP\lcdopt.c(503): warning:  #177-D: variable "ret" was declared but never referenced
..\APP\lcdopt.c(540): warning:  #223-D: function "strcmp" declared implicitly
..\APP\lcdopt.c(542): warning:  #223-D: function "fileopt_reapply_card_by_work_id" declared implicitly
..\APP\lcdopt.c(572): warning:  #223-D: function "fileopt_find_worker_msg_by_workid" declared implicitly
..\APP\lcdopt.c(575): warning:  #167-D: argument of type "char *" is incompatible with parameter of type "unsigned char *"
..\APP\lcdopt.c(594): warning:  #223-D: function "fileopt_find_worker_msg_by_workid" declared implicitly
..\APP\lcdopt.c(596): warning:  #167-D: argument of type "char *" is incompatible with parameter of type "unsigned char *"
..\APP\lcdopt.c(597): warning:  #167-D: argument of type "char *" is incompatible with parameter of type "unsigned char *"
..\APP\lcdopt.c(614): warning:  #167-D: argument of type "unsigned char *" is incompatible with parameter of type "char *"
..\APP\lcdopt.c(642): warning:  #167-D: argument of type "char *" is incompatible with parameter of type "unsigned char *"
..\APP\lcdopt.c(645): warning:  #223-D: function "fileopt_add_goods" declared implicitly
..\APP\lcdopt.c(706): warning:  #167-D: argument of type "char *" is incompatible with parameter of type "unsigned char *"
..\APP\lcdopt.c(707): warning:  #223-D: function "fileopt_del_goods" declared implicitly
..\APP\lcdopt.c(708): warning:  #223-D: function "strcmp" declared implicitly
..\APP\lcdopt.c(709): warning:  #223-D: function "strcpy" declared implicitly
..\APP\lcdopt.c(765): warning:  #223-D: function "strcpy" declared implicitly
..\APP\lcdopt.c(767): warning:  #223-D: function "strcpy" declared implicitly
..\APP\lcdopt.c(751): warning:  #177-D: variable "len" was declared but never referenced
..\APP\lcdopt.c(801): warning:  #223-D: function "fileopt_get_passwd" declared implicitly
..\APP\lcdopt.c(803): warning:  #223-D: function "strcmp" declared implicitly
..\APP\lcdopt.c(806): warning:  #223-D: function "fileopt_get_water_rate" declared implicitly
..\APP\lcdopt.c(833): warning:  #223-D: function "fileopt_set_water_rate" declared implicitly
..\APP\lcdopt.c(930): warning:  #223-D: function "strcmp" declared implicitly
..\APP\lcdopt.c(937): warning:  #223-D: function "fileopt_get_passwd" declared implicitly
..\APP\lcdopt.c(944): warning:  #223-D: function "fileopt_set_passwd" declared implicitly
..\APP\lcdopt.c(956): warning:  #223-D: function "fileopt_set_passwd" declared implicitly
..\APP\lcdopt.c(983): warning:  #223-D: function "ReadCardId" declared implicitly
..\APP\lcdopt.c(985): warning:  #223-D: function "strcpy" declared implicitly
..\APP\lcdopt.c(990): warning:  #167-D: argument of type "char *" is incompatible with parameter of type "unsigned char *"
..\APP\lcdopt.c(1000): warning:  #167-D: argument of type "char *" is incompatible with parameter of type "unsigned char *"
..\APP\lcdopt.c(1001): warning:  #223-D: function "fileopt_find_worker_msg_by_cardid" declared implicitly
..\APP\lcdopt.c(1004): warning:  #223-D: function "atoi" declared implicitly
..\APP\lcdopt.c(1005): warning:  #167-D: argument of type "char *" is incompatible with parameter of type "unsigned char *"
..\APP\lcdopt.c(1022): warning:  #167-D: argument of type "char *" is incompatible with parameter of type "unsigned char *"
..\APP\lcdopt.c(1027): warning:  #167-D: argument of type "char *" is incompatible with parameter of type "unsigned char *"
..\APP\lcdopt.c(1050): warning:  #223-D: function "Read_Weight_Val" declared implicitly
..\APP\lcdopt.c(1064): warning:  #550-D: variable "class" was set but never used
..\APP\lcdopt.c(1065): warning:  #550-D: variable "Msg_Vall" was set but never used
..\APP\lcdopt.c(1086): warning:  #223-D: function "fileopt_get_work_id" declared implicitly
..\APP\lcdopt.c(1088): warning:  #223-D: function "Weight_QuPi" declared implicitly
..\APP\lcdopt.c(1091): warning:  #223-D: function "fileopt_get_water_rate" declared implicitly
..\APP\lcdopt.c(1092): warning:  #223-D: function "strcpy" declared implicitly
compiling CH376_api.c...
linking...
Program Size: Code=64882 RO-data=176522 RW-data=1000 ZI-data=57760  
FromELF: creating hex file...
"..\OBJ\UCOSII-1.axf" - 0 Error(s), 62 Warning(s).
Load "..\\OBJ\\UCOSII-1.AXF" 
* JLink Info: Device "STM32F103VE" selected (512 KB flash, 64 KB RAM).
Set JLink Project File to "E:\工程\智能称\SmartScale\USER\JLinkSettings.ini"
 
JLink info:
------------
DLL: V4.36l, compiled Dec  2 2011 18:52:36
Firmware: J-Link ARM V8 compiled Nov 25 2013 19:20:08
Hardware: V8.00
S/N : 99999994 
Feature(s) : RDI,FlashDL,FlashBP,JFlash,GDBFULL 
 
* JLink Info: Found SWD-DP with ID 0x1BA01477
* JLink Info: TPIU fitted.
* JLink Info: ETM fitted.
* JLink Info:   FPUnit: 6 code (BP) slots and 2 literal slots
* JLink Info: Found Cortex-M3 r1p1, Little endian.
ROMTableAddr = 0xE00FF003
* JLink Info: Found SWD-DP with ID 0x1BA01477
* JLink Info: TPIU fitted.
* JLink Info: ETM fitted.
* JLink Info:   FPUnit: 6 code (BP) slots and 2 literal slots
* JLink Info: Found Cortex-M3 r1p1, Little endian.
 
Target info:
------------
Device: STM32F103VE
VTarget = 3.358V
State of Pins: 
TCK: 0, TDI: 1, TDO: 1, TMS: 1, TRES: 1, TRST: 1
Hardware-Breakpoints: 6
Software-Breakpoints: 8192
Watchpoints:          4
JTAG speed: 4000 kHz
 
Erase Done.
Programming Done.
Verify OK.
* JLink Info: Found SWD-DP with ID 0x1BA01477
* JLink Info: TPIU fitted.
* JLink Info: ETM fitted.
* JLink Info:   FPUnit: 6 code (BP) slots and 2 literal slots
* JLink Info: Found Cortex-M3 r1p1, Little endian.
Application running ...
