ARM Linker, 4.1 [Build 894] [Standard]

==============================================================================

Section Cross References

    main.o(.text) refers to ch376_api.o(.text) for InitUSB
    main.o(.text) refers to sys.o(.text) for NVIC_Configuration
    main.o(.text) refers to delay.o(.text) for delay_init
    main.o(.text) refers to usart.o(.text) for uart_printer_init
    main.o(.text) refers to rc522.o(.text) for InitRfid
    main.o(.text) refers to flash.o(.text) for SPI_Flash_Init
    main.o(.text) refers to malloc.o(.text) for mem_init
    main.o(.text) refers to exfuns.o(.text) for exfuns_init
    main.o(.text) refers to rtc.o(.text) for RTC_Init
    main.o(.text) refers to ff.o(.text) for f_mount
    main.o(.text) refers to lcdopt.o(.text) for lcdopt_init
    main.o(.text) refers to fileopt.o(.text) for fileopt_init
    main.o(.text) refers to os_cpu_a.o(.text) for OS_CPU_SR_Save
    main.o(.text) refers to os_task.o(.text) for OSTaskCreate
    main.o(.text) refers to os_core.o(.text) for OSInit
    main.o(.text) refers to exfuns.o(.data) for fs
    main.o(.text) refers to main.o(.bss) for MAIN_TASK_STK
    stm32f10x_it.o(.text) refers to stm32f10x_dma.o(.text) for DMA_GetITStatus
    system_stm32f10x.o(.text) refers to system_stm32f10x.o(.data) for SystemCoreClock
    spi.o(.text) refers to stm32f10x_spi.o(.text) for SPI_I2S_GetFlagStatus
    spi.o(.text) refers to stm32f10x_rcc.o(.text) for RCC_APB2PeriphClockCmd
    spi.o(.text) refers to stm32f10x_gpio.o(.text) for GPIO_Init
    spi.o(.text) refers to spi.o(.bss) for SPI_InitStructure
    flash.o(.text) refers to spi.o(.text) for SPI1_ReadWriteByte
    flash.o(.text) refers to stm32f10x_rcc.o(.text) for RCC_APB2PeriphClockCmd
    flash.o(.text) refers to stm32f10x_gpio.o(.text) for GPIO_Init
    flash.o(.text) refers to delay.o(.text) for delay_us
    flash.o(.text) refers to flash.o(.data) for SPI_FLASH_TYPE
    flash.o(.text) refers to flash.o(.bss) for SPI_FLASH_BUF
    mmc_sd.o(.text) refers to spi.o(.text) for SPI1_ReadWriteByte
    mmc_sd.o(.text) refers to stm32f10x_rcc.o(.text) for RCC_APB2PeriphClockCmd
    mmc_sd.o(.text) refers to stm32f10x_gpio.o(.text) for GPIO_Init
    mmc_sd.o(.text) refers to mmc_sd.o(.data) for SD_Type
    rc522.o(.text) refers to stm32f10x_gpio.o(.text) for GPIO_ResetBits
    rc522.o(.text) refers to rt_memclr_w.o(.text) for __aeabi_memclr4
    rc522.o(.text) refers to delay.o(.text) for delay_us
    rc522.o(.text) refers to spi.o(.text) for Myspi_Init
    rc522.o(.text) refers to util.o(.text) for my_itoa
    rc522.o(.text) refers to strcat.o(.text) for strcat
    hx711.o(.text) refers to stm32f10x_gpio.o(.text) for GPIO_Init
    hx711.o(.text) refers to delay.o(.text) for delay_us
    hx711.o(.text) refers to fflt_clz.o(x$fpl$ffltu) for __aeabi_ui2f
    hx711.o(.text) refers to f2d.o(x$fpl$f2d) for __aeabi_f2d
    hx711.o(.text) refers to dmul.o(x$fpl$dmul) for __aeabi_dmul
    hx711.o(.text) refers to d2f.o(x$fpl$d2f) for __aeabi_d2f
    hx711.o(.text) refers to fdiv.o(x$fpl$fdiv) for __aeabi_fdiv
    hx711.o(.text) refers to fleqf.o(x$fpl$fleqf) for __aeabi_cfcmple
    hx711.o(.text) refers to faddsub_clz.o(x$fpl$frsb) for __aeabi_frsub
    hx711.o(.text) refers to daddsub_clz.o(x$fpl$dadd) for __aeabi_dadd
    rtc.o(.text) refers to misc.o(.text) for NVIC_Init
    rtc.o(.text) refers to stm32f10x_rtc.o(.text) for RTC_GetCounter
    rtc.o(.text) refers to stm32f10x_rcc.o(.text) for RCC_APB1PeriphClockCmd
    rtc.o(.text) refers to stm32f10x_pwr.o(.text) for PWR_BackupAccessCmd
    rtc.o(.text) refers to stm32f10x_bkp.o(.text) for BKP_ReadBackupRegister
    rtc.o(.text) refers to delay.o(.text) for delay_ms
    rtc.o(.text) refers to rtc.o(.constdata) for table_week
    rtc.o(.text) refers to rtc.o(.data) for daycnt
    rtc.o(.text) refers to rtc.o(.bss) for calendar
    ch376_spi.o(.text) refers to delay.o(.text) for delay_us
    file_sys.o(.text) refers to ch376_spi.o(.text) for xWriteCH376Cmd
    file_sys.o(.text) refers to delay.o(.text) for delay_ms
    delay.o(.text) refers to os_core.o(.text) for OSIntEnter
    delay.o(.text) refers to misc.o(.text) for SysTick_CLKSourceConfig
    delay.o(.text) refers to os_time.o(.text) for OSTimeDly
    delay.o(.text) refers to system_stm32f10x.o(.data) for SystemCoreClock
    delay.o(.text) refers to delay.o(.data) for fac_us
    delay.o(.text) refers to os_core.o(.data) for OSRunning
    sys.o(.text) refers to misc.o(.text) for NVIC_PriorityGroupConfig
    usart.o(.text) refers (Special) to use_no_semi_2.o(.text) for __use_no_semihosting
    usart.o(.text) refers to os_core.o(.text) for OSIntEnter
    usart.o(.text) refers to stm32f10x_usart.o(.text) for USART_GetITStatus
    usart.o(.text) refers to stm32f10x_rcc.o(.text) for RCC_APB2PeriphClockCmd
    usart.o(.text) refers to stm32f10x_gpio.o(.text) for GPIO_Init
    usart.o(.text) refers to misc.o(.text) for NVIC_Init
    usart.o(.text) refers to stm32f10x_dma.o(.text) for DMA_DeInit
[...]
    DMA2_Channel2_IRQHandler                 0x08003103   Thumb Code     0  startup_stm32f10x_hd.o(.text)
    DMA2_Channel3_IRQHandler                 0x08003103   Thumb Code     0  startup_stm32f10x_hd.o(.text)
    DMA2_Channel4_5_IRQHandler               0x08003103   Thumb Code     0  startup_stm32f10x_hd.o(.text)
    EXTI0_IRQHandler                         0x08003103   Thumb Code     0  startup_stm32f10x_hd.o(.text)
    EXTI15_10_IRQHandler                     0x08003103   Thumb Code     0  startup_stm32f10x_hd.o(.text)
    EXTI1_IRQHandler                         0x08003103   Thumb Code     0  startup_stm32f10x_hd.o(.text)
    EXTI2_IRQHandler                         0x08003103   Thumb Code     0  startup_stm32f10x_hd.o(.text)
    EXTI3_IRQHandler                         0x08003103   Thumb Code     0  startup_stm32f10x_hd.o(.text)
    EXTI4_IRQHandler                         0x08003103   Thumb Code     0  startup_stm32f10x_hd.o(.text)
    EXTI9_5_IRQHandler                       0x08003103   Thumb Code     0  startup_stm32f10x_hd.o(.text)
    FLASH_IRQHandler                         0x08003103   Thumb Code     0  startup_stm32f10x_hd.o(.text)
    FSMC_IRQHandler                          0x08003103   Thumb Code     0  startup_stm32f10x_hd.o(.text)
    I2C1_ER_IRQHandler                       0x08003103   Thumb Code     0  startup_stm32f10x_hd.o(.text)
    I2C1_EV_IRQHandler                       0x08003103   Thumb Code     0  startup_stm32f10x_hd.o(.text)
    I2C2_ER_IRQHandler                       0x08003103   Thumb Code     0  startup_stm32f10x_hd.o(.text)
    I2C2_EV_IRQHandler                       0x08003103   Thumb Code     0  startup_stm32f10x_hd.o(.text)
    PVD_IRQHandler                           0x08003103   Thumb Code     0  startup_stm32f10x_hd.o(.text)
    RCC_IRQHandler                           0x08003103   Thumb Code     0  startup_stm32f10x_hd.o(.text)
    RTCAlarm_IRQHandler                      0x08003103   Thumb Code     0  startup_stm32f10x_hd.o(.text)
    SDIO_IRQHandler                          0x08003103   Thumb Code     0  startup_stm32f10x_hd.o(.text)
    SPI1_IRQHandler                          0x08003103   Thumb Code     0  startup_stm32f10x_hd.o(.text)
    SPI2_IRQHandler                          0x08003103   Thumb Code     0  startup_stm32f10x_hd.o(.text)
    SPI3_IRQHandler                          0x08003103   Thumb Code     0  startup_stm32f10x_hd.o(.text)
    TAMPER_IRQHandler                        0x08003103   Thumb Code     0  startup_stm32f10x_hd.o(.text)
    TIM1_BRK_IRQHandler                      0x08003103   Thumb Code     0  startup_stm32f10x_hd.o(.text)
    TIM1_CC_IRQHandler                       0x08003103   Thumb Code     0  startup_stm32f10x_hd.o(.text)
    TIM1_TRG_COM_IRQHandler                  0x08003103   Thumb Code     0  startup_stm32f10x_hd.o(.text)
    TIM1_UP_IRQHandler                       0x08003103   Thumb Code     0  startup_stm32f10x_hd.o(.text)
    TIM2_IRQHandler                          0x08003103   Thumb Code     0  startup_stm32f10x_hd.o(.text)
    TIM3_IRQHandler                          0x08003103   Thumb Code     0  startup_stm32f10x_hd.o(.text)
    TIM4_IRQHandler                          0x08003103   Thumb Code     0  startup_stm32f10x_hd.o(.text)
    TIM5_IRQHandler                          0x08003103   Thumb Code     0  startup_stm32f10x_hd.o(.text)
    TIM6_IRQHandler                          0x08003103   Thumb Code     0  startup_stm32f10x_hd.o(.text)
    TIM7_IRQHandler                          0x08003103   Thumb Code     0  startup_stm32f10x_hd.o(.text)
    TIM8_BRK_IRQHandler                      0x08003103   Thumb Code     0  startup_stm32f10x_hd.o(.text)
    TIM8_CC_IRQHandler                       0x08003103   Thumb Code     0  startup_stm32f10x_hd.o(.text)
    TIM8_TRG_COM_IRQHandler                  0x08003103   Thumb Code     0  startup_stm32f10x_hd.o(.text)
    TIM8_UP_IRQHandler                       0x08003103   Thumb Code     0  startup_stm32f10x_hd.o(.text)
    UART4_IRQHandler                         0x08003103   Thumb Code     0  startup_stm32f10x_hd.o(.text)
    UART5_IRQHandler                         0x08003103   Thumb Code     0  startup_stm32f10x_hd.o(.text)
    USART1_IRQHandler                        0x08003103   Thumb Code     0  startup_stm32f10x_hd.o(.text)
    USART3_IRQHandler                        0x08003103   Thumb Code     0  startup_stm32f10x_hd.o(.text)
    USBWakeUp_IRQHandler                     0x08003103   Thumb Code     0  startup_stm32f10x_hd.o(.text)
    USB_HP_CAN1_TX_IRQHandler                0x08003103   Thumb Code     0  startup_stm32f10x_hd.o(.text)
    USB_LP_CAN1_RX0_IRQHandler               0x08003103   Thumb Code     0  startup_stm32f10x_hd.o(.text)
    WWDG_IRQHandler                          0x08003103   Thumb Code     0  startup_stm32f10x_hd.o(.text)
    __user_initial_stackheap                 0x08003105   Thumb Code     0  startup_stm32f10x_hd.o(.text)
    GPIO_DeInit                              0x08003129   Thumb Code   172  stm32f10x_gpio.o(.text)
    GPIO_AFIODeInit                          0x080031d5   Thumb Code    20  stm32f10x_gpio.o(.text)
    GPIO_Init                                0x080031e9   Thumb Code   274  stm32f10x_gpio.o(.text)
    GPIO_StructInit                          0x080032fb   Thumb Code    16  stm32f10x_gpio.o(.text)
    GPIO_ReadInputDataBit                    0x0800330b   Thumb Code    18  stm32f10x_gpio.o(.text)
    GPIO_ReadInputData                       0x0800331d   Thumb Code     8  stm32f10x_gpio.o(.text)
    GPIO_ReadOutputDataBit                   0x08003325   Thumb Code    18  stm32f10x_gpio.o(.text)
    GPIO_ReadOutputData                      0x08003337   Thumb Code     8  stm32f10x_gpio.o(.text)
    GPIO_SetBits                             0x0800333f   Thumb Code     4  stm32f10x_gpio.o(.text)
    GPIO_ResetBits                           0x08003343   Thumb Code     4  stm32f10x_gpio.o(.text)
    GPIO_WriteBit                            0x08003347   Thumb Code    10  stm32f10x_gpio.o(.text)
    GPIO_Write                               0x08003351   Thumb Code     4  stm32f10x_gpio.o(.text)
    GPIO_PinLockConfig                       0x08003355   Thumb Code    18  stm32f10x_gpio.o(.text)
    GPIO_EventOutputConfig                   0x08003367   Thumb Code    26  stm32f10x_gpio.o(.text)
    GPIO_EventOutputCmd                      0x08003381   Thumb Code     6  stm32f10x_gpio.o(.text)
    GPIO_PinRemapConfig                      0x08003387   Thumb Code   138  stm32f10x_gpio.o(.text)
    GPIO_EXTILineConfig                      0x08003411   Thumb Code    66  stm32f10x_gpio.o(.text)
    GPIO_ETH_MediaInterfaceConfig            0x08003453   Thumb Code     6  stm32f10x_gpio.o(.text)
    RCC_DeInit                               0x08003481   Thumb Code    64  stm32f10x_rcc.o(.text)
    RCC_HSEConfig                            0x080034c1   Thumb Code    70  stm32f10x_rcc.o(.text)
    RCC_GetFlagStatus                        0x08003507   Thumb Code    56  stm32f10x_rcc.o(.text)
    RCC_WaitForHSEStartUp                    0x0800353f   Thumb Code    48  stm32f10x_rcc.o(.text)
    RCC_AdjustHSICalibrationValue            0x0800356f   Thumb Code    20  stm32f10x_rcc.o(.text)
    RCC_HSICmd                               0x08003583   Thumb Code     6  stm32f10x_rcc.o(.text)
    RCC_PLLConfig                            0x08003589   Thumb Code    24  stm32f10x_rcc.o(.text)
    RCC_PLLCmd                               0x080035a1   Thumb Code     6  stm32f10x_rcc.o(.text)
    RCC_SYSCLKConfig                         0x080035a7   Thumb Code    18  stm32f10x_rcc.o(.text)
    RCC_GetSYSCLKSource                      0x080035b9   Thumb Code    10  stm32f10x_rcc.o(.text)
    RCC_HCLKConfig                           0x080035c3   Thumb Code    18  stm32f10x_rcc.o(.text)
    RCC_PCLK1Config                          0x080035d5   Thumb Code    18  stm32f10x_rcc.o(.text)
    RCC_PCLK2Config                          0x080035e7   Thumb Code    20  stm32f10x_rcc.o(.text)
    RCC_ITConfig                             0x080035fb   Thumb Code    30  stm32f10x_rcc.o(.text)
    RCC_USBCLKConfig                         0x08003619   Thumb Code     6  stm32f10x_rcc.o(.text)
    RCC_ADCCLKConfig                         0x0800361f   Thumb Code    18  stm32f10x_rcc.o(.text)
    RCC_LSEConfig                            0x08003631   Thumb Code    44  stm32f10x_rcc.o(.text)
    RCC_LSICmd                               0x0800365d   Thumb Code     6  stm32f10x_rcc.o(.text)
    RCC_RTCCLKConfig                         0x08003663   Thumb Code    12  stm32f10x_rcc.o(.text)
    RCC_RTCCLKCmd                            0x0800366f   Thumb Code     8  stm32f10x_rcc.o(.text)
    RCC_GetClocksFreq                        0x08003677   Thumb Code   192  stm32f10x_rcc.o(.text)
    RCC_AHBPeriphClockCmd                    0x08003737   Thumb Code    26  stm32f10x_rcc.o(.text)
    RCC_APB2PeriphClockCmd                   0x08003751   Thumb Code    26  stm32f10x_rcc.o(.text)
    RCC_APB1PeriphClockCmd                   0x0800376b   Thumb Code    26  stm32f10x_rcc.o(.text)
    RCC_APB2PeriphResetCmd                   0x08003785   Thumb Code    26  stm32f10x_rcc.o(.text)
    RCC_APB1PeriphResetCmd                   0x0800379f   Thumb Code    26  stm32f10x_rcc.o(.text)
    RCC_BackupResetCmd                       0x080037b9   Thumb Code     8  stm32f10x_rcc.o(.text)
    RCC_ClockSecuritySystemCmd               0x080037c1   Thumb Code     6  stm32f10x_rcc.o(.text)
    RCC_MCOConfig                            0x080037c7   Thumb Code     6  stm32f10x_rcc.o(.text)
    RCC_ClearFlag                            0x080037cd   Thumb Code    14  stm32f10x_rcc.o(.text)
    RCC_GetITStatus                          0x080037db   Thumb Code    20  stm32f10x_rcc.o(.text)
    RCC_ClearITPendingBit                    0x080037ef   Thumb Code     6  stm32f10x_rcc.o(.text)
    USART_DeInit                             0x08003821   Thumb Code   134  stm32f10x_usart.o(.text)
    USART_Init                               0x080038a7   Thumb Code   210  stm32f10x_usart.o(.text)
    USART_StructInit                         0x08003979   Thumb Code    24  stm32f10x_usart.o(.text)
    USART_ClockInit                          0x08003991   Thumb Code    34  stm32f10x_usart.o(.text)
    USART_ClockStructInit                    0x080039b3   Thumb Code    12  stm32f10x_usart.o(.text)
    USART_Cmd                                0x080039bf   Thumb Code    24  stm32f10x_usart.o(.text)
    USART_ITConfig                           0x080039d7   Thumb Code    74  stm32f10x_usart.o(.text)
    USART_DMACmd                             0x08003a21   Thumb Code    24  stm32f10x_usart.o(.text)
    USART_SetAddress                         0x08003a39   Thumb Code    18  stm32f10x_usart.o(.text)
    USART_WakeUpConfig                       0x08003a4b   Thumb Code    18  stm32f10x_usart.o(.text)
    USART_ReceiverWakeUpCmd                  0x08003a5d   Thumb Code    24  stm32f10x_usart.o(.text)
    USART_LINBreakDetectLengthConfig         0x08003a75   Thumb Code    18  stm32f10x_usart.o(.text)
    USART_LINCmd                             0x08003a87   Thumb Code    24  stm32f10x_usart.o(.text)
    USART_SendData                           0x08003a9f   Thumb Code     8  stm32f10x_usart.o(.text)
    USART_ReceiveData                        0x08003aa7   Thumb Code    10  stm32f10x_usart.o(.text)
    USART_SendBreak                          0x08003ab1   Thumb Code    10  stm32f10x_usart.o(.text)
    USART_SetGuardTime                       0x08003abb   Thumb Code    16  stm32f10x_usart.o(.text)
    USART_SetPrescaler                       0x08003acb   Thumb Code    16  stm32f10x_usart.o(.text)
    USART_SmartCardCmd                       0x08003adb   Thumb Code    24  stm32f10x_usart.o(.text)
    USART_SmartCardNACKCmd                   0x08003af3   Thumb Code    24  stm32f10x_usart.o(.text)
    USART_HalfDuplexCmd                      0x08003b0b   Thumb Code    24  stm32f10x_usart.o(.text)
    USART_OverSampling8Cmd                   0x08003b23   Thumb Code    22  stm32f10x_usart.o(.text)
    USART_OneBitMethodCmd                    0x08003b39   Thumb Code    24  stm32f10x_usart.o(.text)
    USART_IrDAConfig                         0x08003b51   Thumb Code    18  stm32f10x_usart.o(.text)
    USART_IrDACmd                            0x08003b63   Thumb Code    24  stm32f10x_usart.o(.text)
    USART_GetFlagStatus                      0x08003b7b   Thumb Code    26  stm32f10x_usart.o(.text)
    USART_ClearFlag                          0x08003b95   Thumb Code    18  stm32f10x_usart.o(.text)
    USART_GetITStatus                        0x08003ba7   Thumb Code    84  stm32f10x_usart.o(.text)
    USART_ClearITPendingBit                  0x08003bfb   Thumb Code    50  stm32f10x_usart.o(.text)
    NVIC_PriorityGroupConfig                 0x08003c2d   Thumb Code    10  misc.o(.text)
    NVIC_Init                                0x08003c37   Thumb Code   102  misc.o(.text)
    NVIC_SetVectorTable                      0x08003c9d   Thumb Code    14  misc.o(.text)
    NVIC_SystemLPConfig                      0x08003cab   Thumb Code    34  misc.o(.text)
    SysTick_CLKSourceConfig                  0x08003ccd   Thumb Code    40  misc.o(.text)
    SPI_I2S_DeInit                           0x08003d09   Thumb Code    76  stm32f10x_spi.o(.text)
    SPI_Init                                 0x08003d55   Thumb Code    60  stm32f10x_spi.o(.text)
    I2S_Init                                 0x08003d91   Thumb Code   222  stm32f10x_spi.o(.text)
    SPI_StructInit                           0x08003e6f   Thumb Code    24  stm32f10x_spi.o(.text)
    I2S_StructInit                           0x08003e87   Thumb Code    20  stm32f10x_spi.o(.text)
    SPI_Cmd                                  0x08003e9b   Thumb Code    24  stm32f10x_spi.o(.text)
    I2S_Cmd                                  0x08003eb3   Thumb Code    24  stm32f10x_spi.o(.text)
    SPI_I2S_ITConfig                         0x08003ecb   Thumb Code    36  stm32f10x_spi.o(.text)
    SPI_I2S_DMACmd                           0x08003eef   Thumb Code    24  stm32f10x_spi.o(.text)
    SPI_I2S_SendData                         0x08003f07   Thumb Code     4  stm32f10x_spi.o(.text)
    SPI_I2S_ReceiveData                      0x08003f0b   Thumb Code     6  stm32f10x_spi.o(.text)
    SPI_NSSInternalSoftwareConfig            0x08003f11   Thumb Code    30  stm32f10x_spi.o(.text)
    SPI_SSOutputCmd                          0x08003f2f   Thumb Code    24  stm32f10x_spi.o(.text)
    SPI_DataSizeConfig                       0x08003f47   Thumb Code    18  stm32f10x_spi.o(.text)
    SPI_TransmitCRC                          0x08003f59   Thumb Code    10  stm32f10x_spi.o(.text)
    SPI_CalculateCRC                         0x08003f63   Thumb Code    24  stm32f10x_spi.o(.text)
    SPI_GetCRC                               0x08003f7b   Thumb Code    16  stm32f10x_spi.o(.text)
    SPI_GetCRCPolynomial                     0x08003f8b   Thumb Code     6  stm32f10x_spi.o(.text)
    SPI_BiDirectionalLineConfig              0x08003f91   Thumb Code    28  stm32f10x_spi.o(.text)
    SPI_I2S_GetFlagStatus                    0x08003fad   Thumb Code    18  stm32f10x_spi.o(.text)
    SPI_I2S_ClearFlag                        0x08003fbf   Thumb Code     6  stm32f10x_spi.o(.text)
    SPI_I2S_GetITStatus                      0x08003fc5   Thumb Code    52  stm32f10x_spi.o(.text)
    SPI_I2S_ClearITPendingBit                0x08003ff9   Thumb Code    20  stm32f10x_spi.o(.text)
    BKP_DeInit                               0x08004019   Thumb Code    16  stm32f10x_bkp.o(.text)
    BKP_TamperPinLevelConfig                 0x08004029   Thumb Code     6  stm32f10x_bkp.o(.text)
    BKP_TamperPinCmd                         0x0800402f   Thumb Code     8  stm32f10x_bkp.o(.text)
    BKP_ITConfig                             0x08004037   Thumb Code     8  stm32f10x_bkp.o(.text)
    BKP_RTCOutputConfig                      0x0800403f   Thumb Code    22  stm32f10x_bkp.o(.text)
    BKP_SetRTCCalibrationValue               0x08004055   Thumb Code    22  stm32f10x_bkp.o(.text)
    BKP_WriteBackupRegister                  0x0800406b   Thumb Code    12  stm32f10x_bkp.o(.text)
    BKP_ReadBackupRegister                   0x08004077   Thumb Code    14  stm32f10x_bkp.o(.text)
    BKP_GetFlagStatus                        0x08004085   Thumb Code    10  stm32f10x_bkp.o(.text)
    BKP_ClearFlag                            0x0800408f   Thumb Code    18  stm32f10x_bkp.o(.text)
    BKP_GetITStatus                          0x080040a1   Thumb Code    10  stm32f10x_bkp.o(.text)
    BKP_ClearITPendingBit                    0x080040ab   Thumb Code    18  stm32f10x_bkp.o(.text)
    RTC_ITConfig                             0x080040c5   Thumb Code    30  stm32f10x_rtc.o(.text)
    RTC_EnterConfigMode                      0x080040e3   Thumb Code    18  stm32f10x_rtc.o(.text)
    RTC_ExitConfigMode                       0x080040f5   Thumb Code    20  stm32f10x_rtc.o(.text)
    RTC_GetCounter                           0x08004109   Thumb Code    18  stm32f10x_rtc.o(.text)
    RTC_SetCounter                           0x0800411b   Thumb Code    26  stm32f10x_rtc.o(.text)
    RTC_SetPrescaler                         0x08004135   Thumb Code    28  stm32f10x_rtc.o(.text)
    RTC_SetAlarm                             0x08004151   Thumb Code    26  stm32f10x_rtc.o(.text)
    RTC_GetDivider                           0x0800416b   Thumb Code    22  stm32f10x_rtc.o(.text)
    RTC_WaitForLastTask                      0x08004181   Thumb Code    16  stm32f10x_rtc.o(.text)
    RTC_WaitForSynchro                       0x08004191   Thumb Code    34  stm32f10x_rtc.o(.text)
    RTC_GetFlagStatus                        0x080041b3   Thumb Code    22  stm32f10x_rtc.o(.text)
    RTC_ClearFlag                            0x080041c9   Thumb Code    20  stm32f10x_rtc.o(.text)
    RTC_GetITStatus                          0x080041dd   Thumb Code    32  stm32f10x_rtc.o(.text)
    RTC_ClearITPendingBit                    0x080041fd   Thumb Code    20  stm32f10x_rtc.o(.text)
    PWR_DeInit                               0x08004215   Thumb Code    22  stm32f10x_pwr.o(.text)
    PWR_BackupAccessCmd                      0x0800422b   Thumb Code     6  stm32f10x_pwr.o(.text)
    PWR_PVDCmd                               0x08004231   Thumb Code     6  stm32f10x_pwr.o(.text)
    PWR_PVDLevelConfig                       0x08004237   Thumb Code    18  stm32f10x_pwr.o(.text)
    PWR_WakeUpPinCmd                         0x08004249   Thumb Code     6  stm32f10x_pwr.o(.text)
    PWR_EnterSTOPMode                        0x0800424f   Thumb Code    54  stm32f10x_pwr.o(.text)
    PWR_EnterSTANDBYMode                     0x08004285   Thumb Code    42  stm32f10x_pwr.o(.text)
    PWR_GetFlagStatus                        0x080042af   Thumb Code    20  stm32f10x_pwr.o(.text)
    PWR_ClearFlag                            0x080042c3   Thumb Code    14  stm32f10x_pwr.o(.text)
    DMA_DeInit                               0x080042e1   Thumb Code   324  stm32f10x_dma.o(.text)
    DMA_Init                                 0x08004425   Thumb Code    60  stm32f10x_dma.o(.text)
    DMA_StructInit                           0x08004461   Thumb Code    26  stm32f10x_dma.o(.text)
    DMA_Cmd                                  0x0800447b   Thumb Code    24  stm32f10x_dma.o(.text)
    DMA_ITConfig                             0x08004493   Thumb Code    18  stm32f10x_dma.o(.text)
    DMA_SetCurrDataCounter                   0x080044a5   Thumb Code     4  stm32f10x_dma.o(.text)
    DMA_GetCurrDataCounter                   0x080044a9   Thumb Code     8  stm32f10x_dma.o(.text)
    DMA_GetFlagStatus                        0x080044b1   Thumb Code    38  stm32f10x_dma.o(.text)
    DMA_ClearFlag                            0x080044d7   Thumb Code    22  stm32f10x_dma.o(.text)
    DMA_GetITStatus                          0x080044ed   Thumb Code    38  stm32f10x_dma.o(.text)
    DMA_ClearITPendingBit                    0x08004513   Thumb Code    22  stm32f10x_dma.o(.text)
    OS_TaskStatStkChk                        0x08004531   Thumb Code    54  os_core.o(.text)
    OS_TaskStat                              0x08004567   Thumb Code   116  os_core.o(.text)
    OS_TaskIdle                              0x0800460f   Thumb Code    34  os_core.o(.text)
    OS_MemClr                                0x08004665   Thumb Code    18  os_core.o(.text)
    OSInit                                   0x08004783   Thumb Code    44  os_core.o(.text)
    OSIntEnter                               0x080047af   Thumb Code    28  os_core.o(.text)
    OSIntExit                                0x080047e5   Thumb Code   112  os_core.o(.text)
    OSSchedLock                              0x08004855   Thumb Code    50  os_core.o(.text)
    OS_Sched                                 0x08004887   Thumb Code    88  os_core.o(.text)
    OSSchedUnlock                            0x080048df   Thumb Code   238  os_core.o(.text)
    OSStart                                  0x080049cd   Thumb Code    48  os_core.o(.text)
    OSStatInit                               0x080049fd   Thumb Code    62  os_core.o(.text)
    OSTimeTick                               0x08004a3b   Thumb Code   218  os_core.o(.text)
    OSVersion                                0x08004b15   Thumb Code     6  os_core.o(.text)
    OS_Dummy                                 0x08004b1b   Thumb Code     2  os_core.o(.text)
    OS_EventTaskRemove                       0x08004b1d   Thumb Code    50  os_core.o(.text)
    OS_EventTaskRdy                          0x08004b4f   Thumb Code   124  os_core.o(.text)
    OS_EventTaskWait                         0x08004bcb   Thumb Code   120  os_core.o(.text)
    OS_EventWaitListInit                     0x08004c43   Thumb Code    28  os_core.o(.text)
    OS_MemCopy                               0x08004c5f   Thumb Code    20  os_core.o(.text)
    OS_StrLen                                0x08004c73   Thumb Code    20  os_core.o(.text)
    OS_TCBInit                               0x08004c87   Thumb Code   362  os_core.o(.text)
    OSFlagAccept                             0x08004df1   Thumb Code   268  os_flag.o(.text)
    OSFlagCreate                             0x08004efd   Thumb Code    86  os_flag.o(.text)
    OS_FlagUnlink                            0x08004f53   Thumb Code    36  os_flag.o(.text)
    OSFlagDel                                0x08004fd7   Thumb Code   214  os_flag.o(.text)
    OSFlagNameGet                            0x080050ad   Thumb Code    80  os_flag.o(.text)
    OSFlagNameSet                            0x080050fd   Thumb Code    66  os_flag.o(.text)
    OSFlagPend                               0x080051e7   Thumb Code   636  os_flag.o(.text)
    OSFlagPendGetFlagsRdy                    0x08005463   Thumb Code    26  os_flag.o(.text)
    OSFlagPost                               0x0800547d   Thumb Code   324  os_flag.o(.text)
    OSFlagQuery                              0x080055c1   Thumb Code    48  os_flag.o(.text)
    OS_FlagInit                              0x080055f1   Thumb Code    78  os_flag.o(.text)
    OSQAccept                                0x0800564d   Thumb Code    88  os_q.o(.text)
    OSQCreate                                0x080056a5   Thumb Code   140  os_q.o(.text)
    OSQDel                                   0x08005731   Thumb Code   236  os_q.o(.text)
    OSQFlush                                 0x0800581d   Thumb Code    36  os_q.o(.text)
    OSQPend                                  0x08005841   Thumb Code   272  os_q.o(.text)
    OSQPendAbort                             0x08005951   Thumb Code   128  os_q.o(.text)
    OSQPost                                  0x080059d1   Thumb Code   114  os_q.o(.text)
    OSQPostFront                             0x08005a43   Thumb Code   136  os_q.o(.text)
    OSQPostOpt                               0x08005acb   Thumb Code   182  os_q.o(.text)
    OSQQuery                                 0x08005b81   Thumb Code    98  os_q.o(.text)
    OS_QInit                                 0x08005be3   Thumb Code    72  os_q.o(.text)
    OSTaskChangePrio                         0x08005c35   Thumb Code   326  os_task.o(.text)
    OSTaskCreate                             0x08005d7b   Thumb Code   148  os_task.o(.text)
    OS_TaskStkClr                            0x08005e0f   Thumb Code    26  os_task.o(.text)
    OSTaskCreateExt                          0x08005e29   Thumb Code   170  os_task.o(.text)
    OSTaskDel                                0x08005ed3   Thumb Code   302  os_task.o(.text)
    OSTaskDelReq                             0x08006001   Thumb Code   146  os_task.o(.text)
    OSTaskNameGet                            0x08006093   Thumb Code   114  os_task.o(.text)
    OSTaskNameSet                            0x08006105   Thumb Code    98  os_task.o(.text)
    OSTaskResume                             0x08006167   Thumb Code   160  os_task.o(.text)
    OSTaskStkChk                             0x08006207   Thumb Code   132  os_task.o(.text)
    OSTaskSuspend                            0x0800628b   Thumb Code   160  os_task.o(.text)
    OSTaskQuery                              0x0800632b   Thumb Code    82  os_task.o(.text)
    OSTaskRegGet                             0x0800637d   Thumb Code    60  os_task.o(.text)
    OSTaskRegSet                             0x080063b9   Thumb Code    62  os_task.o(.text)
    OS_TaskReturn                            0x080063f7   Thumb Code    18  os_task.o(.text)
    OSTimeDly                                0x08006421   Thumb Code   108  os_time.o(.text)
    OSTimeDlyHMSM                            0x0800648d   Thumb Code    86  os_time.o(.text)
    OSTimeDlyResume                          0x080064e3   Thumb Code   176  os_time.o(.text)
    OSTimeGet                                0x08006593   Thumb Code    24  os_time.o(.text)
    OSTimeSet                                0x080065ab   Thumb Code    24  os_time.o(.text)
    OSInitHookBegin                          0x080065e1   Thumb Code     2  os_cpu_c.o(.text)
    OSInitHookEnd                            0x080065e3   Thumb Code     2  os_cpu_c.o(.text)
    OSTaskCreateHook                         0x080065e5   Thumb Code     2  os_cpu_c.o(.text)
    OSTaskDelHook                            0x080065e7   Thumb Code     2  os_cpu_c.o(.text)
    OSTaskIdleHook                           0x080065e9   Thumb Code     2  os_cpu_c.o(.text)
    OSTaskStatHook                           0x080065eb   Thumb Code     2  os_cpu_c.o(.text)
    OSTaskStkInit                            0x080065ed   Thumb Code   154  os_cpu_c.o(.text)
    OSTaskSwHook                             0x08006687   Thumb Code     2  os_cpu_c.o(.text)
    OSTCBInitHook                            0x08006689   Thumb Code     2  os_cpu_c.o(.text)
    OSTimeTickHook                           0x0800668b   Thumb Code     2  os_cpu_c.o(.text)
    OSTaskReturnHook                         0x0800668d   Thumb Code     2  os_cpu_c.o(.text)
    OS_CPU_SR_Save                           0x08006691   Thumb Code     0  os_cpu_a.o(.text)
    OS_CPU_SR_Restore                        0x08006699   Thumb Code     0  os_cpu_a.o(.text)
    OSStartHighRdy                           0x0800669f   Thumb Code     0  os_cpu_a.o(.text)
    OSCtxSw                                  0x080066c1   Thumb Code     0  os_cpu_a.o(.text)
    OSIntCtxSw                               0x080066cf   Thumb Code     0  os_cpu_a.o(.text)
    PendSV_Handler                           0x080066df   Thumb Code     0  os_cpu_a.o(.text)
    mymemcpy                                 0x08006745   Thumb Code    26  malloc.o(.text)
    mymemset                                 0x0800675f   Thumb Code    20  malloc.o(.text)
    mem_init                                 0x08006773   Thumb Code    38  malloc.o(.text)
    mem_perused                              0x08006799   Thumb Code    42  malloc.o(.text)
    mem_malloc                               0x080067c3   Thumb Code   116  malloc.o(.text)
    mem_free                                 0x08006837   Thumb Code    66  malloc.o(.text)
    myfree                                   0x08006879   Thumb Code    24  malloc.o(.text)
    mymalloc                                 0x08006891   Thumb Code    26  malloc.o(.text)
    myrealloc                                0x080068ab   Thumb Code    48  malloc.o(.text)
    exfuns_init                              0x080068e1   Thumb Code   100  exfuns.o(.text)
    char_upper                               0x08006945   Thumb Code    26  exfuns.o(.text)
    f_typetell                               0x0800695f   Thumb Code   188  exfuns.o(.text)
    exf_getfree                              0x08006a1b   Thumb Code    74  exfuns.o(.text)
    clust2sect                               0x08006c25   Thumb Code    26  ff.o(.text)
    get_fat                                  0x08006c3f   Thumb Code   232  ff.o(.text)
    put_fat                                  0x08006d27   Thumb Code   310  ff.o(.text)
    f_mount                                  0x0800803b   Thumb Code    86  ff.o(.text)
    f_open                                   0x08008091   Thumb Code   380  ff.o(.text)
    f_read                                   0x0800820d   Thumb Code   446  ff.o(.text)
    f_write                                  0x080083cb   Thumb Code   496  ff.o(.text)
    f_sync                                   0x080085bb   Thumb Code   174  ff.o(.text)
    f_close                                  0x08008669   Thumb Code    32  ff.o(.text)
    f_lseek                                  0x08008689   Thumb Code   652  ff.o(.text)
    f_opendir                                0x08008915   Thumb Code   136  ff.o(.text)
    f_closedir                               0x0800899d   Thumb Code    22  ff.o(.text)
    f_readdir                                0x080089b3   Thumb Code   114  ff.o(.text)
    f_stat                                   0x08008a25   Thumb Code    84  ff.o(.text)
    f_getfree                                0x08008a79   Thumb Code   258  ff.o(.text)
    f_truncate                               0x08008b7b   Thumb Code   184  ff.o(.text)
    f_unlink                                 0x08008c33   Thumb Code   194  ff.o(.text)
    f_mkdir                                  0x08008cf5   Thumb Code   380  ff.o(.text)
    f_chmod                                  0x08008e71   Thumb Code   116  ff.o(.text)
    f_utime                                  0x08008ee5   Thumb Code   110  ff.o(.text)
    f_rename                                 0x08008f53   Thumb Code   314  ff.o(.text)
    f_getlabel                               0x0800908d   Thumb Code   190  ff.o(.text)
    f_setlabel                               0x0800914b   Thumb Code   470  ff.o(.text)
    f_mkfs                                   0x08009321   Thumb Code  1570  ff.o(.text)
    f_gets                                   0x08009943   Thumb Code    82  ff.o(.text)
    f_putc                                   0x080099d9   Thumb Code    64  ff.o(.text)
    f_puts                                   0x08009a19   Thumb Code    74  ff.o(.text)
    f_printf                                 0x08009a63   Thumb Code   672  ff.o(.text)
    disk_initialize                          0x08009d05   Thumb Code    88  diskio.o(.text)
    disk_status                              0x08009d5d   Thumb Code     6  diskio.o(.text)
    disk_read                                0x08009d63   Thumb Code   118  diskio.o(.text)
    disk_write                               0x08009dd9   Thumb Code    98  diskio.o(.text)
    disk_ioctl                               0x08009e3b   Thumb Code   154  diskio.o(.text)
    get_fattime                              0x08009ed5   Thumb Code     4  diskio.o(.text)
    ff_memalloc                              0x08009ed9   Thumb Code    12  diskio.o(.text)
    ff_memfree                               0x08009ee5   Thumb Code    12  diskio.o(.text)
    ff_convert                               0x08009efd   Thumb Code   116  cc936.o(.text)
    ff_wtoupper                              0x08009f71   Thumb Code    46  cc936.o(.text)
    EzUI_BodyReadVarCommand                  0x08009fb1   Thumb Code    22  ezui_ctrl.o(.text)
    EzUI_BodySetVar_Byte                     0x08009fc7   Thumb Code    28  ezui_ctrl.o(.text)
    EzUI_BodySetVar_Word                     0x08009fe3   Thumb Code    30  ezui_ctrl.o(.text)
    EzUI_BodySetVar_Int                      0x0800a001   Thumb Code    38  ezui_ctrl.o(.text)
    EzUI_BodySetVar_Float                    0x0800a027   Thumb Code    40  ezui_ctrl.o(.text)
    EzUI_BodySetVar_BufLen                   0x0800a04f   Thumb Code    54  ezui_ctrl.o(.text)
    EzUI_BodySetVar_Buf                      0x0800a085   Thumb Code    56  ezui_ctrl.o(.text)
    EzUI_NumberEdit_SetVarInt                0x0800a0bd   Thumb Code    16  ezui_ctrl.o(.text)
    EzUI_NumberEdit_SetVarFloat              0x0800a0cd   Thumb Code    16  ezui_ctrl.o(.text)
    EzUI_NumberEdit_ReadVarInt               0x0800a0dd   Thumb Code    96  ezui_ctrl.o(.text)
    EzUI_NumberEdit_ReadVarFloat             0x0800a13d   Thumb Code    96  ezui_ctrl.o(.text)
    EzUI_StringEdit_SetString                0x0800a19d   Thumb Code    16  ezui_ctrl.o(.text)
    EzUI_StringEdit_ReadString               0x0800a1ad   Thumb Code   132  ezui_ctrl.o(.text)
    EzUI_Combox_SetSel                       0x0800a231   Thumb Code    16  ezui_ctrl.o(.text)
    EzUI_Combox_ReadSel                      0x0800a241   Thumb Code    96  ezui_ctrl.o(.text)
    EzUI_BitmapButton_SetStatus              0x0800a2a1   Thumb Code    16  ezui_ctrl.o(.text)
    EzUI_BitmapButton_ReadStatus             0x0800a2b1   Thumb Code    96  ezui_ctrl.o(.text)
    EzUI_ProcessCtrl_SetVar                  0x0800a311   Thumb Code    16  ezui_ctrl.o(.text)
    EzUI_ProcessCtrl_ReadVar                 0x0800a321   Thumb Code   100  ezui_ctrl.o(.text)
    EzUI_WaveFormCtrl_InserVar               0x0800a385   Thumb Code    74  ezui_ctrl.o(.text)
    EzUI_WaveFormCtrl_ReDrawWave             0x0800a3cf   Thumb Code    26  ezui_ctrl.o(.text)
    EzUI_GifCtrl_SetStatus                   0x0800a3e9   Thumb Code    16  ezui_ctrl.o(.text)
    EzUI_GifCtrl_ReadVar                     0x0800a3f9   Thumb Code    96  ezui_ctrl.o(.text)
    EzUI_GetNowActiveGui                     0x0800a459   Thumb Code    58  ezui_ctrl.o(.text)
    EzUI_SetNowActiveGui                     0x0800a493   Thumb Code    22  ezui_ctrl.o(.text)
    string_to_float                          0x0800a4b1   Thumb Code   274  util.o(.text)
    my_itoa                                  0x0800a5c3   Thumb Code   318  util.o(.text)
    lcdopt_show_del_goods_list               0x0800a729   Thumb Code    94  lcdopt.o(.text)
    lcdopt_show_choose_goods_list            0x0800a787   Thumb Code    94  lcdopt.o(.text)
    lcdopt_clear_del_goods_list              0x0800a7e5   Thumb Code   100  lcdopt.o(.text)
    lcdopt_clear_choose_goods_list           0x0800a849   Thumb Code   100  lcdopt.o(.text)
    lcdopt_del_goods_flag_check              0x0800a8ad   Thumb Code    60  lcdopt.o(.text)
    lcdopt_choose_goods_flag_check           0x0800a8e9   Thumb Code    52  lcdopt.o(.text)
    lcdopt_click_bootui_icon_work            0x0800a91d   Thumb Code    44  lcdopt.o(.text)
    lcdopt_click_bootui_icon_admin           0x0800a949   Thumb Code     8  lcdopt.o(.text)
    lcdopt_click_work_button_goods_choose    0x0800a951   Thumb Code    18  lcdopt.o(.text)
    lcdopt_click_work_button_print           0x0800a963   Thumb Code    86  lcdopt.o(.text)
    lcdopt_click_work_button_flay            0x0800a9b9   Thumb Code    18  lcdopt.o(.text)
    lcdopt_click_work_button_zero            0x0800a9cb   Thumb Code    24  lcdopt.o(.text)
    lcdopt_click_work_button_total           0x0800a9e3   Thumb Code     2  lcdopt.o(.text)
    lcdopt_click_work_button_quit            0x0800a9e5   Thumb Code    40  lcdopt.o(.text)
    lcdopt_click_work_frame_print_sure       0x0800aa0d   Thumb Code    68  lcdopt.o(.text)
    lcdopt_click_goods_opt_button_choose     0x0800aa51   Thumb Code   126  lcdopt.o(.text)
    lcdopt_click_goods_opt_button_return     0x0800aacf   Thumb Code    44  lcdopt.o(.text)
    lcdopt_click_admin_button_sure           0x0800aafb   Thumb Code   144  lcdopt.o(.text)
    lcdopt_click_admin_button_return         0x0800ab8b   Thumb Code    28  lcdopt.o(.text)
    lcdopt_click_boot_admin_ui_icon_add_card 0x0800aba7   Thumb Code    62  lcdopt.o(.text)
    lcdopt_click_boot_admin_ui_icon_del_card 0x0800abe5   Thumb Code     8  lcdopt.o(.text)
    lcdopt_click_boot_admin_ui_icon_goods    0x0800abed   Thumb Code     8  lcdopt.o(.text)
    lcdopt_click_boot_admin_ui_icon_setting  0x0800abf5   Thumb Code   102  lcdopt.o(.text)
    lcdopt_click_boot_admin_ui_icon_root_setting 0x0800ac5b   Thumb Code    68  lcdopt.o(.text)
    lcdopt_click_boot_admin_ui_icon_pwd_manage 0x0800ac9f   Thumb Code     8  lcdopt.o(.text)
    lcdopt_click_boot_admin_ui_icon_return   0x0800aca7   Thumb Code     8  lcdopt.o(.text)
    lcdopt_click_add_card_button_add         0x0800acaf   Thumb Code   138  lcdopt.o(.text)
    lcdopt_click_add_card_button_readd       0x0800ad39   Thumb Code   140  lcdopt.o(.text)
    lcdopt_click_add_card_button_return      0x0800adc5   Thumb Code    34  lcdopt.o(.text)
    lcdopt_click_add_card_control_worker_num 0x0800ade7   Thumb Code   106  lcdopt.o(.text)
    lcdopt_click_del_card_control_worker_num 0x0800ae51   Thumb Code   138  lcdopt.o(.text)
    lcdopt_click_del_card_button_del         0x0800aedb   Thumb Code    84  lcdopt.o(.text)
    lcdopt_click_del_card_button_return      0x0800af2f   Thumb Code    42  lcdopt.o(.text)
    lcdopt_click_goods_button_sure           0x0800af59   Thumb Code    84  lcdopt.o(.text)
    lcdopt_click_goods_button_cancle         0x0800afad   Thumb Code    40  lcdopt.o(.text)
    lcdopt_click_goods_button_find           0x0800afd5   Thumb Code    36  lcdopt.o(.text)
    lcdopt_click_goods_button_return         0x0800aff9   Thumb Code    26  lcdopt.o(.text)
    lcdopt_click_goods_del_button_del        0x0800b013   Thumb Code   164  lcdopt.o(.text)
    lcdopt_click_goods_del_button_return     0x0800b0b7   Thumb Code    44  lcdopt.o(.text)
    lcdopt_click_setting_button_sure         0x0800b0e3   Thumb Code   160  lcdopt.o(.text)
    lcdopt_click_setting_button_restore      0x0800b183   Thumb Code    18  lcdopt.o(.text)
    lcdopt_click_setting_button_return       0x0800b195   Thumb Code     8  lcdopt.o(.text)
    lcdopt_click_root_auth_button_sure       0x0800b19d   Thumb Code   110  lcdopt.o(.text)
    lcdopt_click_root_auth_button_return     0x0800b20b   Thumb Code    24  lcdopt.o(.text)
    lcdopt_click_root_opt_button_sure        0x0800b223   Thumb Code    28  lcdopt.o(.text)
    lcdopt_click_root_opt_button_list_export 0x0800b23f   Thumb Code    76  lcdopt.o(.text)
    lcdopt_click_root_opt_button_bill_export 0x0800b28b   Thumb Code    76  lcdopt.o(.text)
    lcdopt_click_root_opt_button_quit        0x0800b2d7   Thumb Code     8  lcdopt.o(.text)
    lcdopt_click_pwd_manage_button_sure      0x0800b2df   Thumb Code   310  lcdopt.o(.text)
    lcdopt_click_pwd_manage_button_return    0x0800b415   Thumb Code    42  lcdopt.o(.text)
    lcdopt_printf_card_id                    0x0800b43f   Thumb Code   230  lcdopt.o(.text)
    lcdopt_printf_weight                     0x0800b525   Thumb Code    80  lcdopt.o(.text)
    lcdopt_main                              0x0800b575   Thumb Code    68  lcdopt.o(.text)
    lcdopt_init                              0x0800b5b9   Thumb Code    62  lcdopt.o(.text)
    mf_copy                                  0x0800b601   Thumb Code   218  fileopt.o(.text)
    fileopt_get_current_price                0x0800b75f   Thumb Code     8  fileopt.o(.text)
    fileopt_get_current_goods                0x0800b767   Thumb Code    20  fileopt.o(.text)
    fileopt_set_current_price                0x0800b77b   Thumb Code   116  fileopt.o(.text)
    fileopt_file_init                        0x0800b7ef   Thumb Code    92  fileopt.o(.text)
    fileope_goods_list_init                  0x0800b84b   Thumb Code   250  fileopt.o(.text)
    fileopt_get_goods_list                   0x0800b945   Thumb Code     8  fileopt.o(.text)
    fileopt_init                             0x0800b94d   Thumb Code   642  fileopt.o(.text)
    fileopt_get_work_id                      0x0800bbcf   Thumb Code   114  fileopt.o(.text)
    fileopt_find_worker                      0x0800bc41   Thumb Code    86  fileopt.o(.text)
    fileopt_create_card                      0x0800bc97   Thumb Code   454  fileopt.o(.text)
    fileopt_cnt_worker_pos                   0x0800be5d   Thumb Code   214  fileopt.o(.text)
    fileopt_update_msg                       0x0800bf33   Thumb Code   382  fileopt.o(.text)
    fileopt_update_worker_product_msg        0x0800c0b1   Thumb Code   270  fileopt.o(.text)
    fileopt_get_1st_2nd_msg                  0x0800c1bf   Thumb Code   228  fileopt.o(.text)
    fileopt_add_worker_msg                   0x0800c2a3   Thumb Code   782  fileopt.o(.text)
    fileopt_find_worker_msg_by_workid        0x0800c5b1   Thumb Code   274  fileopt.o(.text)
    fileopt_find_worker_msg_by_cardid        0x0800c6c3   Thumb Code   290  fileopt.o(.text)
    fileopt_reapply_card_by_work_id          0x0800c8f1   Thumb Code   358  fileopt.o(.text)
    fileopt_del_worker_msg                   0x0800ca57   Thumb Code   308  fileopt.o(.text)
    fileopt_read_total_msg                   0x0800cb8b   Thumb Code   398  fileopt.o(.text)
    fileopt_clear_lastest_data               0x0800cd19   Thumb Code   140  fileopt.o(.text)
    fileopt_set_water_rate                   0x0800cda5   Thumb Code   118  fileopt.o(.text)
    fileopt_get_water_rate                   0x0800ce1b   Thumb Code    92  fileopt.o(.text)
    fileopt_add_goods                        0x0800ce77   Thumb Code   404  fileopt.o(.text)
    fileopt_del_goods                        0x0800d00b   Thumb Code   290  fileopt.o(.text)
    fileopt_get_goods_price                  0x0800d12d   Thumb Code    88  fileopt.o(.text)
    fileopt_set_passwd                       0x0800d185   Thumb Code   152  fileopt.o(.text)
    fileopt_get_passwd                       0x0800d21d   Thumb Code   182  fileopt.o(.text)
    fileopt_set_weight_unit                  0x0800d2d3   Thumb Code   126  fileopt.o(.text)
    fileopt_get_weight_unit                  0x0800d351   Thumb Code    82  fileopt.o(.text)
    fileopt_write_bill_to_udev               0x0800d3a3   Thumb Code   462  fileopt.o(.text)
    fileopt_write_list_to_udev               0x0800d571   Thumb Code   342  fileopt.o(.text)
    fileopt_copy_sd_to_flash                 0x0800d6c7   Thumb Code    34  fileopt.o(.text)
    fileopt_copy_flash_to_sd                 0x0800d6e9   Thumb Code     2  fileopt.o(.text)
    mFlushBufferToDisk                       0x0800d7b1   Thumb Code   288  ch376_api.o(.text)
    InitUSB                                  0x0800d8d1   Thumb Code   156  ch376_api.o(.text)
    OpenUSBFile                              0x0800d96d   Thumb Code   182  ch376_api.o(.text)
    CloseUSBFile                             0x0800da23   Thumb Code   100  ch376_api.o(.text)
    WriteDataBufToUSB                        0x0800da87   Thumb Code    76  ch376_api.o(.text)
    WaitTakeOutUSB                           0x0800dad3   Thumb Code    28  ch376_api.o(.text)
    __use_no_semihosting                     0x0800db0d   Thumb Code     2  use_no_semi_2.o(.text)
    __2sprintf                               0x0800db11   Thumb Code    38  __2sprintf.o(.text)
    _printf_pre_padding                      0x0800db3d   Thumb Code    46  _printf_pad.o(.text)
    _printf_post_padding                     0x0800db6b   Thumb Code    36  _printf_pad.o(.text)
    _printf_str                              0x0800db8f   Thumb Code    82  _printf_str.o(.text)
    _printf_int_dec                          0x0800dbe1   Thumb Code   102  _printf_dec.o(.text)
    __printf                                 0x0800dc59   Thumb Code   270  __printf_wp.o(.text)
    atoi                                     0x0800dd67   Thumb Code    26  atoi.o(.text)
    strtok                                   0x0800dd81   Thumb Code     6  strtok.o(.text)
    strstr                                   0x0800dd8d   Thumb Code    36  strstr.o(.text)
    strcpy                                   0x0800ddb1   Thumb Code    72  strcpy.o(.text)
    strlen                                   0x0800ddf9   Thumb Code    62  strlen.o(.text)
    strncmp                                  0x0800de37   Thumb Code   150  strncmp.o(.text)
    strcat                                   0x0800decd   Thumb Code    24  strcat.o(.text)
    __aeabi_memcpy                           0x0800dee5   Thumb Code     0  rt_memcpy_v6.o(.text)
    __rt_memcpy                              0x0800dee5   Thumb Code   138  rt_memcpy_v6.o(.text)
    _memcpy_lastbytes                        0x0800df4b   Thumb Code     0  rt_memcpy_v6.o(.text)
    __aeabi_memcpy4                          0x0800df6f   Thumb Code     0  rt_memcpy_w.o(.text)
    __aeabi_memcpy8                          0x0800df6f   Thumb Code     0  rt_memcpy_w.o(.text)
    __rt_memcpy_w                            0x0800df6f   Thumb Code   100  rt_memcpy_w.o(.text)
    _memcpy_lastbytes_aligned                0x0800dfb7   Thumb Code     0  rt_memcpy_w.o(.text)
    __aeabi_memclr                           0x0800dfd3   Thumb Code     0  rt_memclr.o(.text)
    __rt_memclr                              0x0800dfd3   Thumb Code    68  rt_memclr.o(.text)
    _memset                                  0x0800dfd7   Thumb Code     0  rt_memclr.o(.text)
    __aeabi_memclr4                          0x0800e017   Thumb Code     0  rt_memclr_w.o(.text)
    __aeabi_memclr8                          0x0800e017   Thumb Code     0  rt_memclr_w.o(.text)
    __rt_memclr_w                            0x0800e017   Thumb Code    78  rt_memclr_w.o(.text)
    _memset_w                                0x0800e01b   Thumb Code     0  rt_memclr_w.o(.text)
    strcmp                                   0x0800e065   Thumb Code   128  strcmpv7m.o(.text)
    __use_two_region_memory                  0x0800e0e5   Thumb Code     2  heapauxi.o(.text)
    __rt_heap_escrow$2region                 0x0800e0e7   Thumb Code     2  heapauxi.o(.text)
    __rt_heap_expand$2region                 0x0800e0e9   Thumb Code     2  heapauxi.o(.text)
    __I$use$semihosting                      0x0800e0eb   Thumb Code     0  use_no_semi.o(.text)
    __use_no_semihosting_swi                 0x0800e0eb   Thumb Code     2  use_no_semi.o(.text)
    __aeabi_errno_addr                       0x0800e0ed   Thumb Code     8  rt_errno_addr_intlibspace.o(.text)
    __errno$intlibspace                      0x0800e0ed   Thumb Code     0  rt_errno_addr_intlibspace.o(.text)
    __rt_errno_addr$intlibspace              0x0800e0ed   Thumb Code     0  rt_errno_addr_intlibspace.o(.text)
    _printf_int_common                       0x0800e0f5   Thumb Code   184  _printf_intcommon.o(.text)
    __lib_sel_fp_printf                      0x0800e1ad   Thumb Code     2  _printf_fp_dec.o(.text)
    _printf_fp_dec_real                      0x0800e35b   Thumb Code   626  _printf_fp_dec.o(.text)
    _printf_char_common                      0x0800e5d7   Thumb Code    32  _printf_char_common.o(.text)
    _sputc                                   0x0800e5fd   Thumb Code    10  _sputc.o(.text)
    _printf_cs_common                        0x0800e607   Thumb Code    20  _printf_char.o(.text)
    _printf_char                             0x0800e61b   Thumb Code    16  _printf_char.o(.text)
    _printf_string                           0x0800e62b   Thumb Code     8  _printf_char.o(.text)
    strtol                                   0x0800e633   Thumb Code   112  strtol.o(.text)
    __strtok_internal                        0x0800e6a5   Thumb Code    64  strtok_int.o(.text)
    __user_libspace                          0x0800e6e9   Thumb Code     8  libspace.o(.text)
    __user_perproc_libspace                  0x0800e6e9   Thumb Code     0  libspace.o(.text)
    __user_perthread_libspace                0x0800e6e9   Thumb Code     0  libspace.o(.text)
    __rt_ctype_table                         0x0800e6f1   Thumb Code    16  rt_ctype_table.o(.text)
    __rt_locale                              0x0800e701   Thumb Code     8  rt_locale_intlibspace.o(.text)
    _ll_udiv10                               0x0800e709   Thumb Code   138  lludiv10.o(.text)
    _printf_fp_infnan                        0x0800e795   Thumb Code   112  _printf_fp_infnan.o(.text)
    _strtoul                                 0x0800e815   Thumb Code   158  _strtoul.o(.text)
    _btod_etento                             0x0800e8b5   Thumb Code   222  bigflt0.o(.text)
    strcspn                                  0x0800e999   Thumb Code    32  strcspn.o(.text)
    strspn                                   0x0800e9b9   Thumb Code    28  strspn.o(.text)
    __user_setup_stackheap                   0x0800e9d5   Thumb Code    74  sys_stackheap_outer.o(.text)
    _chval                                   0x0800ea1f   Thumb Code    28  _chval.o(.text)
    exit                                     0x0800ea3b   Thumb Code    12  exit.o(.text)
    __rt_fp_status_addr                      0x0800ea49   Thumb Code     8  rt_fp_status_addr_intlibspace.o(.text)
    _btod_d2e                                0x0800ea51   Thumb Code    62  btod.o(CL$$btod_d2e)
    _d2e_denorm_low                          0x0800ea8f   Thumb Code    70  btod.o(CL$$btod_d2e_denorm_low)
    _d2e_norm_op1                            0x0800ead5   Thumb Code    96  btod.o(CL$$btod_d2e_norm_op1)
    __btod_div_common                        0x0800eb35   Thumb Code   696  btod.o(CL$$btod_div_common)
    _e2e                                     0x0800ee6d   Thumb Code   198  btod.o(CL$$btod_e2e)
    _btod_ediv                               0x0800ef33   Thumb Code    40  btod.o(CL$$btod_ediv)
    _btod_emul                               0x0800ef5b   Thumb Code    40  btod.o(CL$$btod_emul)
    __btod_mult_common                       0x0800ef83   Thumb Code   580  btod.o(CL$$btod_mult_common)
    __ARM_fpclassify                         0x0800f1c7   Thumb Code    40  fpclassify.o(i.__ARM_fpclassify)
    _is_digit                                0x0800f1ef   Thumb Code    14  __printf_wp.o(i._is_digit)
    _get_lc_numeric                          0x0800f1fd   Thumb Code    44  lc_numeric_c.o(locale$$code)
    _get_lc_ctype                            0x0800f229   Thumb Code    44  lc_ctype_c.o(locale$$code)
    __aeabi_d2f                              0x0800f255   Thumb Code     0  d2f.o(x$fpl$d2f)
    _d2f                                     0x0800f255   Thumb Code    98  d2f.o(x$fpl$d2f)
    __aeabi_dadd                             0x0800f2b9   Thumb Code     0  daddsub_clz.o(x$fpl$dadd)
    _dadd                                    0x0800f2b9   Thumb Code   332  daddsub_clz.o(x$fpl$dadd)
    __aeabi_dmul                             0x0800f409   Thumb Code     0  dmul.o(x$fpl$dmul)
    _dmul                                    0x0800f409   Thumb Code   332  dmul.o(x$fpl$dmul)
    __fpl_dnaninf                            0x0800f55d   Thumb Code   156  dnaninf.o(x$fpl$dnaninf)
    __fpl_dretinf                            0x0800f5f9   Thumb Code    12  dretinf.o(x$fpl$dretinf)
    __aeabi_dsub                             0x0800f605   Thumb Code     0  daddsub_clz.o(x$fpl$dsub)
    _dsub                                    0x0800f605   Thumb Code   464  daddsub_clz.o(x$fpl$dsub)
    __aeabi_f2d                              0x0800f7d9   Thumb Code     0  f2d.o(x$fpl$f2d)
    _f2d                                     0x0800f7d9   Thumb Code    86  f2d.o(x$fpl$f2d)
    __aeabi_fadd                             0x0800f831   Thumb Code     0  faddsub_clz.o(x$fpl$fadd)
    _fadd                                    0x0800f831   Thumb Code   196  faddsub_clz.o(x$fpl$fadd)
    __fpl_fcmp_Inf                           0x0800f8f5   Thumb Code    24  fcmpi.o(x$fpl$fcmpinf)
    __aeabi_fdiv                             0x0800f90d   Thumb Code     0  fdiv.o(x$fpl$fdiv)
    _fdiv                                    0x0800f90d   Thumb Code   384  fdiv.o(x$fpl$fdiv)
    __aeabi_cfcmpeq                          0x0800fa91   Thumb Code     0  feqf.o(x$fpl$feqf)
    _fcmpeq                                  0x0800fa91   Thumb Code   104  feqf.o(x$fpl$feqf)
    __aeabi_f2iz                             0x0800faf9   Thumb Code     0  ffix.o(x$fpl$ffix)
    _ffix                                    0x0800faf9   Thumb Code    54  ffix.o(x$fpl$ffix)
    __aeabi_i2f                              0x0800fb31   Thumb Code     0  fflt_clz.o(x$fpl$fflt)
    _fflt                                    0x0800fb31   Thumb Code    48  fflt_clz.o(x$fpl$fflt)
    __aeabi_ui2f                             0x0800fb61   Thumb Code     0  fflt_clz.o(x$fpl$ffltu)
    _ffltu                                   0x0800fb61   Thumb Code    38  fflt_clz.o(x$fpl$ffltu)
    __aeabi_cfcmple                          0x0800fb89   Thumb Code     0  fleqf.o(x$fpl$fleqf)
    _fcmple                                  0x0800fb89   Thumb Code   104  fleqf.o(x$fpl$fleqf)
    __fpl_fcmple_InfNaN                      0x0800fbdb   Thumb Code     0  fleqf.o(x$fpl$fleqf)
    __aeabi_fmul                             0x0800fbf1   Thumb Code     0  fmul.o(x$fpl$fmul)
    _fmul                                    0x0800fbf1   Thumb Code   258  fmul.o(x$fpl$fmul)
    __fpl_fnaninf                            0x0800fcf3   Thumb Code   140  fnaninf.o(x$fpl$fnaninf)
    _fp_init                                 0x0800fd7f   Thumb Code    14  fpinit.o(x$fpl$fpinit)
    __fplib_config_pureend_doubles           0x0800fd8b   Thumb Code     0  fpinit.o(x$fpl$fpinit)
    __fpl_fretinf                            0x0800fd8d   Thumb Code    10  fretinf.o(x$fpl$fretinf)
    __aeabi_frsub                            0x0800fd97   Thumb Code     0  faddsub_clz.o(x$fpl$frsb)
    _frsb                                    0x0800fd97   Thumb Code    20  faddsub_clz.o(x$fpl$frsb)
    __aeabi_fsub                             0x0800fdad   Thumb Code     0  faddsub_clz.o(x$fpl$fsub)
    _fsub                                    0x0800fdad   Thumb Code   234  faddsub_clz.o(x$fpl$fsub)
    _printf_fp_dec                           0x0800fe97   Thumb Code     4  printf1.o(x$fpl$printf1)
    __I$use$fp                               0x0800fe9b   Thumb Code     0  usenofp.o(x$fpl$usenofp)
    table_week                               0x0800fe9a   Data          12  rtc.o(.constdata)
    mon_table                                0x0800fea6   Data          12  rtc.o(.constdata)
    OSUnMapTbl                               0x0800feb2   Data         256  os_core.o(.constdata)
    Region$$Table$$Base                      0x0803ada8   Number         0  anon$$obj.o(Region$$Table)
    Region$$Table$$Limit                     0x0803adc8   Number         0  anon$$obj.o(Region$$Table)
    __ctype                                  0x0803adf1   Data           0  lc_ctype_c.o(locale$$data)
    SystemCoreClock                          0x20000000   Data           4  system_stm32f10x.o(.data)
    AHBPrescTable                            0x20000004   Data          16  system_stm32f10x.o(.data)
    SPI_FLASH_TYPE                           0x20000014   Data           2  flash.o(.data)
    SD_Type                                  0x20000016   Data           1  mmc_sd.o(.data)
    USART_RX_STA                             0x20000020   Data           2  usart.o(.data)
    UART_TX_Buffer                           0x20000022   Data         128  usart.o(.data)
    UART_TX_Status                           0x200000a2   Data           1  usart.o(.data)
    UART_Buffer_Top                          0x200000a4   Data           2  usart.o(.data)
    UART_Buffer_Bom                          0x200000a6   Data           2  usart.o(.data)
    m_UARTFIFO_PackedDatNum                  0x200000a8   Data           2  usart.o(.data)
    m_PackedDataNumber                       0x200000aa   Data           2  usart.o(.data)
    __stdout                                 0x200000ac   Data           4  usart.o(.data)
    OSCtxSwCtr                               0x200000c4   Data           4  os_core.o(.data)
    OSEventFreeList                          0x200000c8   Data           4  os_core.o(.data)
    OSFlagFreeList                           0x200000cc   Data           4  os_core.o(.data)
    OSCPUUsage                               0x200000d0   Data           1  os_core.o(.data)
    OSIdleCtrMax                             0x200000d4   Data           4  os_core.o(.data)
    OSIdleCtrRun                             0x200000d8   Data           4  os_core.o(.data)
    OSStatRdy                                0x200000dc   Data           1  os_core.o(.data)
    OSIntNesting                             0x200000dd   Data           1  os_core.o(.data)
    OSLockNesting                            0x200000de   Data           1  os_core.o(.data)
    OSPrioCur                                0x200000df   Data           1  os_core.o(.data)
    OSPrioHighRdy                            0x200000e0   Data           1  os_core.o(.data)
    OSRdyGrp                                 0x200000e1   Data           1  os_core.o(.data)
    OSRdyTbl                                 0x200000e2   Data           8  os_core.o(.data)
    OSRunning                                0x200000ea   Data           1  os_core.o(.data)
    OSTaskCtr                                0x200000eb   Data           1  os_core.o(.data)
    OSIdleCtr                                0x200000ec   Data           4  os_core.o(.data)
    OSTCBCur                                 0x200000f0   Data           4  os_core.o(.data)
    OSTCBFreeList                            0x200000f4   Data           4  os_core.o(.data)
    OSTCBHighRdy                             0x200000f8   Data           4  os_core.o(.data)
    OSTCBList                                0x200000fc   Data           4  os_core.o(.data)
    OSTickStepState                          0x20000100   Data           1  os_core.o(.data)
    OSQFreeList                              0x20000104   Data           4  os_core.o(.data)
    OSTime                                   0x20000108   Data           4  os_core.o(.data)
    mallco_dev                               0x2000010c   Data          20  malloc.o(.data)
    FILE_TYPE_TBL                            0x20000120   Data         312  exfuns.o(.data)
    fs                                       0x20000258   Data           8  exfuns.o(.data)
    file                                     0x20000260   Data           4  exfuns.o(.data)
    ftemp                                    0x20000264   Data           4  exfuns.o(.data)
    br                                       0x20000268   Data           4  exfuns.o(.data)
    bw                                       0x2000026c   Data           4  exfuns.o(.data)
    fatbuf                                   0x20000270   Data           4  exfuns.o(.data)
    FLASH_SECTOR_COUNT                       0x2000027e   Data           2  diskio.o(.data)
    opt_str                                  0x20000280   Data         352  lcdopt.o(.data)
    total                                    0x200003e0   Data           2  ch376_api.o(.data)
    SPI_InitStructure                        0x200008e8   Data          18  spi.o(.bss)
    SPI_FLASH_BUF                            0x200008fa   Data        4096  flash.o(.bss)
    calendar                                 0x200018fa   Data          10  rtc.o(.bss)
    USART_RX_BUF                             0x20001904   Data         200  usart.o(.bss)
    Send_Buffer                              0x200019cc   Data         128  usart.o(.bss)
    UART_RX_Buffer                           0x20001a4c   Data         512  usart.o(.bss)
    OSEventTbl                               0x20001c4c   Data         200  os_core.o(.bss)
    OSFlagTbl                                0x20001d14   Data          80  os_core.o(.bss)
    OSTaskStatStk                            0x20001d64   Data         512  os_core.o(.bss)
    OSTaskIdleStk                            0x20001f64   Data         512  os_core.o(.bss)
    OSTCBPrioTbl                             0x20002164   Data         256  os_core.o(.bss)
    OSTCBTbl                                 0x20002264   Data        1008  os_core.o(.bss)
    OSQTbl                                   0x20002654   Data         120  os_core.o(.bss)
    membase                                  0x200026cc   Data       43008  malloc.o(.bss)
    memmapbase                               0x2000cecc   Data        2688  malloc.o(.bss)
    lcdopt_mgr_str                           0x2000d94c   Data         100  lcdopt.o(.bss)
    current_path                             0x2000d9b0   Data          16  fileopt.o(.bss)
    old_msg                                  0x2000d9c0   Data          80  fileopt.o(.bss)
    FileDataBuf                              0x2000db24   Data        1024  ch376_api.o(.bss)
    __libspace_start                         0x2000df24   Data          96  libspace.o(.bss)
    __temporary_stack_top$libspace           0x2000df84   Data           0  libspace.o(.bss)



==============================================================================

Memory Map of the image

  Image Entry point : 0x08000131

  Load Region LR_IROM1 (Base: 0x08000000, Size: 0x0003b2dc, Max: 0x00080000, ABSOLUTE, COMPRESSED[0x0003b064])

    Execution Region ER_IROM1 (Base: 0x08000000, Size: 0x0003aef4, Max: 0x00080000, ABSOLUTE)

    Base Addr    Size         Type   Attr      Idx    E Section Name        Object

    0x08000000   0x00000130   Data   RO          424    RESET               startup_stm32f10x_hd.o
    0x08000130   0x00000008   Code   RO         1020  * !!!main             c_w.l(__main.o)
    0x08000138   0x00000034   Code   RO         1310    !!!scatter          c_w.l(__scatter.o)
    0x0800016c   0x0000005a   Code   RO         1308    !!dczerorl2         c_w.l(__dczerorl2.o)
    0x080001c6   0x00000002   PAD
    0x080001c8   0x0000001c   Code   RO         1312    !!handler_zi        c_w.l(__scatter_zi.o)
    0x080001e4   0x00000000   Code   RO          992    .ARM.Collect$$_printf_percent$$00000000  c_w.l(_printf_percent.o)
    0x080001e4   0x00000006   Code   RO          991    .ARM.Collect$$_printf_percent$$00000003  c_w.l(_printf_f.o)
    0x080001ea   0x00000006   Code   RO          990    .ARM.Collect$$_printf_percent$$00000009  c_w.l(_printf_d.o)
    0x080001f0   0x00000006   Code   RO          988    .ARM.Collect$$_printf_percent$$00000014  c_w.l(_printf_s.o)
    0x080001f6   0x00000004   Code   RO         1082    .ARM.Collect$$_printf_percent$$00000017  c_w.l(_printf_percent_end.o)
    0x080001fa   0x00000006   Code   RO         1185    .ARM.Collect$$libinit$$00000000  c_w.l(libinit.o)
    0x08000200   0x00000000   Code   RO         1188    .ARM.Collect$$libinit$$00000006  c_w.l(libinit2.o)
    0x08000200   0x00000000   Code   RO         1190    .ARM.Collect$$libinit$$00000008  c_w.l(libinit2.o)
    0x08000200   0x00000000   Code   RO         1192    .ARM.Collect$$libinit$$0000000A  c_w.l(libinit2.o)
    0x08000200   0x00000006   Code   RO         1193    .ARM.Collect$$libinit$$0000000B  c_w.l(libinit2.o)
    0x08000206   0x00000000   Code   RO         1195    .ARM.Collect$$libinit$$0000000D  c_w.l(libinit2.o)
    0x08000206   0x0000000c   Code   RO         1196    .ARM.Collect$$libinit$$0000000E  c_w.l(libinit2.o)
    0x08000212   0x00000000   Code   RO         1197    .ARM.Collect$$libinit$$0000000F  c_w.l(libinit2.o)
    0x08000212   0x00000000   Code   RO         1199    .ARM.Collect$$libinit$$00000011  c_w.l(libinit2.o)
    0x08000212   0x0000000a   Code   RO         1200    .ARM.Collect$$libinit$$00000012  c_w.l(libinit2.o)
    0x0800021c   0x00000000   Code   RO         1201    .ARM.Collect$$libinit$$00000013  c_w.l(libinit2.o)
    0x0800021c   0x00000000   Code   RO         1203    .ARM.Collect$$libinit$$00000015  c_w.l(libinit2.o)
    0x0800021c   0x00000000   Code   RO         1205    .ARM.Collect$$libinit$$00000017  c_w.l(libinit2.o)
    0x0800021c   0x00000000   Code   RO         1207    .ARM.Collect$$libinit$$00000019  c_w.l(libinit2.o)
    0x0800021c   0x00000000   Code   RO         1209    .ARM.Collect$$libinit$$0000001B  c_w.l(libinit2.o)
    0x0800021c   0x00000000   Code   RO         1211    .ARM.Collect$$libinit$$0000001D  c_w.l(libinit2.o)
    0x0800021c   0x00000000   Code   RO         1213    .ARM.Collect$$libinit$$0000001F  c_w.l(libinit2.o)
    0x0800021c   0x00000000   Code   RO         1215    .ARM.Collect$$libinit$$00000021  c_w.l(libinit2.o)
    0x0800021c   0x00000000   Code   RO         1219    .ARM.Collect$$libinit$$00000028  c_w.l(libinit2.o)
    0x0800021c   0x00000000   Code   RO         1221    .ARM.Collect$$libinit$$0000002A  c_w.l(libinit2.o)
    0x0800021c   0x00000000   Code   RO         1223    .ARM.Collect$$libinit$$0000002C  c_w.l(libinit2.o)
    0x0800021c   0x00000000   Code   RO         1225    .ARM.Collect$$libinit$$0000002E  c_w.l(libinit2.o)
    0x0800021c   0x00000002   Code   RO         1226    .ARM.Collect$$libinit$$0000002F  c_w.l(libinit2.o)
    0x0800021e   0x00000002   Code   RO         1259    .ARM.Collect$$libshutdown$$00000000  c_w.l(libshutdown.o)
    0x08000220   0x00000000   Code   RO         1269    .ARM.Collect$$libshutdown$$00000003  c_w.l(libshutdown2.o)
    0x08000220   0x00000000   Code   RO         1272    .ARM.Collect$$libshutdown$$00000006  c_w.l(libshutdown2.o)
    0x08000220   0x00000000   Code   RO         1275    .ARM.Collect$$libshutdown$$00000009  c_w.l(libshutdown2.o)
    0x08000220   0x00000000   Code   RO         1277    .ARM.Collect$$libshutdown$$0000000B  c_w.l(libshutdown2.o)
    0x08000220   0x00000000   Code   RO         1280    .ARM.Collect$$libshutdown$$0000000E  c_w.l(libshutdown2.o)
    0x08000220   0x00000002   Code   RO         1281    .ARM.Collect$$libshutdown$$0000000F  c_w.l(libshutdown2.o)
    0x08000222   0x00000000   Code   RO         1064    .ARM.Collect$$rtentry$$00000000  c_w.l(rtentry.o)
    0x08000222   0x00000000   Code   RO         1102    .ARM.Collect$$rtentry$$00000002  c_w.l(rtentry2.o)
    0x08000222   0x00000006   Code   RO         1114    .ARM.Collect$$rtentry$$00000004  c_w.l(rtentry4.o)
    0x08000228   0x00000000   Code   RO         1104    .ARM.Collect$$rtentry$$00000009  c_w.l(rtentry2.o)
    0x08000228   0x00000004   Code   RO         1105    .ARM.Collect$$rtentry$$0000000A  c_w.l(rtentry2.o)
    0x0800022c   0x00000000   Code   RO         1107    .ARM.Collect$$rtentry$$0000000C  c_w.l(rtentry2.o)
    0x0800022c   0x00000008   Code   RO         1108    .ARM.Collect$$rtentry$$0000000D  c_w.l(rtentry2.o)
    0x08000234   0x00000002   Code   RO         1227    .ARM.Collect$$rtexit$$00000000  c_w.l(rtexit.o)
    0x08000236   0x00000000   Code   RO         1234    .ARM.Collect$$rtexit$$00000002  c_w.l(rtexit2.o)
    0x08000236   0x00000004   Code   RO         1235    .ARM.Collect$$rtexit$$00000003  c_w.l(rtexit2.o)
    0x0800023a   0x00000006   Code   RO         1236    .ARM.Collect$$rtexit$$00000004  c_w.l(rtexit2.o)
    0x08000240   0x00000124   Code   RO            1    .text               main.o
    0x08000364   0x0000002c   Code   RO          154    .text               stm32f10x_it.o
    0x08000390   0x000001c8   Code   RO          189    .text               system_stm32f10x.o
    0x08000558   0x0000019c   Code   RO          207    .text               spi.o
    0x080006f4   0x00000360   Code   RO          228    .text               flash.o
    0x08000a54   0x00000524   Code   RO          247    .text               mmc_sd.o
    0x08000f78   0x00000928   Code   RO          269    .text               rc522.o
    0x080018a0   0x000001bc   Code   RO          285    .text               hx711.o
    0x08001a5c   0x00000380   Code   RO          297    .text               rtc.o
    0x08001ddc   0x00000238   Code   RO          317    .text               ch376_spi.o
    0x08002014   0x0000000e   Code   RO          335    .text               debug.o
    0x08002022   0x00000002   PAD
    0x08002024   0x00000880   Code   RO          347    .text               file_sys.o
    0x080028a4   0x000000f4   Code   RO          362    .text               delay.o
    0x08002998   0x0000000c   Code   RO          376    .text               sys.o
    0x080029a4   0x00000744   Code   RO          388    .text               usart.o
    0x080030e8   0x00000040   Code   RO          425    .text               startup_stm32f10x_hd.o
    0x08003128   0x00000358   Code   RO          429    .text               stm32f10x_gpio.o
    0x08003480   0x000003a0   Code   RO          441    .text               stm32f10x_rcc.o
    0x08003820   0x0000040c   Code   RO          455    .text               stm32f10x_usart.o
    0x08003c2c   0x000000dc   Code   RO          467    .text               misc.o
    0x08003d08   0x00000310   Code   RO          479    .text               stm32f10x_spi.o
    0x08004018   0x000000ac   Code   RO          491    .text               stm32f10x_bkp.o
    0x080040c4   0x00000150   Code   RO          503    .text               stm32f10x_rtc.o
    0x08004214   0x000000cc   Code   RO          515    .text               stm32f10x_pwr.o
    0x080042e0   0x00000250   Code   RO          527    .text               stm32f10x_dma.o
    0x08004530   0x000008c0   Code   RO          554    .text               os_core.o
    0x08004df0   0x0000085c   Code   RO          574    .text               os_flag.o
    0x0800564c   0x000005e8   Code   RO          616    .text               os_q.o
    0x08005c34   0x000007ec   Code   RO          640    .text               os_task.o
    0x08006420   0x000001c0   Code   RO          652    .text               os_time.o
    0x080065e0   0x000000ae   Code   RO          670    .text               os_cpu_c.o
    0x0800668e   0x00000002   PAD
    0x08006690   0x000000b4   Code   RO          692    .text               os_cpu_a.o
    0x08006744   0x0000019c   Code   RO          695    .text               malloc.o
    0x080068e0   0x00000198   Code   RO          715    .text               exfuns.o
    0x08006a78   0x0000328a   Code   RO          768    .text               ff.o
    0x08009d02   0x00000002   PAD
    0x08009d04   0x000001f8   Code   RO          789    .text               diskio.o
    0x08009efc   0x000000b4   Code   RO          808    .text               cc936.o
    0x08009fb0   0x00000500   Code   RO          831    .text               ezui_ctrl.o
    0x0800a4b0   0x00000278   Code   RO          861    .text               util.o
    0x0800a728   0x00000ed8   Code   RO          873    .text               lcdopt.o
    0x0800b600   0x000021b0   Code   RO          894    .text               fileopt.o
    0x0800d7b0   0x0000035c   Code   RO          910    .text               ch376_api.o
    0x0800db0c   0x00000002   Code   RO          928    .text               c_w.l(use_no_semi_2.o)
    0x0800db0e   0x00000002   PAD
    0x0800db10   0x0000002c   Code   RO          932    .text               c_w.l(__2sprintf.o)
    0x0800db3c   0x00000052   Code   RO          940    .text               c_w.l(_printf_pad.o)
    0x0800db8e   0x00000052   Code   RO          942    .text               c_w.l(_printf_str.o)
    0x0800dbe0   0x00000078   Code   RO          944    .text               c_w.l(_printf_dec.o)
    0x0800dc58   0x0000010e   Code   RO          975    .text               c_w.l(__printf_wp.o)
    0x0800dd66   0x0000001a   Code   RO          993    .text               c_w.l(atoi.o)
    0x0800dd80   0x0000000c   Code   RO          995    .text               c_w.l(strtok.o)
    0x0800dd8c   0x00000024   Code   RO          998    .text               c_w.l(strstr.o)
    0x0800ddb0   0x00000048   Code   RO         1000    .text               c_w.l(strcpy.o)
    0x0800ddf8   0x0000003e   Code   RO         1002    .text               c_w.l(strlen.o)
    0x0800de36   0x00000096   Code   RO         1004    .text               c_w.l(strncmp.o)
    0x0800decc   0x00000018   Code   RO         1006    .text               c_w.l(strcat.o)
    0x0800dee4   0x0000008a   Code   RO         1008    .text               c_w.l(rt_memcpy_v6.o)
    0x0800df6e   0x00000064   Code   RO         1010    .text               c_w.l(rt_memcpy_w.o)
    0x0800dfd2   0x00000044   Code   RO         1012    .text               c_w.l(rt_memclr.o)
    0x0800e016   0x0000004e   Code   RO         1014    .text               c_w.l(rt_memclr_w.o)
    0x0800e064   0x00000080   Code   RO         1016    .text               c_w.l(strcmpv7m.o)
    0x0800e0e4   0x00000006   Code   RO         1018    .text               c_w.l(heapauxi.o)
    0x0800e0ea   0x00000002   Code   RO         1062    .text               c_w.l(use_no_semi.o)
    0x0800e0ec   0x00000008   Code   RO         1068    .text               c_w.l(rt_errno_addr_intlibspace.o)
    0x0800e0f4   0x000000b8   Code   RO         1070    .text               c_w.l(_printf_intcommon.o)
    0x0800e1ac   0x00000420   Code   RO         1072    .text               c_w.l(_printf_fp_dec.o)
    0x0800e5cc   0x00000030   Code   RO         1074    .text               c_w.l(_printf_char_common.o)
    0x0800e5fc   0x0000000a   Code   RO         1076    .text               c_w.l(_sputc.o)
    0x0800e606   0x0000002c   Code   RO         1078    .text               c_w.l(_printf_char.o)
    0x0800e632   0x00000070   Code   RO         1083    .text               c_w.l(strtol.o)
    0x0800e6a2   0x00000002   PAD
    0x0800e6a4   0x00000044   Code   RO         1085    .text               c_w.l(strtok_int.o)
    0x0800e6e8   0x00000008   Code   RO         1098    .text               c_w.l(libspace.o)
    0x0800e6f0   0x00000010   Code   RO         1116    .text               c_w.l(rt_ctype_table.o)
    0x0800e700   0x00000008   Code   RO         1121    .text               c_w.l(rt_locale_intlibspace.o)
    0x0800e708   0x0000008a   Code   RO         1123    .text               c_w.l(lludiv10.o)
    0x0800e792   0x00000002   PAD
    0x0800e794   0x00000080   Code   RO         1125    .text               c_w.l(_printf_fp_infnan.o)
    0x0800e814   0x0000009e   Code   RO         1129    .text               c_w.l(_strtoul.o)
    0x0800e8b2   0x00000002   PAD
    0x0800e8b4   0x000000e4   Code   RO         1131    .text               c_w.l(bigflt0.o)
    0x0800e998   0x00000020   Code   RO         1163    .text               c_w.l(strcspn.o)
    0x0800e9b8   0x0000001c   Code   RO         1165    .text               c_w.l(strspn.o)
    0x0800e9d4   0x0000004a   Code   RO         1171    .text               c_w.l(sys_stackheap_outer.o)
    0x0800ea1e   0x0000001c   Code   RO         1173    .text               c_w.l(_chval.o)
    0x0800ea3a   0x0000000c   Code   RO         1178    .text               c_w.l(exit.o)
    0x0800ea46   0x00000002   PAD
    0x0800ea48   0x00000008   Code   RO         1243    .text               c_w.l(rt_fp_status_addr_intlibspace.o)
    0x0800ea50   0x0000003e   Code   RO         1134    CL$$btod_d2e        c_w.l(btod.o)
    0x0800ea8e   0x00000046   Code   RO         1136    CL$$btod_d2e_denorm_low  c_w.l(btod.o)
    0x0800ead4   0x00000060   Code   RO         1135    CL$$btod_d2e_norm_op1  c_w.l(btod.o)
    0x0800eb34   0x00000338   Code   RO         1144    CL$$btod_div_common  c_w.l(btod.o)
    0x0800ee6c   0x000000c6   Code   RO         1141    CL$$btod_e2e        c_w.l(btod.o)
    0x0800ef32   0x00000028   Code   RO         1138    CL$$btod_ediv       c_w.l(btod.o)
    0x0800ef5a   0x00000028   Code   RO         1137    CL$$btod_emul       c_w.l(btod.o)
    0x0800ef82   0x00000244   Code   RO         1143    CL$$btod_mult_common  c_w.l(btod.o)
    0x0800f1c6   0x00000028   Code   RO         1169    i.__ARM_fpclassify  m_ws.l(fpclassify.o)
    0x0800f1ee   0x0000000e   Code   RO          977    i._is_digit         c_w.l(__printf_wp.o)
    0x0800f1fc   0x0000002c   Code   RO         1161    locale$$code        c_w.l(lc_numeric_c.o)
    0x0800f228   0x0000002c   Code   RO         1176    locale$$code        c_w.l(lc_ctype_c.o)
    0x0800f254   0x00000062   Code   RO         1022    x$fpl$d2f           fz_ws.l(d2f.o)
    0x0800f2b6   0x00000002   PAD
    0x0800f2b8   0x00000150   Code   RO         1024    x$fpl$dadd          fz_ws.l(daddsub_clz.o)
    0x0800f408   0x00000154   Code   RO         1030    x$fpl$dmul          fz_ws.l(dmul.o)
    0x0800f55c   0x0000009c   Code   RO         1087    x$fpl$dnaninf       fz_ws.l(dnaninf.o)
    0x0800f5f8   0x0000000c   Code   RO         1089    x$fpl$dretinf       fz_ws.l(dretinf.o)
    0x0800f604   0x000001d4   Code   RO         1026    x$fpl$dsub          fz_ws.l(daddsub_clz.o)
    0x0800f7d8   0x00000056   Code   RO         1032    x$fpl$f2d           fz_ws.l(f2d.o)
    0x0800f82e   0x00000002   PAD
    0x0800f830   0x000000c4   Code   RO         1034    x$fpl$fadd          fz_ws.l(faddsub_clz.o)
    0x0800f8f4   0x00000018   Code   RO         1091    x$fpl$fcmpinf       fz_ws.l(fcmpi.o)
    0x0800f90c   0x00000184   Code   RO         1041    x$fpl$fdiv          fz_ws.l(fdiv.o)
    0x0800fa90   0x00000068   Code   RO         1044    x$fpl$feqf          fz_ws.l(feqf.o)
    0x0800faf8   0x00000036   Code   RO         1046    x$fpl$ffix          fz_ws.l(ffix.o)
    0x0800fb2e   0x00000002   PAD
    0x0800fb30   0x00000030   Code   RO         1051    x$fpl$fflt          fz_ws.l(fflt_clz.o)
    0x0800fb60   0x00000026   Code   RO         1050    x$fpl$ffltu         fz_ws.l(fflt_clz.o)
    0x0800fb86   0x00000002   PAD
    0x0800fb88   0x00000068   Code   RO         1056    x$fpl$fleqf         fz_ws.l(fleqf.o)
    0x0800fbf0   0x00000102   Code   RO         1058    x$fpl$fmul          fz_ws.l(fmul.o)
    0x0800fcf2   0x0000008c   Code   RO         1093    x$fpl$fnaninf       fz_ws.l(fnaninf.o)
    0x0800fd7e   0x0000000e   Code   RO         1231    x$fpl$fpinit        fz_ws.l(fpinit.o)
    0x0800fd8c   0x0000000a   Code   RO         1095    x$fpl$fretinf       fz_ws.l(fretinf.o)
    0x0800fd96   0x00000014   Code   RO         1035    x$fpl$frsb          fz_ws.l(faddsub_clz.o)
    0x0800fdaa   0x00000002   PAD
    0x0800fdac   0x000000ea   Code   RO         1036    x$fpl$fsub          fz_ws.l(faddsub_clz.o)
    0x0800fe96   0x00000004   Code   RO         1060    x$fpl$printf1       fz_ws.l(printf1.o)
    0x0800fe9a   0x00000000   Code   RO         1097    x$fpl$usenofp       fz_ws.l(usenofp.o)
    0x0800fe9a   0x00000018   Data   RO          299    .constdata          rtc.o
    0x0800feb2   0x00000100   Data   RO          556    .constdata          os_core.o
    0x0800ffb2   0x0000003a   Data   RO          769    .constdata          ff.o
    0x0800ffec   0x0002acc8   Data   RO          809    .constdata          cc936.o
    0x0803acb4   0x00000005   Data   RO          875    .constdata          lcdopt.o
    0x0803acb9   0x00000003   PAD
    0x0803acbc   0x00000094   Data   RO         1132    .constdata          c_w.l(bigflt0.o)
    0x0803ad50   0x00000058   Data   RO          717    .conststring        exfuns.o
    0x0803ada8   0x00000020   Data   RO         1306    Region$$Table       anon$$obj.o
    0x0803adc8   0x0000001c   Data   RO         1160    locale$$data        c_w.l(lc_numeric_c.o)
    0x0803ade4   0x00000110   Data   RO         1175    locale$$data        c_w.l(lc_ctype_c.o)


    Execution Region RW_IRAM1 (Base: 0x20000000, Size: 0x0000e588, Max: 0x00010000, ABSOLUTE, COMPRESSED[0x00000170])

    Base Addr    Size         Type   Attr      Idx    E Section Name        Object

    0x20000000   0x00000014   Data   RW          190    .data               system_stm32f10x.o
    0x20000014   0x00000002   Data   RW          230    .data               flash.o
    0x20000016   0x00000001   Data   RW          248    .data               mmc_sd.o
    0x20000017   0x00000001   PAD
    0x20000018   0x00000002   Data   RW          300    .data               rtc.o
    0x2000001a   0x00000004   Data   RW          363    .data               delay.o
    0x2000001e   0x00000002   PAD
    0x20000020   0x00000090   Data   RW          390    .data               usart.o
    0x200000b0   0x00000014   Data   RW          442    .data               stm32f10x_rcc.o
    0x200000c4   0x00000048   Data   RW          557    .data               os_core.o
    0x2000010c   0x00000014   Data   RW          698    .data               malloc.o
    0x20000120   0x00000154   Data   RW          718    .data               exfuns.o
    0x20000274   0x0000000a   Data   RW          770    .data               ff.o
    0x2000027e   0x00000002   Data   RW          790    .data               diskio.o
    0x20000280   0x00000160   Data   RW          876    .data               lcdopt.o
    0x200003e0   0x00000002   Data   RW          912    .data               ch376_api.o
    0x200003e2   0x00000002   PAD
    0x200003e4   0x00000004   Data   RW          996    .data               c_w.l(strtok.o)
    0x200003e8   0x00000500   Zero   RW            2    .bss                main.o
    0x200008e8   0x00000012   Zero   RW          208    .bss                spi.o
    0x200008fa   0x00001000   Zero   RW          229    .bss                flash.o
    0x200018fa   0x0000000a   Zero   RW          298    .bss                rtc.o
    0x20001904   0x00000348   Zero   RW          389    .bss                usart.o
    0x20001c4c   0x00000a80   Zero   RW          555    .bss                os_core.o
    0x200026cc   0x0000b280   Zero   RW          696    .bss                malloc.o
    0x2000d94c   0x00000064   Zero   RW          874    .bss                lcdopt.o
    0x2000d9b0   0x00000174   Zero   RW          895    .bss                fileopt.o
    0x2000db24   0x00000400   Zero   RW          911    .bss                ch376_api.o
    0x2000df24   0x00000060   Zero   RW         1099    .bss                c_w.l(libspace.o)
    0x2000df84   0x00000004   PAD
    0x2000df88   0x00000200   Zero   RW          423    HEAP                startup_stm32f10x_hd.o
    0x2000e188   0x00000400   Zero   RW          422    STACK               startup_stm32f10x_hd.o


==============================================================================

Image component sizes


      Code (inc. data)   RO Data    RW Data    ZI Data      Debug   Object Name

       180         18     175304          0          0       1945   cc936.o
       860         30          0          2       1024       2851   ch376_api.o
       568         36          0          0          0      13382   ch376_spi.o
         0          0          0          0          0         32   core_cm3.o
        14          0          0          0          0        471   debug.o
       244         20          0          4          0       1187   delay.o
       504         12          0          2          0       3366   diskio.o
       408         20         88        340          0       4928   exfuns.o
      1280         16          0          0          0       7627   ezui_ctrl.o
     12938        140         58         10          0      35926   ff.o
      2176          6          0          0          0      11475   file_sys.o
      8624        668          0          0        372      20763   fileopt.o
       864         22          0          2       4096       4285   flash.o
       444         24          0          0          0       1271   hx711.o
      3800        104          5        352        100      18897   lcdopt.o
       292         48          0          0       1280     257200   main.o
       412          6          0         20      45696       3709   malloc.o
       220         20          0          0          0       1665   misc.o
      1316         16          0          1          0       5658   mmc_sd.o
      2240        218        256         72       2688      14687   os_core.o
       180         36          0          0          0        260   os_cpu_a.o
       174          0          0          0          0      10106   os_cpu_c.o
      2140         44          0          0          0       6972   os_flag.o
      1512         30          0          0          0       5621   os_q.o
      2028         70          0          0          0       7645   os_task.o
       448         30          0          0          0       1782   os_time.o
      2344         14          0          0          0       7468   rc522.o
       896         30         24          2         10       3682   rtc.o
       412         16          0          0         18       8244   spi.o
        64         26        304          0       1536        728   startup_stm32f10x_hd.o
       172          8          0          0          0       3252   stm32f10x_bkp.o
       592          8          0          0          0       4230   stm32f10x_dma.o
       856         40          0          0          0       5601   stm32f10x_gpio.o
        44          0          0          0          0      10896   stm32f10x_it.o
       204         16          0          0          0       1887   stm32f10x_pwr.o
       928         44          0         20          0       8712   stm32f10x_rcc.o
       336          4          0          0          0       2658   stm32f10x_rtc.o
       784         12          0          0          0       6502   stm32f10x_spi.o
      1036         20          0          0          0       8344   stm32f10x_usart.o
        12          0          0          0          0        385   sys.o
       456         36          0         20          0       1543   system_stm32f10x.o
      1860         62          0        144        840       6513   usart.o
       632         40          0          0          0       1694   util.o

    ----------------------------------------------------------------------
     55500       2010     176074        996      57660     526050   Object Totals
         0          0         32          0          0          0   (incl. Generated)
         6          0          3          5          0          0   (incl. Padding)

    ----------------------------------------------------------------------

      Code (inc. data)   RO Data    RW Data    ZI Data      Debug   Library Member Name

        44          6          0          0          0         84   __2sprintf.o
        90          0          0          0          0          0   __dczerorl2.o
         8          0          0          0          0         68   __main.o
       284          0          0          0          0        156   __printf_wp.o
        52          8          0          0          0          0   __scatter.o
        28          0          0          0          0          0   __scatter_zi.o
        28          0          0          0          0         68   _chval.o
        44          0          0          0          0        108   _printf_char.o
        48          6          0          0          0         96   _printf_char_common.o
         6          0          0          0          0          0   _printf_d.o
       120         18          0          0          0         92   _printf_dec.o
         6          0          0          0          0          0   _printf_f.o
      1056          0          0          0          0        216   _printf_fp_dec.o
       128         16          0          0          0         84   _printf_fp_infnan.o
       184          0          0          0          0         88   _printf_intcommon.o
        82          0          0          0          0        108   _printf_pad.o
         0          0          0          0          0          0   _printf_percent.o
         4          0          0          0          0          0   _printf_percent_end.o
         6          0          0          0          0          0   _printf_s.o
        82          0          0          0          0         80   _printf_str.o
        10          0          0          0          0         68   _sputc.o
       158          0          0          0          0         92   _strtoul.o
        26          0          0          0          0         80   atoi.o
       228          6        148          0          0         96   bigflt0.o
      1910        128          0          0          0        672   btod.o
        12          0          0          0          0         72   exit.o
         6          0          0          0          0        152   heapauxi.o
        44         10        272          0          0         76   lc_ctype_c.o
        44         10         28          0          0         76   lc_numeric_c.o
         6          0          0          0          0          0   libinit.o
        30          0          0          0          0          0   libinit2.o
         2          0          0          0          0          0   libshutdown.o
         2          0          0          0          0          0   libshutdown2.o
         8          4          0          0         96         68   libspace.o
       138          0          0          0          0         80   lludiv10.o
        16          4          0          0          0         76   rt_ctype_table.o
         8          4          0          0          0         68   rt_errno_addr_intlibspace.o
         8          4          0          0          0         68   rt_fp_status_addr_intlibspace.o
         8          4          0          0          0         68   rt_locale_intlibspace.o
        68          0          0          0          0         68   rt_memclr.o
        78          0          0          0          0         80   rt_memclr_w.o
       138          0          0          0          0         68   rt_memcpy_v6.o
       100          0          0          0          0         80   rt_memcpy_w.o
         0          0          0          0          0          0   rtentry.o
        12          0          0          0          0          0   rtentry2.o
         6          0          0          0          0          0   rtentry4.o
         2          0          0          0          0          0   rtexit.o
        10          0          0          0          0          0   rtexit2.o
        24          0          0          0          0         68   strcat.o
       128          0          0          0          0         68   strcmpv7m.o
        72          0          0          0          0         80   strcpy.o
        32          0          0          0          0         80   strcspn.o
        62          0          0          0          0         76   strlen.o
       150          0          0          0          0         80   strncmp.o
        28          0          0          0          0         80   strspn.o
        36          0          0          0          0         80   strstr.o
        12          6          0          4          0         68   strtok.o
        68          4          0          0          0         84   strtok_int.o
       112          0          0          0          0         88   strtol.o
        74          0          0          0          0         80   sys_stackheap_outer.o
         2          0          0          0          0         68   use_no_semi.o
         2          0          0          0          0         68   use_no_semi_2.o
        98          4          0          0          0         92   d2f.o
       804         16          0          0          0        280   daddsub_clz.o
       340         12          0          0          0        104   dmul.o
       156          4          0          0          0         92   dnaninf.o
        12          0          0          0          0         68   dretinf.o
        86          4          0          0          0         84   f2d.o
       450          8          0          0          0        236   faddsub_clz.o
        24          0          0          0          0         68   fcmpi.o
       388         76          0          0          0         96   fdiv.o
       104          4          0          0          0         84   feqf.o
        54          4          0          0          0         84   ffix.o
        86          0          0          0          0        136   fflt_clz.o
       104          4          0          0          0         84   fleqf.o
       258          4          0          0          0         84   fmul.o
       140          4          0          0          0         84   fnaninf.o
        14          0          0          0          0         76   fpinit.o
        10          0          0          0          0         68   fretinf.o
         4          0          0          0          0         68   printf1.o
         0          0          0          0          0          0   usenofp.o
        40          0          0          0          0         68   fpclassify.o

    ----------------------------------------------------------------------
      9374        382        448          4        100       6380   Library Totals
        22          0          0          0          4          0   (incl. Padding)

    ----------------------------------------------------------------------

      Code (inc. data)   RO Data    RW Data    ZI Data      Debug   Library Name

      6180        238        448          4         96       4424   c_w.l
      3132        144          0          0          0       1888   fz_ws.l
        40          0          0          0          0         68   m_ws.l

    ----------------------------------------------------------------------
      9374        382        448          4        100       6380   Library Totals

    ----------------------------------------------------------------------

==============================================================================


      Code (inc. data)   RO Data    RW Data    ZI Data      Debug   

     64874       2392     176522       1000      57760     524422   Grand Totals
     64874       2392     176522        368      57760     524422   ELF Image Totals (compressed)
     64874       2392     176522        368          0          0   ROM Totals

==============================================================================

    Total RO  Size (Code + RO Data)               241396 ( 235.74kB)
    Total RW  Size (RW Data + ZI Data)             58760 (  57.38kB)
    Total ROM Size (Code + RO Data + RW Data)     241764 ( 236.10kB)

==============================================================================

