ARM Linker, 4.1 [Build 894] [Standard]

==============================================================================

Section Cross References

    main.o(.text) refers to sys.o(.text) for NVIC_Configuration
    main.o(.text) refers to delay.o(.text) for delay_init
    main.o(.text) refers to usart.o(.text) for uart_printer_init
    main.o(.text) refers to rc522.o(.text) for InitRfid
    main.o(.text) refers to flash.o(.text) for SPI_Flash_Init
    main.o(.text) refers to malloc.o(.text) for mem_init
    main.o(.text) refers to exfuns.o(.text) for exfuns_init
    main.o(.text) refers to rtc.o(.text) for RTC_Init
    main.o(.text) refers to ff.o(.text) for f_mount
    main.o(.text) refers to hx711.o(.text) for AD_GPIO_Configuration
    main.o(.text) refers to fileopt.o(.text) for fileopt_init
    main.o(.text) refers to lcdopt.o(.text) for lcdopt_init
    main.o(.text) refers to os_cpu_a.o(.text) for OS_CPU_SR_Save
    main.o(.text) refers to os_task.o(.text) for OSTaskCreate
    main.o(.text) refers to os_core.o(.text) for OSInit
    main.o(.text) refers to exfuns.o(.data) for fs
    main.o(.text) refers to main.o(.bss) for MAIN_TASK_STK
    stm32f10x_it.o(.text) refers to stm32f10x_dma.o(.text) for DMA_GetITStatus
    system_stm32f10x.o(.text) refers to system_stm32f10x.o(.data) for SystemCoreClock
    spi.o(.text) refers to stm32f10x_spi.o(.text) for SPI_I2S_GetFlagStatus
    spi.o(.text) refers to stm32f10x_rcc.o(.text) for RCC_APB2PeriphClockCmd
    spi.o(.text) refers to stm32f10x_gpio.o(.text) for GPIO_Init
    spi.o(.text) refers to spi.o(.bss) for SPI_InitStructure
    flash.o(.text) refers to spi.o(.text) for SPI1_ReadWriteByte
    flash.o(.text) refers to stm32f10x_rcc.o(.text) for RCC_APB2PeriphClockCmd
    flash.o(.text) refers to stm32f10x_gpio.o(.text) for GPIO_Init
    flash.o(.text) refers to delay.o(.text) for delay_us
    flash.o(.text) refers to flash.o(.data) for SPI_FLASH_TYPE
    flash.o(.text) refers to flash.o(.bss) for SPI_FLASH_BUF
    mmc_sd.o(.text) refers to spi.o(.text) for SPI1_ReadWriteByte
    mmc_sd.o(.text) refers to stm32f10x_rcc.o(.text) for RCC_APB2PeriphClockCmd
    mmc_sd.o(.text) refers to stm32f10x_gpio.o(.text) for GPIO_Init
    mmc_sd.o(.text) refers to mmc_sd.o(.data) for SD_Type
    rc522.o(.text) refers to stm32f10x_gpio.o(.text) for GPIO_ResetBits
    rc522.o(.text) refers to rt_memclr_w.o(.text) for __aeabi_memclr4
    rc522.o(.text) refers to delay.o(.text) for delay_us
    rc522.o(.text) refers to spi.o(.text) for Myspi_Init
    rc522.o(.text) refers to util.o(.text) for my_itoa
    rc522.o(.text) refers to strcat.o(.text) for strcat
    hx711.o(.text) refers to stm32f10x_gpio.o(.text) for GPIO_Init
    hx711.o(.text) refers to delay.o(.text) for delay_us
    hx711.o(.text) refers to fflt_clz.o(x$fpl$ffltu) for __aeabi_ui2f
    hx711.o(.text) refers to f2d.o(x$fpl$f2d) for __aeabi_f2d
    hx711.o(.text) refers to dmul.o(x$fpl$dmul) for __aeabi_dmul
    hx711.o(.text) refers to d2f.o(x$fpl$d2f) for __aeabi_d2f
    hx711.o(.text) refers to fdiv.o(x$fpl$fdiv) for __aeabi_fdiv
    hx711.o(.text) refers to fleqf.o(x$fpl$fleqf) for __aeabi_cfcmple
    hx711.o(.text) refers to faddsub_clz.o(x$fpl$fsub) for __aeabi_fsub
    hx711.o(.text) refers to daddsub_clz.o(x$fpl$dadd) for __aeabi_dadd
    rtc.o(.text) refers to misc.o(.text) for NVIC_Init
    rtc.o(.text) refers to stm32f10x_rtc.o(.text) for RTC_GetCounter
    rtc.o(.text) refers to stm32f10x_rcc.o(.text) for RCC_APB1PeriphClockCmd
    rtc.o(.text) refers to stm32f10x_pwr.o(.text) for PWR_BackupAccessCmd
    rtc.o(.text) refers to stm32f10x_bkp.o(.text) for BKP_ReadBackupRegister
    rtc.o(.text) refers to delay.o(.text) for delay_ms
    rtc.o(.text) refers to rtc.o(.constdata) for table_week
    rtc.o(.text) refers to rtc.o(.data) for daycnt
    rtc.o(.text) refers to rtc.o(.bss) for calendar
    ch376_spi.o(.text) refers to delay.o(.text) for delay_us
    file_sys.o(.text) refers to ch376_spi.o(.text) for xWriteCH376Cmd
    file_sys.o(.text) refers to delay.o(.text) for delay_ms
    delay.o(.text) refers to os_core.o(.text) for OSIntEnter
    delay.o(.text) refers to misc.o(.text) for SysTick_CLKSourceConfig
    delay.o(.text) refers to os_time.o(.text) for OSTimeDly
    delay.o(.text) refers to system_stm32f10x.o(.data) for SystemCoreClock
    delay.o(.text) refers to delay.o(.data) for fac_us
    delay.o(.text) refers to os_core.o(.data) for OSRunning
    sys.o(.text) refers to misc.o(.text) for NVIC_PriorityGroupConfig
    usart.o(.text) refers (Special) to use_no_semi_2.o(.text) for __use_no_semihosting
    usart.o(.text) refers to os_core.o(.text) for OSIntEnter
    usart.o(.text) refers to stm32f10x_usart.o(.text) for USART_GetITStatus
    usart.o(.text) refers to stm32f10x_rcc.o(.text) for RCC_APB2PeriphClockCmd
    usart.o(.text) refers to stm32f10x_gpio.o(.text) for GPIO_Init
    usart.o(.text) refers to misc.o(.text) for NVIC_Init
[...]
    I2C2_EV_IRQHandler                       0x080030bf   Thumb Code     0  startup_stm32f10x_hd.o(.text)
    PVD_IRQHandler                           0x080030bf   Thumb Code     0  startup_stm32f10x_hd.o(.text)
    RCC_IRQHandler                           0x080030bf   Thumb Code     0  startup_stm32f10x_hd.o(.text)
    RTCAlarm_IRQHandler                      0x080030bf   Thumb Code     0  startup_stm32f10x_hd.o(.text)
    SDIO_IRQHandler                          0x080030bf   Thumb Code     0  startup_stm32f10x_hd.o(.text)
    SPI1_IRQHandler                          0x080030bf   Thumb Code     0  startup_stm32f10x_hd.o(.text)
    SPI2_IRQHandler                          0x080030bf   Thumb Code     0  startup_stm32f10x_hd.o(.text)
    SPI3_IRQHandler                          0x080030bf   Thumb Code     0  startup_stm32f10x_hd.o(.text)
    TAMPER_IRQHandler                        0x080030bf   Thumb Code     0  startup_stm32f10x_hd.o(.text)
    TIM1_BRK_IRQHandler                      0x080030bf   Thumb Code     0  startup_stm32f10x_hd.o(.text)
    TIM1_CC_IRQHandler                       0x080030bf   Thumb Code     0  startup_stm32f10x_hd.o(.text)
    TIM1_TRG_COM_IRQHandler                  0x080030bf   Thumb Code     0  startup_stm32f10x_hd.o(.text)
    TIM1_UP_IRQHandler                       0x080030bf   Thumb Code     0  startup_stm32f10x_hd.o(.text)
    TIM2_IRQHandler                          0x080030bf   Thumb Code     0  startup_stm32f10x_hd.o(.text)
    TIM3_IRQHandler                          0x080030bf   Thumb Code     0  startup_stm32f10x_hd.o(.text)
    TIM4_IRQHandler                          0x080030bf   Thumb Code     0  startup_stm32f10x_hd.o(.text)
    TIM5_IRQHandler                          0x080030bf   Thumb Code     0  startup_stm32f10x_hd.o(.text)
    TIM6_IRQHandler                          0x080030bf   Thumb Code     0  startup_stm32f10x_hd.o(.text)
    TIM7_IRQHandler                          0x080030bf   Thumb Code     0  startup_stm32f10x_hd.o(.text)
    TIM8_BRK_IRQHandler                      0x080030bf   Thumb Code     0  startup_stm32f10x_hd.o(.text)
    TIM8_CC_IRQHandler                       0x080030bf   Thumb Code     0  startup_stm32f10x_hd.o(.text)
    TIM8_TRG_COM_IRQHandler                  0x080030bf   Thumb Code     0  startup_stm32f10x_hd.o(.text)
    TIM8_UP_IRQHandler                       0x080030bf   Thumb Code     0  startup_stm32f10x_hd.o(.text)
    UART4_IRQHandler                         0x080030bf   Thumb Code     0  startup_stm32f10x_hd.o(.text)
    UART5_IRQHandler                         0x080030bf   Thumb Code     0  startup_stm32f10x_hd.o(.text)
    USART1_IRQHandler                        0x080030bf   Thumb Code     0  startup_stm32f10x_hd.o(.text)
    USART3_IRQHandler                        0x080030bf   Thumb Code     0  startup_stm32f10x_hd.o(.text)
    USBWakeUp_IRQHandler                     0x080030bf   Thumb Code     0  startup_stm32f10x_hd.o(.text)
    USB_HP_CAN1_TX_IRQHandler                0x080030bf   Thumb Code     0  startup_stm32f10x_hd.o(.text)
    USB_LP_CAN1_RX0_IRQHandler               0x080030bf   Thumb Code     0  startup_stm32f10x_hd.o(.text)
    WWDG_IRQHandler                          0x080030bf   Thumb Code     0  startup_stm32f10x_hd.o(.text)
    __user_initial_stackheap                 0x080030c1   Thumb Code     0  startup_stm32f10x_hd.o(.text)
    GPIO_DeInit                              0x080030e5   Thumb Code   172  stm32f10x_gpio.o(.text)
    GPIO_AFIODeInit                          0x08003191   Thumb Code    20  stm32f10x_gpio.o(.text)
    GPIO_Init                                0x080031a5   Thumb Code   274  stm32f10x_gpio.o(.text)
    GPIO_StructInit                          0x080032b7   Thumb Code    16  stm32f10x_gpio.o(.text)
    GPIO_ReadInputDataBit                    0x080032c7   Thumb Code    18  stm32f10x_gpio.o(.text)
    GPIO_ReadInputData                       0x080032d9   Thumb Code     8  stm32f10x_gpio.o(.text)
    GPIO_ReadOutputDataBit                   0x080032e1   Thumb Code    18  stm32f10x_gpio.o(.text)
    GPIO_ReadOutputData                      0x080032f3   Thumb Code     8  stm32f10x_gpio.o(.text)
    GPIO_SetBits                             0x080032fb   Thumb Code     4  stm32f10x_gpio.o(.text)
    GPIO_ResetBits                           0x080032ff   Thumb Code     4  stm32f10x_gpio.o(.text)
    GPIO_WriteBit                            0x08003303   Thumb Code    10  stm32f10x_gpio.o(.text)
    GPIO_Write                               0x0800330d   Thumb Code     4  stm32f10x_gpio.o(.text)
    GPIO_PinLockConfig                       0x08003311   Thumb Code    18  stm32f10x_gpio.o(.text)
    GPIO_EventOutputConfig                   0x08003323   Thumb Code    26  stm32f10x_gpio.o(.text)
    GPIO_EventOutputCmd                      0x0800333d   Thumb Code     6  stm32f10x_gpio.o(.text)
    GPIO_PinRemapConfig                      0x08003343   Thumb Code   138  stm32f10x_gpio.o(.text)
    GPIO_EXTILineConfig                      0x080033cd   Thumb Code    66  stm32f10x_gpio.o(.text)
    GPIO_ETH_MediaInterfaceConfig            0x0800340f   Thumb Code     6  stm32f10x_gpio.o(.text)
    RCC_DeInit                               0x0800343d   Thumb Code    64  stm32f10x_rcc.o(.text)
    RCC_HSEConfig                            0x0800347d   Thumb Code    70  stm32f10x_rcc.o(.text)
    RCC_GetFlagStatus                        0x080034c3   Thumb Code    56  stm32f10x_rcc.o(.text)
    RCC_WaitForHSEStartUp                    0x080034fb   Thumb Code    48  stm32f10x_rcc.o(.text)
    RCC_AdjustHSICalibrationValue            0x0800352b   Thumb Code    20  stm32f10x_rcc.o(.text)
    RCC_HSICmd                               0x0800353f   Thumb Code     6  stm32f10x_rcc.o(.text)
    RCC_PLLConfig                            0x08003545   Thumb Code    24  stm32f10x_rcc.o(.text)
    RCC_PLLCmd                               0x0800355d   Thumb Code     6  stm32f10x_rcc.o(.text)
    RCC_SYSCLKConfig                         0x08003563   Thumb Code    18  stm32f10x_rcc.o(.text)
    RCC_GetSYSCLKSource                      0x08003575   Thumb Code    10  stm32f10x_rcc.o(.text)
    RCC_HCLKConfig                           0x0800357f   Thumb Code    18  stm32f10x_rcc.o(.text)
    RCC_PCLK1Config                          0x08003591   Thumb Code    18  stm32f10x_rcc.o(.text)
    RCC_PCLK2Config                          0x080035a3   Thumb Code    20  stm32f10x_rcc.o(.text)
    RCC_ITConfig                             0x080035b7   Thumb Code    30  stm32f10x_rcc.o(.text)
    RCC_USBCLKConfig                         0x080035d5   Thumb Code     6  stm32f10x_rcc.o(.text)
    RCC_ADCCLKConfig                         0x080035db   Thumb Code    18  stm32f10x_rcc.o(.text)
    RCC_LSEConfig                            0x080035ed   Thumb Code    44  stm32f10x_rcc.o(.text)
    RCC_LSICmd                               0x08003619   Thumb Code     6  stm32f10x_rcc.o(.text)
    RCC_RTCCLKConfig                         0x0800361f   Thumb Code    12  stm32f10x_rcc.o(.text)
    RCC_RTCCLKCmd                            0x0800362b   Thumb Code     8  stm32f10x_rcc.o(.text)
    RCC_GetClocksFreq                        0x08003633   Thumb Code   192  stm32f10x_rcc.o(.text)
    RCC_AHBPeriphClockCmd                    0x080036f3   Thumb Code    26  stm32f10x_rcc.o(.text)
    RCC_APB2PeriphClockCmd                   0x0800370d   Thumb Code    26  stm32f10x_rcc.o(.text)
    RCC_APB1PeriphClockCmd                   0x08003727   Thumb Code    26  stm32f10x_rcc.o(.text)
    RCC_APB2PeriphResetCmd                   0x08003741   Thumb Code    26  stm32f10x_rcc.o(.text)
    RCC_APB1PeriphResetCmd                   0x0800375b   Thumb Code    26  stm32f10x_rcc.o(.text)
    RCC_BackupResetCmd                       0x08003775   Thumb Code     8  stm32f10x_rcc.o(.text)
    RCC_ClockSecuritySystemCmd               0x0800377d   Thumb Code     6  stm32f10x_rcc.o(.text)
    RCC_MCOConfig                            0x08003783   Thumb Code     6  stm32f10x_rcc.o(.text)
    RCC_ClearFlag                            0x08003789   Thumb Code    14  stm32f10x_rcc.o(.text)
    RCC_GetITStatus                          0x08003797   Thumb Code    20  stm32f10x_rcc.o(.text)
    RCC_ClearITPendingBit                    0x080037ab   Thumb Code     6  stm32f10x_rcc.o(.text)
    USART_DeInit                             0x080037dd   Thumb Code   134  stm32f10x_usart.o(.text)
    USART_Init                               0x08003863   Thumb Code   210  stm32f10x_usart.o(.text)
    USART_StructInit                         0x08003935   Thumb Code    24  stm32f10x_usart.o(.text)
    USART_ClockInit                          0x0800394d   Thumb Code    34  stm32f10x_usart.o(.text)
    USART_ClockStructInit                    0x0800396f   Thumb Code    12  stm32f10x_usart.o(.text)
    USART_Cmd                                0x0800397b   Thumb Code    24  stm32f10x_usart.o(.text)
    USART_ITConfig                           0x08003993   Thumb Code    74  stm32f10x_usart.o(.text)
    USART_DMACmd                             0x080039dd   Thumb Code    24  stm32f10x_usart.o(.text)
    USART_SetAddress                         0x080039f5   Thumb Code    18  stm32f10x_usart.o(.text)
    USART_WakeUpConfig                       0x08003a07   Thumb Code    18  stm32f10x_usart.o(.text)
    USART_ReceiverWakeUpCmd                  0x08003a19   Thumb Code    24  stm32f10x_usart.o(.text)
    USART_LINBreakDetectLengthConfig         0x08003a31   Thumb Code    18  stm32f10x_usart.o(.text)
    USART_LINCmd                             0x08003a43   Thumb Code    24  stm32f10x_usart.o(.text)
    USART_SendData                           0x08003a5b   Thumb Code     8  stm32f10x_usart.o(.text)
    USART_ReceiveData                        0x08003a63   Thumb Code    10  stm32f10x_usart.o(.text)
    USART_SendBreak                          0x08003a6d   Thumb Code    10  stm32f10x_usart.o(.text)
    USART_SetGuardTime                       0x08003a77   Thumb Code    16  stm32f10x_usart.o(.text)
    USART_SetPrescaler                       0x08003a87   Thumb Code    16  stm32f10x_usart.o(.text)
    USART_SmartCardCmd                       0x08003a97   Thumb Code    24  stm32f10x_usart.o(.text)
    USART_SmartCardNACKCmd                   0x08003aaf   Thumb Code    24  stm32f10x_usart.o(.text)
    USART_HalfDuplexCmd                      0x08003ac7   Thumb Code    24  stm32f10x_usart.o(.text)
    USART_OverSampling8Cmd                   0x08003adf   Thumb Code    22  stm32f10x_usart.o(.text)
    USART_OneBitMethodCmd                    0x08003af5   Thumb Code    24  stm32f10x_usart.o(.text)
    USART_IrDAConfig                         0x08003b0d   Thumb Code    18  stm32f10x_usart.o(.text)
    USART_IrDACmd                            0x08003b1f   Thumb Code    24  stm32f10x_usart.o(.text)
    USART_GetFlagStatus                      0x08003b37   Thumb Code    26  stm32f10x_usart.o(.text)
    USART_ClearFlag                          0x08003b51   Thumb Code    18  stm32f10x_usart.o(.text)
    USART_GetITStatus                        0x08003b63   Thumb Code    84  stm32f10x_usart.o(.text)
    USART_ClearITPendingBit                  0x08003bb7   Thumb Code    50  stm32f10x_usart.o(.text)
    NVIC_PriorityGroupConfig                 0x08003be9   Thumb Code    10  misc.o(.text)
    NVIC_Init                                0x08003bf3   Thumb Code   102  misc.o(.text)
    NVIC_SetVectorTable                      0x08003c59   Thumb Code    14  misc.o(.text)
    NVIC_SystemLPConfig                      0x08003c67   Thumb Code    34  misc.o(.text)
    SysTick_CLKSourceConfig                  0x08003c89   Thumb Code    40  misc.o(.text)
    SPI_I2S_DeInit                           0x08003cc5   Thumb Code    76  stm32f10x_spi.o(.text)
    SPI_Init                                 0x08003d11   Thumb Code    60  stm32f10x_spi.o(.text)
    I2S_Init                                 0x08003d4d   Thumb Code   222  stm32f10x_spi.o(.text)
    SPI_StructInit                           0x08003e2b   Thumb Code    24  stm32f10x_spi.o(.text)
    I2S_StructInit                           0x08003e43   Thumb Code    20  stm32f10x_spi.o(.text)
    SPI_Cmd                                  0x08003e57   Thumb Code    24  stm32f10x_spi.o(.text)
    I2S_Cmd                                  0x08003e6f   Thumb Code    24  stm32f10x_spi.o(.text)
    SPI_I2S_ITConfig                         0x08003e87   Thumb Code    36  stm32f10x_spi.o(.text)
    SPI_I2S_DMACmd                           0x08003eab   Thumb Code    24  stm32f10x_spi.o(.text)
    SPI_I2S_SendData                         0x08003ec3   Thumb Code     4  stm32f10x_spi.o(.text)
    SPI_I2S_ReceiveData                      0x08003ec7   Thumb Code     6  stm32f10x_spi.o(.text)
    SPI_NSSInternalSoftwareConfig            0x08003ecd   Thumb Code    30  stm32f10x_spi.o(.text)
    SPI_SSOutputCmd                          0x08003eeb   Thumb Code    24  stm32f10x_spi.o(.text)
    SPI_DataSizeConfig                       0x08003f03   Thumb Code    18  stm32f10x_spi.o(.text)
    SPI_TransmitCRC                          0x08003f15   Thumb Code    10  stm32f10x_spi.o(.text)
    SPI_CalculateCRC                         0x08003f1f   Thumb Code    24  stm32f10x_spi.o(.text)
    SPI_GetCRC                               0x08003f37   Thumb Code    16  stm32f10x_spi.o(.text)
    SPI_GetCRCPolynomial                     0x08003f47   Thumb Code     6  stm32f10x_spi.o(.text)
    SPI_BiDirectionalLineConfig              0x08003f4d   Thumb Code    28  stm32f10x_spi.o(.text)
    SPI_I2S_GetFlagStatus                    0x08003f69   Thumb Code    18  stm32f10x_spi.o(.text)
    SPI_I2S_ClearFlag                        0x08003f7b   Thumb Code     6  stm32f10x_spi.o(.text)
    SPI_I2S_GetITStatus                      0x08003f81   Thumb Code    52  stm32f10x_spi.o(.text)
    SPI_I2S_ClearITPendingBit                0x08003fb5   Thumb Code    20  stm32f10x_spi.o(.text)
    BKP_DeInit                               0x08003fd5   Thumb Code    16  stm32f10x_bkp.o(.text)
    BKP_TamperPinLevelConfig                 0x08003fe5   Thumb Code     6  stm32f10x_bkp.o(.text)
    BKP_TamperPinCmd                         0x08003feb   Thumb Code     8  stm32f10x_bkp.o(.text)
    BKP_ITConfig                             0x08003ff3   Thumb Code     8  stm32f10x_bkp.o(.text)
    BKP_RTCOutputConfig                      0x08003ffb   Thumb Code    22  stm32f10x_bkp.o(.text)
    BKP_SetRTCCalibrationValue               0x08004011   Thumb Code    22  stm32f10x_bkp.o(.text)
    BKP_WriteBackupRegister                  0x08004027   Thumb Code    12  stm32f10x_bkp.o(.text)
    BKP_ReadBackupRegister                   0x08004033   Thumb Code    14  stm32f10x_bkp.o(.text)
    BKP_GetFlagStatus                        0x08004041   Thumb Code    10  stm32f10x_bkp.o(.text)
    BKP_ClearFlag                            0x0800404b   Thumb Code    18  stm32f10x_bkp.o(.text)
    BKP_GetITStatus                          0x0800405d   Thumb Code    10  stm32f10x_bkp.o(.text)
    BKP_ClearITPendingBit                    0x08004067   Thumb Code    18  stm32f10x_bkp.o(.text)
    RTC_ITConfig                             0x08004081   Thumb Code    30  stm32f10x_rtc.o(.text)
    RTC_EnterConfigMode                      0x0800409f   Thumb Code    18  stm32f10x_rtc.o(.text)
    RTC_ExitConfigMode                       0x080040b1   Thumb Code    20  stm32f10x_rtc.o(.text)
    RTC_GetCounter                           0x080040c5   Thumb Code    18  stm32f10x_rtc.o(.text)
    RTC_SetCounter                           0x080040d7   Thumb Code    26  stm32f10x_rtc.o(.text)
    RTC_SetPrescaler                         0x080040f1   Thumb Code    28  stm32f10x_rtc.o(.text)
    RTC_SetAlarm                             0x0800410d   Thumb Code    26  stm32f10x_rtc.o(.text)
    RTC_GetDivider                           0x08004127   Thumb Code    22  stm32f10x_rtc.o(.text)
    RTC_WaitForLastTask                      0x0800413d   Thumb Code    16  stm32f10x_rtc.o(.text)
    RTC_WaitForSynchro                       0x0800414d   Thumb Code    34  stm32f10x_rtc.o(.text)
    RTC_GetFlagStatus                        0x0800416f   Thumb Code    22  stm32f10x_rtc.o(.text)
    RTC_ClearFlag                            0x08004185   Thumb Code    20  stm32f10x_rtc.o(.text)
    RTC_GetITStatus                          0x08004199   Thumb Code    32  stm32f10x_rtc.o(.text)
    RTC_ClearITPendingBit                    0x080041b9   Thumb Code    20  stm32f10x_rtc.o(.text)
    PWR_DeInit                               0x080041d1   Thumb Code    22  stm32f10x_pwr.o(.text)
    PWR_BackupAccessCmd                      0x080041e7   Thumb Code     6  stm32f10x_pwr.o(.text)
    PWR_PVDCmd                               0x080041ed   Thumb Code     6  stm32f10x_pwr.o(.text)
    PWR_PVDLevelConfig                       0x080041f3   Thumb Code    18  stm32f10x_pwr.o(.text)
    PWR_WakeUpPinCmd                         0x08004205   Thumb Code     6  stm32f10x_pwr.o(.text)
    PWR_EnterSTOPMode                        0x0800420b   Thumb Code    54  stm32f10x_pwr.o(.text)
    PWR_EnterSTANDBYMode                     0x08004241   Thumb Code    42  stm32f10x_pwr.o(.text)
    PWR_GetFlagStatus                        0x0800426b   Thumb Code    20  stm32f10x_pwr.o(.text)
    PWR_ClearFlag                            0x0800427f   Thumb Code    14  stm32f10x_pwr.o(.text)
    DMA_DeInit                               0x0800429d   Thumb Code   324  stm32f10x_dma.o(.text)
    DMA_Init                                 0x080043e1   Thumb Code    60  stm32f10x_dma.o(.text)
    DMA_StructInit                           0x0800441d   Thumb Code    26  stm32f10x_dma.o(.text)
    DMA_Cmd                                  0x08004437   Thumb Code    24  stm32f10x_dma.o(.text)
    DMA_ITConfig                             0x0800444f   Thumb Code    18  stm32f10x_dma.o(.text)
    DMA_SetCurrDataCounter                   0x08004461   Thumb Code     4  stm32f10x_dma.o(.text)
    DMA_GetCurrDataCounter                   0x08004465   Thumb Code     8  stm32f10x_dma.o(.text)
    DMA_GetFlagStatus                        0x0800446d   Thumb Code    38  stm32f10x_dma.o(.text)
    DMA_ClearFlag                            0x08004493   Thumb Code    22  stm32f10x_dma.o(.text)
    DMA_GetITStatus                          0x080044a9   Thumb Code    38  stm32f10x_dma.o(.text)
    DMA_ClearITPendingBit                    0x080044cf   Thumb Code    22  stm32f10x_dma.o(.text)
    OS_TaskStatStkChk                        0x080044ed   Thumb Code    54  os_core.o(.text)
    OS_TaskStat                              0x08004523   Thumb Code   116  os_core.o(.text)
    OS_TaskIdle                              0x080045cb   Thumb Code    34  os_core.o(.text)
    OS_MemClr                                0x08004621   Thumb Code    18  os_core.o(.text)
    OSInit                                   0x0800473f   Thumb Code    44  os_core.o(.text)
    OSIntEnter                               0x0800476b   Thumb Code    28  os_core.o(.text)
    OSIntExit                                0x080047a1   Thumb Code   112  os_core.o(.text)
    OSSchedLock                              0x08004811   Thumb Code    50  os_core.o(.text)
    OS_Sched                                 0x08004843   Thumb Code    88  os_core.o(.text)
    OSSchedUnlock                            0x0800489b   Thumb Code   238  os_core.o(.text)
    OSStart                                  0x08004989   Thumb Code    48  os_core.o(.text)
    OSStatInit                               0x080049b9   Thumb Code    62  os_core.o(.text)
    OSTimeTick                               0x080049f7   Thumb Code   218  os_core.o(.text)
    OSVersion                                0x08004ad1   Thumb Code     6  os_core.o(.text)
    OS_Dummy                                 0x08004ad7   Thumb Code     2  os_core.o(.text)
    OS_EventTaskRemove                       0x08004ad9   Thumb Code    50  os_core.o(.text)
    OS_EventTaskRdy                          0x08004b0b   Thumb Code   124  os_core.o(.text)
    OS_EventTaskWait                         0x08004b87   Thumb Code   120  os_core.o(.text)
    OS_EventWaitListInit                     0x08004bff   Thumb Code    28  os_core.o(.text)
    OS_MemCopy                               0x08004c1b   Thumb Code    20  os_core.o(.text)
    OS_StrLen                                0x08004c2f   Thumb Code    20  os_core.o(.text)
    OS_TCBInit                               0x08004c43   Thumb Code   362  os_core.o(.text)
    OSFlagAccept                             0x08004dad   Thumb Code   268  os_flag.o(.text)
    OSFlagCreate                             0x08004eb9   Thumb Code    86  os_flag.o(.text)
    OS_FlagUnlink                            0x08004f0f   Thumb Code    36  os_flag.o(.text)
    OSFlagDel                                0x08004f93   Thumb Code   214  os_flag.o(.text)
    OSFlagNameGet                            0x08005069   Thumb Code    80  os_flag.o(.text)
    OSFlagNameSet                            0x080050b9   Thumb Code    66  os_flag.o(.text)
    OSFlagPend                               0x080051a3   Thumb Code   636  os_flag.o(.text)
    OSFlagPendGetFlagsRdy                    0x0800541f   Thumb Code    26  os_flag.o(.text)
    OSFlagPost                               0x08005439   Thumb Code   324  os_flag.o(.text)
    OSFlagQuery                              0x0800557d   Thumb Code    48  os_flag.o(.text)
    OS_FlagInit                              0x080055ad   Thumb Code    78  os_flag.o(.text)
    OSQAccept                                0x08005609   Thumb Code    88  os_q.o(.text)
    OSQCreate                                0x08005661   Thumb Code   140  os_q.o(.text)
    OSQDel                                   0x080056ed   Thumb Code   236  os_q.o(.text)
    OSQFlush                                 0x080057d9   Thumb Code    36  os_q.o(.text)
    OSQPend                                  0x080057fd   Thumb Code   272  os_q.o(.text)
    OSQPendAbort                             0x0800590d   Thumb Code   128  os_q.o(.text)
    OSQPost                                  0x0800598d   Thumb Code   114  os_q.o(.text)
    OSQPostFront                             0x080059ff   Thumb Code   136  os_q.o(.text)
    OSQPostOpt                               0x08005a87   Thumb Code   182  os_q.o(.text)
    OSQQuery                                 0x08005b3d   Thumb Code    98  os_q.o(.text)
    OS_QInit                                 0x08005b9f   Thumb Code    72  os_q.o(.text)
    OSTaskChangePrio                         0x08005bf1   Thumb Code   326  os_task.o(.text)
    OSTaskCreate                             0x08005d37   Thumb Code   148  os_task.o(.text)
    OS_TaskStkClr                            0x08005dcb   Thumb Code    26  os_task.o(.text)
    OSTaskCreateExt                          0x08005de5   Thumb Code   170  os_task.o(.text)
    OSTaskDel                                0x08005e8f   Thumb Code   302  os_task.o(.text)
    OSTaskDelReq                             0x08005fbd   Thumb Code   146  os_task.o(.text)
    OSTaskNameGet                            0x0800604f   Thumb Code   114  os_task.o(.text)
    OSTaskNameSet                            0x080060c1   Thumb Code    98  os_task.o(.text)
    OSTaskResume                             0x08006123   Thumb Code   160  os_task.o(.text)
    OSTaskStkChk                             0x080061c3   Thumb Code   132  os_task.o(.text)
    OSTaskSuspend                            0x08006247   Thumb Code   160  os_task.o(.text)
    OSTaskQuery                              0x080062e7   Thumb Code    82  os_task.o(.text)
    OSTaskRegGet                             0x08006339   Thumb Code    60  os_task.o(.text)
    OSTaskRegSet                             0x08006375   Thumb Code    62  os_task.o(.text)
    OS_TaskReturn                            0x080063b3   Thumb Code    18  os_task.o(.text)
    OSTimeDly                                0x080063dd   Thumb Code   108  os_time.o(.text)
    OSTimeDlyHMSM                            0x08006449   Thumb Code    86  os_time.o(.text)
    OSTimeDlyResume                          0x0800649f   Thumb Code   176  os_time.o(.text)
    OSTimeGet                                0x0800654f   Thumb Code    24  os_time.o(.text)
    OSTimeSet                                0x08006567   Thumb Code    24  os_time.o(.text)
    OSInitHookBegin                          0x0800659d   Thumb Code     2  os_cpu_c.o(.text)
    OSInitHookEnd                            0x0800659f   Thumb Code     2  os_cpu_c.o(.text)
    OSTaskCreateHook                         0x080065a1   Thumb Code     2  os_cpu_c.o(.text)
    OSTaskDelHook                            0x080065a3   Thumb Code     2  os_cpu_c.o(.text)
    OSTaskIdleHook                           0x080065a5   Thumb Code     2  os_cpu_c.o(.text)
    OSTaskStatHook                           0x080065a7   Thumb Code     2  os_cpu_c.o(.text)
    OSTaskStkInit                            0x080065a9   Thumb Code   154  os_cpu_c.o(.text)
    OSTaskSwHook                             0x08006643   Thumb Code     2  os_cpu_c.o(.text)
    OSTCBInitHook                            0x08006645   Thumb Code     2  os_cpu_c.o(.text)
    OSTimeTickHook                           0x08006647   Thumb Code     2  os_cpu_c.o(.text)
    OSTaskReturnHook                         0x08006649   Thumb Code     2  os_cpu_c.o(.text)
    OS_CPU_SR_Save                           0x0800664d   Thumb Code     0  os_cpu_a.o(.text)
    OS_CPU_SR_Restore                        0x08006655   Thumb Code     0  os_cpu_a.o(.text)
    OSStartHighRdy                           0x0800665b   Thumb Code     0  os_cpu_a.o(.text)
    OSCtxSw                                  0x0800667d   Thumb Code     0  os_cpu_a.o(.text)
    OSIntCtxSw                               0x0800668b   Thumb Code     0  os_cpu_a.o(.text)
    PendSV_Handler                           0x0800669b   Thumb Code     0  os_cpu_a.o(.text)
    mymemcpy                                 0x08006701   Thumb Code    26  malloc.o(.text)
    mymemset                                 0x0800671b   Thumb Code    20  malloc.o(.text)
    mem_init                                 0x0800672f   Thumb Code    38  malloc.o(.text)
    mem_perused                              0x08006755   Thumb Code    42  malloc.o(.text)
    mem_malloc                               0x0800677f   Thumb Code   116  malloc.o(.text)
    mem_free                                 0x080067f3   Thumb Code    66  malloc.o(.text)
    myfree                                   0x08006835   Thumb Code    24  malloc.o(.text)
    mymalloc                                 0x0800684d   Thumb Code    26  malloc.o(.text)
    myrealloc                                0x08006867   Thumb Code    48  malloc.o(.text)
    exfuns_init                              0x0800689d   Thumb Code   100  exfuns.o(.text)
    char_upper                               0x08006901   Thumb Code    26  exfuns.o(.text)
    f_typetell                               0x0800691b   Thumb Code   188  exfuns.o(.text)
    exf_getfree                              0x080069d7   Thumb Code    74  exfuns.o(.text)
    clust2sect                               0x08006be1   Thumb Code    26  ff.o(.text)
    get_fat                                  0x08006bfb   Thumb Code   232  ff.o(.text)
    put_fat                                  0x08006ce3   Thumb Code   310  ff.o(.text)
    f_mount                                  0x08007ff7   Thumb Code    86  ff.o(.text)
    f_open                                   0x0800804d   Thumb Code   380  ff.o(.text)
    f_read                                   0x080081c9   Thumb Code   446  ff.o(.text)
    f_write                                  0x08008387   Thumb Code   496  ff.o(.text)
    f_sync                                   0x08008577   Thumb Code   174  ff.o(.text)
    f_close                                  0x08008625   Thumb Code    32  ff.o(.text)
    f_lseek                                  0x08008645   Thumb Code   652  ff.o(.text)
    f_opendir                                0x080088d1   Thumb Code   136  ff.o(.text)
    f_closedir                               0x08008959   Thumb Code    22  ff.o(.text)
    f_readdir                                0x0800896f   Thumb Code   114  ff.o(.text)
    f_stat                                   0x080089e1   Thumb Code    84  ff.o(.text)
    f_getfree                                0x08008a35   Thumb Code   258  ff.o(.text)
    f_truncate                               0x08008b37   Thumb Code   184  ff.o(.text)
    f_unlink                                 0x08008bef   Thumb Code   194  ff.o(.text)
    f_mkdir                                  0x08008cb1   Thumb Code   380  ff.o(.text)
    f_chmod                                  0x08008e2d   Thumb Code   116  ff.o(.text)
    f_utime                                  0x08008ea1   Thumb Code   110  ff.o(.text)
    f_rename                                 0x08008f0f   Thumb Code   314  ff.o(.text)
    f_getlabel                               0x08009049   Thumb Code   190  ff.o(.text)
    f_setlabel                               0x08009107   Thumb Code   470  ff.o(.text)
    f_mkfs                                   0x080092dd   Thumb Code  1570  ff.o(.text)
    f_gets                                   0x080098ff   Thumb Code    82  ff.o(.text)
    f_putc                                   0x08009995   Thumb Code    64  ff.o(.text)
    f_puts                                   0x080099d5   Thumb Code    74  ff.o(.text)
    f_printf                                 0x08009a1f   Thumb Code   672  ff.o(.text)
    disk_initialize                          0x08009cc1   Thumb Code    88  diskio.o(.text)
    disk_status                              0x08009d19   Thumb Code     6  diskio.o(.text)
    disk_read                                0x08009d1f   Thumb Code   118  diskio.o(.text)
    disk_write                               0x08009d95   Thumb Code    98  diskio.o(.text)
    disk_ioctl                               0x08009df7   Thumb Code   154  diskio.o(.text)
    get_fattime                              0x08009e91   Thumb Code     4  diskio.o(.text)
    ff_memalloc                              0x08009e95   Thumb Code    12  diskio.o(.text)
    ff_memfree                               0x08009ea1   Thumb Code    12  diskio.o(.text)
    ff_convert                               0x08009eb9   Thumb Code   116  cc936.o(.text)
    ff_wtoupper                              0x08009f2d   Thumb Code    46  cc936.o(.text)
    EzUI_BodyReadVarCommand                  0x08009f6d   Thumb Code    22  ezui_ctrl.o(.text)
    EzUI_BodySetVar_Byte                     0x08009f83   Thumb Code    28  ezui_ctrl.o(.text)
    EzUI_BodySetVar_Word                     0x08009f9f   Thumb Code    30  ezui_ctrl.o(.text)
    EzUI_BodySetVar_Int                      0x08009fbd   Thumb Code    38  ezui_ctrl.o(.text)
    EzUI_BodySetVar_Float                    0x08009fe3   Thumb Code    40  ezui_ctrl.o(.text)
    EzUI_BodySetVar_BufLen                   0x0800a00b   Thumb Code    54  ezui_ctrl.o(.text)
    EzUI_BodySetVar_Buf                      0x0800a041   Thumb Code    56  ezui_ctrl.o(.text)
    EzUI_NumberEdit_SetVarInt                0x0800a079   Thumb Code    16  ezui_ctrl.o(.text)
    EzUI_NumberEdit_SetVarFloat              0x0800a089   Thumb Code    16  ezui_ctrl.o(.text)
    EzUI_NumberEdit_ReadVarInt               0x0800a099   Thumb Code    96  ezui_ctrl.o(.text)
    EzUI_NumberEdit_ReadVarFloat             0x0800a0f9   Thumb Code    96  ezui_ctrl.o(.text)
    EzUI_StringEdit_SetString                0x0800a159   Thumb Code    16  ezui_ctrl.o(.text)
    EzUI_StringEdit_ReadString               0x0800a169   Thumb Code   132  ezui_ctrl.o(.text)
    EzUI_Combox_SetSel                       0x0800a1ed   Thumb Code    16  ezui_ctrl.o(.text)
    EzUI_Combox_ReadSel                      0x0800a1fd   Thumb Code    96  ezui_ctrl.o(.text)
    EzUI_BitmapButton_SetStatus              0x0800a25d   Thumb Code    16  ezui_ctrl.o(.text)
    EzUI_BitmapButton_ReadStatus             0x0800a26d   Thumb Code    96  ezui_ctrl.o(.text)
    EzUI_ProcessCtrl_SetVar                  0x0800a2cd   Thumb Code    16  ezui_ctrl.o(.text)
    EzUI_ProcessCtrl_ReadVar                 0x0800a2dd   Thumb Code   100  ezui_ctrl.o(.text)
    EzUI_WaveFormCtrl_InserVar               0x0800a341   Thumb Code    74  ezui_ctrl.o(.text)
    EzUI_WaveFormCtrl_ReDrawWave             0x0800a38b   Thumb Code    26  ezui_ctrl.o(.text)
    EzUI_GifCtrl_SetStatus                   0x0800a3a5   Thumb Code    16  ezui_ctrl.o(.text)
    EzUI_GifCtrl_ReadVar                     0x0800a3b5   Thumb Code    96  ezui_ctrl.o(.text)
    EzUI_GetNowActiveGui                     0x0800a415   Thumb Code    58  ezui_ctrl.o(.text)
    EzUI_SetNowActiveGui                     0x0800a44f   Thumb Code    22  ezui_ctrl.o(.text)
    string_to_float                          0x0800a46d   Thumb Code   274  util.o(.text)
    my_itoa                                  0x0800a57f   Thumb Code   318  util.o(.text)
    lcdopt_show_del_goods_list               0x0800a6e5   Thumb Code   142  lcdopt.o(.text)
    lcdopt_show_choose_goods_list            0x0800a773   Thumb Code   142  lcdopt.o(.text)
    lcdopt_clear_del_goods_list              0x0800a801   Thumb Code   100  lcdopt.o(.text)
    lcdopt_clear_choose_goods_list           0x0800a865   Thumb Code   100  lcdopt.o(.text)
    lcdopt_del_goods_flag_check              0x0800a8c9   Thumb Code    62  lcdopt.o(.text)
    lcdopt_choose_goods_flag_check           0x0800a907   Thumb Code    56  lcdopt.o(.text)
    lcdopt_click_bootui_icon_work            0x0800a93f   Thumb Code    46  lcdopt.o(.text)
    lcdopt_click_bootui_icon_admin           0x0800a96d   Thumb Code    10  lcdopt.o(.text)
    lcdopt_click_work_button_goods_choose    0x0800a977   Thumb Code    20  lcdopt.o(.text)
    lcdopt_click_work_button_print           0x0800a98b   Thumb Code    86  lcdopt.o(.text)
    lcdopt_click_work_button_flay            0x0800a9e1   Thumb Code    12  lcdopt.o(.text)
    lcdopt_click_work_button_zero            0x0800a9ed   Thumb Code    24  lcdopt.o(.text)
    lcdopt_click_work_button_total           0x0800aa05   Thumb Code   182  lcdopt.o(.text)
    lcdopt_click_work_button_quit            0x0800aabb   Thumb Code    40  lcdopt.o(.text)
    lcdopt_click_work_control_worker_num     0x0800aae3   Thumb Code   154  lcdopt.o(.text)
    lcdopt_click_work_frame_print_sure       0x0800ab7d   Thumb Code   426  lcdopt.o(.text)
    lcdopt_click_goods_opt_button_choose     0x0800ad27   Thumb Code   146  lcdopt.o(.text)
    lcdopt_click_goods_opt_button_return     0x0800adb9   Thumb Code    48  lcdopt.o(.text)
    lcdopt_click_admin_button_sure           0x0800ade9   Thumb Code   148  lcdopt.o(.text)
    lcdopt_click_admin_button_return         0x0800ae7d   Thumb Code    30  lcdopt.o(.text)
    lcdopt_click_boot_admin_ui_icon_add_card 0x0800ae9b   Thumb Code    32  lcdopt.o(.text)
    lcdopt_click_boot_admin_ui_icon_del_card 0x0800aebb   Thumb Code    10  lcdopt.o(.text)
    lcdopt_click_boot_admin_ui_icon_goods    0x0800aec5   Thumb Code    10  lcdopt.o(.text)
    lcdopt_click_boot_admin_ui_icon_setting  0x0800aecf   Thumb Code   104  lcdopt.o(.text)
    lcdopt_click_boot_admin_ui_icon_root_setting 0x0800af37   Thumb Code    76  lcdopt.o(.text)
    lcdopt_click_boot_admin_ui_icon_pwd_manage 0x0800af83   Thumb Code   290  lcdopt.o(.text)
    lcdopt_click_boot_admin_ui_icon_return   0x0800b0a5   Thumb Code     8  lcdopt.o(.text)
    lcdopt_click_add_card_button_add         0x0800b0ad   Thumb Code   138  lcdopt.o(.text)
    lcdopt_click_add_card_button_readd       0x0800b137   Thumb Code   142  lcdopt.o(.text)
    lcdopt_click_add_card_button_return      0x0800b1c5   Thumb Code    34  lcdopt.o(.text)
    lcdopt_click_add_card_control_worker_num 0x0800b1e7   Thumb Code   108  lcdopt.o(.text)
    lcdopt_click_del_card_control_worker_num 0x0800b253   Thumb Code   140  lcdopt.o(.text)
    lcdopt_click_del_card_button_del         0x0800b2df   Thumb Code    84  lcdopt.o(.text)
    lcdopt_click_del_card_button_return      0x0800b333   Thumb Code    42  lcdopt.o(.text)
    lcdopt_click_goods_button_sure           0x0800b35d   Thumb Code   110  lcdopt.o(.text)
    lcdopt_click_goods_button_cancle         0x0800b3cb   Thumb Code    26  lcdopt.o(.text)
    lcdopt_click_goods_button_find           0x0800b3e5   Thumb Code    36  lcdopt.o(.text)
    lcdopt_click_goods_button_return         0x0800b409   Thumb Code    26  lcdopt.o(.text)
    lcdopt_click_goods_del_button_del        0x0800b423   Thumb Code   172  lcdopt.o(.text)
    lcdopt_click_goods_del_button_return     0x0800b4cf   Thumb Code    44  lcdopt.o(.text)
    lcdopt_click_setting_button_sure         0x0800b4fb   Thumb Code   216  lcdopt.o(.text)
    lcdopt_click_setting_button_restore      0x0800b5d3   Thumb Code    18  lcdopt.o(.text)
    lcdopt_click_setting_button_return       0x0800b5e5   Thumb Code     8  lcdopt.o(.text)
    lcdopt_click_root_auth_button_sure       0x0800b5ed   Thumb Code   110  lcdopt.o(.text)
    lcdopt_click_root_auth_button_return     0x0800b65b   Thumb Code    24  lcdopt.o(.text)
    lcdopt_click_root_opt_button_sure        0x0800b673   Thumb Code    34  lcdopt.o(.text)
    lcdopt_click_root_opt_button_list_export 0x0800b695   Thumb Code   152  lcdopt.o(.text)
    lcdopt_click_root_opt_button_bill_export 0x0800b72d   Thumb Code   152  lcdopt.o(.text)
    lcdopt_click_root_opt_button_quit        0x0800b7c5   Thumb Code     8  lcdopt.o(.text)
    lcdopt_click_pwd_manage_button_sure      0x0800b7cd   Thumb Code   306  lcdopt.o(.text)
    lcdopt_click_pwd_manage_button_return    0x0800b8ff   Thumb Code    42  lcdopt.o(.text)
    lcdopt_printf_card_id                    0x0800b929   Thumb Code   312  lcdopt.o(.text)
    lcdopt_printf_weight                     0x0800ba61   Thumb Code   190  lcdopt.o(.text)
    lcdopt_main                              0x0800bb1f   Thumb Code    68  lcdopt.o(.text)
    lcdopt_init                              0x0800bb63   Thumb Code   156  lcdopt.o(.text)
    mf_copy                                  0x0800bc15   Thumb Code   218  fileopt.o(.text)
    fileopt_get_current_price                0x0800bd73   Thumb Code     8  fileopt.o(.text)
    fileopt_get_current_goods                0x0800bd7b   Thumb Code    20  fileopt.o(.text)
    fileopt_set_current_price                0x0800bd8f   Thumb Code   116  fileopt.o(.text)
    fileopt_file_init                        0x0800be03   Thumb Code    92  fileopt.o(.text)
    fileope_goods_list_init                  0x0800be5f   Thumb Code   250  fileopt.o(.text)
    fileopt_get_goods_list                   0x0800bf59   Thumb Code     8  fileopt.o(.text)
    fileopt_init                             0x0800bf61   Thumb Code   642  fileopt.o(.text)
    fileopt_get_work_id                      0x0800c1e3   Thumb Code   114  fileopt.o(.text)
    fileopt_find_worker                      0x0800c255   Thumb Code    86  fileopt.o(.text)
    fileopt_create_card                      0x0800c2ab   Thumb Code   454  fileopt.o(.text)
    fileopt_cnt_worker_pos                   0x0800c471   Thumb Code   214  fileopt.o(.text)
    fileopt_update_msg                       0x0800c547   Thumb Code   382  fileopt.o(.text)
    fileopt_update_worker_product_msg        0x0800c6c5   Thumb Code   270  fileopt.o(.text)
    fileopt_get_1st_2nd_msg                  0x0800c7d3   Thumb Code   228  fileopt.o(.text)
    fileopt_add_worker_msg                   0x0800c8b7   Thumb Code   782  fileopt.o(.text)
    fileopt_find_worker_msg_by_workid        0x0800cbc5   Thumb Code   274  fileopt.o(.text)
    fileopt_find_worker_msg_by_cardid        0x0800ccd7   Thumb Code   290  fileopt.o(.text)
    fileopt_reapply_card_by_work_id          0x0800cf05   Thumb Code   358  fileopt.o(.text)
    fileopt_del_worker_msg                   0x0800d06b   Thumb Code   308  fileopt.o(.text)
    fileopt_read_total_msg                   0x0800d19f   Thumb Code   398  fileopt.o(.text)
    fileopt_clear_lastest_data               0x0800d32d   Thumb Code   140  fileopt.o(.text)
    fileopt_set_water_rate                   0x0800d3b9   Thumb Code   118  fileopt.o(.text)
    fileopt_get_water_rate                   0x0800d42f   Thumb Code    92  fileopt.o(.text)
    fileopt_add_goods                        0x0800d48b   Thumb Code   404  fileopt.o(.text)
    fileopt_del_goods                        0x0800d61f   Thumb Code   290  fileopt.o(.text)
    fileopt_get_goods_price                  0x0800d741   Thumb Code    88  fileopt.o(.text)
    fileopt_set_passwd                       0x0800d799   Thumb Code   152  fileopt.o(.text)
    fileopt_get_passwd                       0x0800d831   Thumb Code   182  fileopt.o(.text)
    fileopt_set_weight_unit                  0x0800d8e7   Thumb Code   126  fileopt.o(.text)
    fileopt_get_weight_unit                  0x0800d965   Thumb Code    94  fileopt.o(.text)
    fileopt_set_work_goods                   0x0800d9c3   Thumb Code    78  fileopt.o(.text)
    fileopt_get_work_goods                   0x0800da11   Thumb Code    94  fileopt.o(.text)
    fileopt_del_work_goods                   0x0800da6f   Thumb Code    68  fileopt.o(.text)
    fileopt_write_bill_to_udev               0x0800dab3   Thumb Code   462  fileopt.o(.text)
    fileopt_write_list_to_udev               0x0800dc81   Thumb Code   556  fileopt.o(.text)
    fileopt_copy_sd_to_flash                 0x0800dead   Thumb Code    34  fileopt.o(.text)
    fileopt_copy_flash_to_sd                 0x0800decf   Thumb Code     2  fileopt.o(.text)
    mFlushBufferToDisk                       0x0800ded5   Thumb Code   288  ch376_api.o(.text)
    InitUSB                                  0x0800dff5   Thumb Code   162  ch376_api.o(.text)
    SetFileWriteTime                         0x0800e097   Thumb Code   178  ch376_api.o(.text)
    SetFileCreateTime                        0x0800e149   Thumb Code   206  ch376_api.o(.text)
    CreateUSBFile                            0x0800e217   Thumb Code    38  ch376_api.o(.text)
    OpenUSBFile                              0x0800e23d   Thumb Code   250  ch376_api.o(.text)
    CloseUSBFile                             0x0800e337   Thumb Code   100  ch376_api.o(.text)
    WriteDataBufToUSB                        0x0800e39b   Thumb Code    76  ch376_api.o(.text)
    WaitTakeOutUSB                           0x0800e3e7   Thumb Code    28  ch376_api.o(.text)
    __use_no_semihosting                     0x0800e419   Thumb Code     2  use_no_semi_2.o(.text)
    __2sprintf                               0x0800e41d   Thumb Code    38  __2sprintf.o(.text)
    _printf_pre_padding                      0x0800e449   Thumb Code    46  _printf_pad.o(.text)
    _printf_post_padding                     0x0800e477   Thumb Code    36  _printf_pad.o(.text)
    _printf_str                              0x0800e49b   Thumb Code    82  _printf_str.o(.text)
    _printf_int_dec                          0x0800e4ed   Thumb Code   102  _printf_dec.o(.text)
    __printf                                 0x0800e565   Thumb Code   310  __printf_flags_wp.o(.text)
    atoi                                     0x0800e6a1   Thumb Code    26  atoi.o(.text)
    strtok                                   0x0800e6bd   Thumb Code     6  strtok.o(.text)
    strstr                                   0x0800e6c9   Thumb Code    36  strstr.o(.text)
    strcpy                                   0x0800e6ed   Thumb Code    72  strcpy.o(.text)
    strlen                                   0x0800e735   Thumb Code    62  strlen.o(.text)
    strncmp                                  0x0800e773   Thumb Code   150  strncmp.o(.text)
    strcat                                   0x0800e809   Thumb Code    24  strcat.o(.text)
    __aeabi_memcpy                           0x0800e821   Thumb Code     0  rt_memcpy_v6.o(.text)
    __rt_memcpy                              0x0800e821   Thumb Code   138  rt_memcpy_v6.o(.text)
    _memcpy_lastbytes                        0x0800e887   Thumb Code     0  rt_memcpy_v6.o(.text)
    __aeabi_memcpy4                          0x0800e8ab   Thumb Code     0  rt_memcpy_w.o(.text)
    __aeabi_memcpy8                          0x0800e8ab   Thumb Code     0  rt_memcpy_w.o(.text)
    __rt_memcpy_w                            0x0800e8ab   Thumb Code   100  rt_memcpy_w.o(.text)
    _memcpy_lastbytes_aligned                0x0800e8f3   Thumb Code     0  rt_memcpy_w.o(.text)
    __aeabi_memclr                           0x0800e90f   Thumb Code     0  rt_memclr.o(.text)
    __rt_memclr                              0x0800e90f   Thumb Code    68  rt_memclr.o(.text)
    _memset                                  0x0800e913   Thumb Code     0  rt_memclr.o(.text)
    __aeabi_memclr4                          0x0800e953   Thumb Code     0  rt_memclr_w.o(.text)
    __aeabi_memclr8                          0x0800e953   Thumb Code     0  rt_memclr_w.o(.text)
    __rt_memclr_w                            0x0800e953   Thumb Code    78  rt_memclr_w.o(.text)
    _memset_w                                0x0800e957   Thumb Code     0  rt_memclr_w.o(.text)
    strcmp                                   0x0800e9a1   Thumb Code   128  strcmpv7m.o(.text)
    __use_two_region_memory                  0x0800ea21   Thumb Code     2  heapauxi.o(.text)
    __rt_heap_escrow$2region                 0x0800ea23   Thumb Code     2  heapauxi.o(.text)
    __rt_heap_expand$2region                 0x0800ea25   Thumb Code     2  heapauxi.o(.text)
    __I$use$semihosting                      0x0800ea27   Thumb Code     0  use_no_semi.o(.text)
    __use_no_semihosting_swi                 0x0800ea27   Thumb Code     2  use_no_semi.o(.text)
    __aeabi_errno_addr                       0x0800ea29   Thumb Code     8  rt_errno_addr_intlibspace.o(.text)
    __errno$intlibspace                      0x0800ea29   Thumb Code     0  rt_errno_addr_intlibspace.o(.text)
    __rt_errno_addr$intlibspace              0x0800ea29   Thumb Code     0  rt_errno_addr_intlibspace.o(.text)
    _printf_int_common                       0x0800ea31   Thumb Code   184  _printf_intcommon.o(.text)
    __lib_sel_fp_printf                      0x0800eae9   Thumb Code     2  _printf_fp_dec.o(.text)
    _printf_fp_dec_real                      0x0800ec97   Thumb Code   626  _printf_fp_dec.o(.text)
    _printf_char_common                      0x0800ef13   Thumb Code    32  _printf_char_common.o(.text)
    _sputc                                   0x0800ef39   Thumb Code    10  _sputc.o(.text)
    _printf_cs_common                        0x0800ef43   Thumb Code    20  _printf_char.o(.text)
    _printf_char                             0x0800ef57   Thumb Code    16  _printf_char.o(.text)
    _printf_string                           0x0800ef67   Thumb Code     8  _printf_char.o(.text)
    strtol                                   0x0800ef6f   Thumb Code   112  strtol.o(.text)
    __strtok_internal                        0x0800efe1   Thumb Code    64  strtok_int.o(.text)
    __user_libspace                          0x0800f025   Thumb Code     8  libspace.o(.text)
    __user_perproc_libspace                  0x0800f025   Thumb Code     0  libspace.o(.text)
    __user_perthread_libspace                0x0800f025   Thumb Code     0  libspace.o(.text)
    __rt_ctype_table                         0x0800f02d   Thumb Code    16  rt_ctype_table.o(.text)
    __rt_locale                              0x0800f03d   Thumb Code     8  rt_locale_intlibspace.o(.text)
    _ll_udiv10                               0x0800f045   Thumb Code   138  lludiv10.o(.text)
    _printf_fp_infnan                        0x0800f0d1   Thumb Code   112  _printf_fp_infnan.o(.text)
    _strtoul                                 0x0800f151   Thumb Code   158  _strtoul.o(.text)
    _btod_etento                             0x0800f1f1   Thumb Code   222  bigflt0.o(.text)
    strcspn                                  0x0800f2d5   Thumb Code    32  strcspn.o(.text)
    strspn                                   0x0800f2f5   Thumb Code    28  strspn.o(.text)
    __user_setup_stackheap                   0x0800f311   Thumb Code    74  sys_stackheap_outer.o(.text)
    _chval                                   0x0800f35b   Thumb Code    28  _chval.o(.text)
    exit                                     0x0800f377   Thumb Code    12  exit.o(.text)
    __rt_fp_status_addr                      0x0800f385   Thumb Code     8  rt_fp_status_addr_intlibspace.o(.text)
    _btod_d2e                                0x0800f38d   Thumb Code    62  btod.o(CL$$btod_d2e)
    _d2e_denorm_low                          0x0800f3cb   Thumb Code    70  btod.o(CL$$btod_d2e_denorm_low)
    _d2e_norm_op1                            0x0800f411   Thumb Code    96  btod.o(CL$$btod_d2e_norm_op1)
    __btod_div_common                        0x0800f471   Thumb Code   696  btod.o(CL$$btod_div_common)
    _e2e                                     0x0800f7a9   Thumb Code   198  btod.o(CL$$btod_e2e)
    _btod_ediv                               0x0800f86f   Thumb Code    40  btod.o(CL$$btod_ediv)
    _btod_emul                               0x0800f897   Thumb Code    40  btod.o(CL$$btod_emul)
    __btod_mult_common                       0x0800f8bf   Thumb Code   580  btod.o(CL$$btod_mult_common)
    __ARM_fpclassify                         0x0800fb03   Thumb Code    40  fpclassify.o(i.__ARM_fpclassify)
    _is_digit                                0x0800fb2b   Thumb Code    14  __printf_wp.o(i._is_digit)
    _get_lc_numeric                          0x0800fb39   Thumb Code    44  lc_numeric_c.o(locale$$code)
    _get_lc_ctype                            0x0800fb65   Thumb Code    44  lc_ctype_c.o(locale$$code)
    __aeabi_d2f                              0x0800fb91   Thumb Code     0  d2f.o(x$fpl$d2f)
    _d2f                                     0x0800fb91   Thumb Code    98  d2f.o(x$fpl$d2f)
    __aeabi_dadd                             0x0800fbf5   Thumb Code     0  daddsub_clz.o(x$fpl$dadd)
    _dadd                                    0x0800fbf5   Thumb Code   332  daddsub_clz.o(x$fpl$dadd)
    __fpl_dcmp_Inf                           0x0800fd45   Thumb Code    24  dcmpi.o(x$fpl$dcmpinf)
    __aeabi_cdcmple                          0x0800fd5d   Thumb Code     0  dleqf.o(x$fpl$dleqf)
    _dcmple                                  0x0800fd5d   Thumb Code   120  dleqf.o(x$fpl$dleqf)
    __fpl_dcmple_InfNaN                      0x0800fdbf   Thumb Code     0  dleqf.o(x$fpl$dleqf)
    __aeabi_dmul                             0x0800fdd5   Thumb Code     0  dmul.o(x$fpl$dmul)
    _dmul                                    0x0800fdd5   Thumb Code   332  dmul.o(x$fpl$dmul)
    __fpl_dnaninf                            0x0800ff29   Thumb Code   156  dnaninf.o(x$fpl$dnaninf)
    __fpl_dretinf                            0x0800ffc5   Thumb Code    12  dretinf.o(x$fpl$dretinf)
    __aeabi_dsub                             0x0800ffd1   Thumb Code     0  daddsub_clz.o(x$fpl$dsub)
    _dsub                                    0x0800ffd1   Thumb Code   464  daddsub_clz.o(x$fpl$dsub)
    __aeabi_f2d                              0x080101a5   Thumb Code     0  f2d.o(x$fpl$f2d)
    _f2d                                     0x080101a5   Thumb Code    86  f2d.o(x$fpl$f2d)
    __aeabi_fadd                             0x080101fd   Thumb Code     0  faddsub_clz.o(x$fpl$fadd)
    _fadd                                    0x080101fd   Thumb Code   196  faddsub_clz.o(x$fpl$fadd)
    __fpl_fcmp_Inf                           0x080102c1   Thumb Code    24  fcmpi.o(x$fpl$fcmpinf)
    __aeabi_fdiv                             0x080102d9   Thumb Code     0  fdiv.o(x$fpl$fdiv)
    _fdiv                                    0x080102d9   Thumb Code   384  fdiv.o(x$fpl$fdiv)
    __aeabi_cfcmpeq                          0x0801045d   Thumb Code     0  feqf.o(x$fpl$feqf)
    _fcmpeq                                  0x0801045d   Thumb Code   104  feqf.o(x$fpl$feqf)
    __aeabi_f2iz                             0x080104c5   Thumb Code     0  ffix.o(x$fpl$ffix)
    _ffix                                    0x080104c5   Thumb Code    54  ffix.o(x$fpl$ffix)
    __aeabi_i2f                              0x080104fd   Thumb Code     0  fflt_clz.o(x$fpl$fflt)
    _fflt                                    0x080104fd   Thumb Code    48  fflt_clz.o(x$fpl$fflt)
    __aeabi_ui2f                             0x0801052d   Thumb Code     0  fflt_clz.o(x$fpl$ffltu)
    _ffltu                                   0x0801052d   Thumb Code    38  fflt_clz.o(x$fpl$ffltu)
    __aeabi_cfcmple                          0x08010555   Thumb Code     0  fleqf.o(x$fpl$fleqf)
    _fcmple                                  0x08010555   Thumb Code   104  fleqf.o(x$fpl$fleqf)
    __fpl_fcmple_InfNaN                      0x080105a7   Thumb Code     0  fleqf.o(x$fpl$fleqf)
    __aeabi_fmul                             0x080105bd   Thumb Code     0  fmul.o(x$fpl$fmul)
    _fmul                                    0x080105bd   Thumb Code   258  fmul.o(x$fpl$fmul)
    __fpl_fnaninf                            0x080106bf   Thumb Code   140  fnaninf.o(x$fpl$fnaninf)
    _fp_init                                 0x0801074b   Thumb Code    14  fpinit.o(x$fpl$fpinit)
    __fplib_config_pureend_doubles           0x08010757   Thumb Code     0  fpinit.o(x$fpl$fpinit)
    __fpl_fretinf                            0x08010759   Thumb Code    10  fretinf.o(x$fpl$fretinf)
    __aeabi_cfrcmple                         0x08010763   Thumb Code     0  frleqf.o(x$fpl$frleqf)
    _frcmple                                 0x08010763   Thumb Code    98  frleqf.o(x$fpl$frleqf)
    __aeabi_fsub                             0x080107c5   Thumb Code     0  faddsub_clz.o(x$fpl$fsub)
    _fsub                                    0x080107c5   Thumb Code   234  faddsub_clz.o(x$fpl$fsub)
    _printf_fp_dec                           0x080108af   Thumb Code     4  printf1.o(x$fpl$printf1)
    __I$use$fp                               0x080108b3   Thumb Code     0  usenofp.o(x$fpl$usenofp)
    table_week                               0x080108b2   Data          12  rtc.o(.constdata)
    mon_table                                0x080108be   Data          12  rtc.o(.constdata)
    OSUnMapTbl                               0x080108ca   Data         256  os_core.o(.constdata)
    Region$$Table$$Base                      0x0803b7d0   Number         0  anon$$obj.o(Region$$Table)
    Region$$Table$$Limit                     0x0803b7f0   Number         0  anon$$obj.o(Region$$Table)
    __ctype                                  0x0803b819   Data           0  lc_ctype_c.o(locale$$data)
    SystemCoreClock                          0x20000000   Data           4  system_stm32f10x.o(.data)
    AHBPrescTable                            0x20000004   Data          16  system_stm32f10x.o(.data)
    SPI_FLASH_TYPE                           0x20000014   Data           2  flash.o(.data)
    SD_Type                                  0x20000016   Data           1  mmc_sd.o(.data)
    USART_RX_STA                             0x20000020   Data           2  usart.o(.data)
    UART_TX_Buffer                           0x20000022   Data         128  usart.o(.data)
    UART_TX_Status                           0x200000a2   Data           1  usart.o(.data)
    UART_Buffer_Top                          0x200000a4   Data           2  usart.o(.data)
    UART_Buffer_Bom                          0x200000a6   Data           2  usart.o(.data)
    m_UARTFIFO_PackedDatNum                  0x200000a8   Data           2  usart.o(.data)
    m_PackedDataNumber                       0x200000aa   Data           2  usart.o(.data)
    __stdout                                 0x200000ac   Data           4  usart.o(.data)
    OSCtxSwCtr                               0x200000c4   Data           4  os_core.o(.data)
    OSEventFreeList                          0x200000c8   Data           4  os_core.o(.data)
    OSFlagFreeList                           0x200000cc   Data           4  os_core.o(.data)
    OSCPUUsage                               0x200000d0   Data           1  os_core.o(.data)
    OSIdleCtrMax                             0x200000d4   Data           4  os_core.o(.data)
    OSIdleCtrRun                             0x200000d8   Data           4  os_core.o(.data)
    OSStatRdy                                0x200000dc   Data           1  os_core.o(.data)
    OSIntNesting                             0x200000dd   Data           1  os_core.o(.data)
    OSLockNesting                            0x200000de   Data           1  os_core.o(.data)
    OSPrioCur                                0x200000df   Data           1  os_core.o(.data)
    OSPrioHighRdy                            0x200000e0   Data           1  os_core.o(.data)
    OSRdyGrp                                 0x200000e1   Data           1  os_core.o(.data)
    OSRdyTbl                                 0x200000e2   Data           8  os_core.o(.data)
    OSRunning                                0x200000ea   Data           1  os_core.o(.data)
    OSTaskCtr                                0x200000eb   Data           1  os_core.o(.data)
    OSIdleCtr                                0x200000ec   Data           4  os_core.o(.data)
    OSTCBCur                                 0x200000f0   Data           4  os_core.o(.data)
    OSTCBFreeList                            0x200000f4   Data           4  os_core.o(.data)
    OSTCBHighRdy                             0x200000f8   Data           4  os_core.o(.data)
    OSTCBList                                0x200000fc   Data           4  os_core.o(.data)
    OSTickStepState                          0x20000100   Data           1  os_core.o(.data)
    OSQFreeList                              0x20000104   Data           4  os_core.o(.data)
    OSTime                                   0x20000108   Data           4  os_core.o(.data)
    mallco_dev                               0x2000010c   Data          20  malloc.o(.data)
    FILE_TYPE_TBL                            0x20000120   Data         312  exfuns.o(.data)
    fs                                       0x20000258   Data           8  exfuns.o(.data)
    file                                     0x20000260   Data           4  exfuns.o(.data)
    ftemp                                    0x20000264   Data           4  exfuns.o(.data)
    br                                       0x20000268   Data           4  exfuns.o(.data)
    bw                                       0x2000026c   Data           4  exfuns.o(.data)
    fatbuf                                   0x20000270   Data           4  exfuns.o(.data)
    FLASH_SECTOR_COUNT                       0x2000027e   Data           2  diskio.o(.data)
    opt_str                                  0x20000280   Data         360  lcdopt.o(.data)
    total                                    0x200003e8   Data           2  ch376_api.o(.data)
    SPI_InitStructure                        0x200008f0   Data          18  spi.o(.bss)
    SPI_FLASH_BUF                            0x20000902   Data        4096  flash.o(.bss)
    calendar                                 0x20001902   Data          10  rtc.o(.bss)
    USART_RX_BUF                             0x2000190c   Data         200  usart.o(.bss)
    Send_Buffer                              0x200019d4   Data         128  usart.o(.bss)
    UART_RX_Buffer                           0x20001a54   Data         512  usart.o(.bss)
    OSEventTbl                               0x20001c54   Data         200  os_core.o(.bss)
    OSFlagTbl                                0x20001d1c   Data          80  os_core.o(.bss)
    OSTaskStatStk                            0x20001d6c   Data         512  os_core.o(.bss)
    OSTaskIdleStk                            0x20001f6c   Data         512  os_core.o(.bss)
    OSTCBPrioTbl                             0x2000216c   Data         256  os_core.o(.bss)
    OSTCBTbl                                 0x2000226c   Data        1008  os_core.o(.bss)
    OSQTbl                                   0x2000265c   Data         120  os_core.o(.bss)
    membase                                  0x200026d4   Data       43008  malloc.o(.bss)
    memmapbase                               0x2000ced4   Data        2688  malloc.o(.bss)
    lcdopt_mgr_str                           0x2000d954   Data         104  lcdopt.o(.bss)
    current_path                             0x2000d9bc   Data          16  fileopt.o(.bss)
    old_msg                                  0x2000d9cc   Data          80  fileopt.o(.bss)
    FileDataBuf                              0x2000db30   Data        1024  ch376_api.o(.bss)
    __libspace_start                         0x2000df30   Data          96  libspace.o(.bss)
    __temporary_stack_top$libspace           0x2000df90   Data           0  libspace.o(.bss)



==============================================================================

Memory Map of the image

  Image Entry point : 0x08000131

  Load Region LR_IROM1 (Base: 0x08000000, Size: 0x0003bd0c, Max: 0x00080000, ABSOLUTE, COMPRESSED[0x0003ba98])

    Execution Region ER_IROM1 (Base: 0x08000000, Size: 0x0003b91c, Max: 0x00080000, ABSOLUTE)

    Base Addr    Size         Type   Attr      Idx    E Section Name        Object

    0x08000000   0x00000130   Data   RO          424    RESET               startup_stm32f10x_hd.o
    0x08000130   0x00000008   Code   RO         1020  * !!!main             c_w.l(__main.o)
    0x08000138   0x00000034   Code   RO         1316    !!!scatter          c_w.l(__scatter.o)
    0x0800016c   0x0000005a   Code   RO         1314    !!dczerorl2         c_w.l(__dczerorl2.o)
    0x080001c6   0x00000002   PAD
    0x080001c8   0x0000001c   Code   RO         1318    !!handler_zi        c_w.l(__scatter_zi.o)
    0x080001e4   0x00000000   Code   RO          992    .ARM.Collect$$_printf_percent$$00000000  c_w.l(_printf_percent.o)
    0x080001e4   0x00000006   Code   RO          991    .ARM.Collect$$_printf_percent$$00000003  c_w.l(_printf_f.o)
    0x080001ea   0x00000006   Code   RO          990    .ARM.Collect$$_printf_percent$$00000009  c_w.l(_printf_d.o)
    0x080001f0   0x00000006   Code   RO          988    .ARM.Collect$$_printf_percent$$00000014  c_w.l(_printf_s.o)
    0x080001f6   0x00000004   Code   RO         1086    .ARM.Collect$$_printf_percent$$00000017  c_w.l(_printf_percent_end.o)
    0x080001fa   0x00000006   Code   RO         1191    .ARM.Collect$$libinit$$00000000  c_w.l(libinit.o)
    0x08000200   0x00000000   Code   RO         1194    .ARM.Collect$$libinit$$00000006  c_w.l(libinit2.o)
    0x08000200   0x00000000   Code   RO         1196    .ARM.Collect$$libinit$$00000008  c_w.l(libinit2.o)
    0x08000200   0x00000000   Code   RO         1198    .ARM.Collect$$libinit$$0000000A  c_w.l(libinit2.o)
    0x08000200   0x00000006   Code   RO         1199    .ARM.Collect$$libinit$$0000000B  c_w.l(libinit2.o)
    0x08000206   0x00000000   Code   RO         1201    .ARM.Collect$$libinit$$0000000D  c_w.l(libinit2.o)
    0x08000206   0x0000000c   Code   RO         1202    .ARM.Collect$$libinit$$0000000E  c_w.l(libinit2.o)
    0x08000212   0x00000000   Code   RO         1203    .ARM.Collect$$libinit$$0000000F  c_w.l(libinit2.o)
    0x08000212   0x00000000   Code   RO         1205    .ARM.Collect$$libinit$$00000011  c_w.l(libinit2.o)
    0x08000212   0x0000000a   Code   RO         1206    .ARM.Collect$$libinit$$00000012  c_w.l(libinit2.o)
    0x0800021c   0x00000000   Code   RO         1207    .ARM.Collect$$libinit$$00000013  c_w.l(libinit2.o)
    0x0800021c   0x00000000   Code   RO         1209    .ARM.Collect$$libinit$$00000015  c_w.l(libinit2.o)
    0x0800021c   0x00000000   Code   RO         1211    .ARM.Collect$$libinit$$00000017  c_w.l(libinit2.o)
    0x0800021c   0x00000000   Code   RO         1213    .ARM.Collect$$libinit$$00000019  c_w.l(libinit2.o)
    0x0800021c   0x00000000   Code   RO         1215    .ARM.Collect$$libinit$$0000001B  c_w.l(libinit2.o)
    0x0800021c   0x00000000   Code   RO         1217    .ARM.Collect$$libinit$$0000001D  c_w.l(libinit2.o)
    0x0800021c   0x00000000   Code   RO         1219    .ARM.Collect$$libinit$$0000001F  c_w.l(libinit2.o)
    0x0800021c   0x00000000   Code   RO         1221    .ARM.Collect$$libinit$$00000021  c_w.l(libinit2.o)
    0x0800021c   0x00000000   Code   RO         1225    .ARM.Collect$$libinit$$00000028  c_w.l(libinit2.o)
    0x0800021c   0x00000000   Code   RO         1227    .ARM.Collect$$libinit$$0000002A  c_w.l(libinit2.o)
    0x0800021c   0x00000000   Code   RO         1229    .ARM.Collect$$libinit$$0000002C  c_w.l(libinit2.o)
    0x0800021c   0x00000000   Code   RO         1231    .ARM.Collect$$libinit$$0000002E  c_w.l(libinit2.o)
    0x0800021c   0x00000002   Code   RO         1232    .ARM.Collect$$libinit$$0000002F  c_w.l(libinit2.o)
    0x0800021e   0x00000002   Code   RO         1265    .ARM.Collect$$libshutdown$$00000000  c_w.l(libshutdown.o)
    0x08000220   0x00000000   Code   RO         1275    .ARM.Collect$$libshutdown$$00000003  c_w.l(libshutdown2.o)
    0x08000220   0x00000000   Code   RO         1278    .ARM.Collect$$libshutdown$$00000006  c_w.l(libshutdown2.o)
    0x08000220   0x00000000   Code   RO         1281    .ARM.Collect$$libshutdown$$00000009  c_w.l(libshutdown2.o)
    0x08000220   0x00000000   Code   RO         1283    .ARM.Collect$$libshutdown$$0000000B  c_w.l(libshutdown2.o)
    0x08000220   0x00000000   Code   RO         1286    .ARM.Collect$$libshutdown$$0000000E  c_w.l(libshutdown2.o)
    0x08000220   0x00000002   Code   RO         1287    .ARM.Collect$$libshutdown$$0000000F  c_w.l(libshutdown2.o)
    0x08000222   0x00000000   Code   RO         1068    .ARM.Collect$$rtentry$$00000000  c_w.l(rtentry.o)
    0x08000222   0x00000000   Code   RO         1108    .ARM.Collect$$rtentry$$00000002  c_w.l(rtentry2.o)
    0x08000222   0x00000006   Code   RO         1120    .ARM.Collect$$rtentry$$00000004  c_w.l(rtentry4.o)
    0x08000228   0x00000000   Code   RO         1110    .ARM.Collect$$rtentry$$00000009  c_w.l(rtentry2.o)
    0x08000228   0x00000004   Code   RO         1111    .ARM.Collect$$rtentry$$0000000A  c_w.l(rtentry2.o)
    0x0800022c   0x00000000   Code   RO         1113    .ARM.Collect$$rtentry$$0000000C  c_w.l(rtentry2.o)
    0x0800022c   0x00000008   Code   RO         1114    .ARM.Collect$$rtentry$$0000000D  c_w.l(rtentry2.o)
    0x08000234   0x00000002   Code   RO         1233    .ARM.Collect$$rtexit$$00000000  c_w.l(rtexit.o)
    0x08000236   0x00000000   Code   RO         1240    .ARM.Collect$$rtexit$$00000002  c_w.l(rtexit2.o)
    0x08000236   0x00000004   Code   RO         1241    .ARM.Collect$$rtexit$$00000003  c_w.l(rtexit2.o)
    0x0800023a   0x00000006   Code   RO         1242    .ARM.Collect$$rtexit$$00000004  c_w.l(rtexit2.o)
    0x08000240   0x000000d4   Code   RO            1    .text               main.o
    0x08000314   0x0000002c   Code   RO          154    .text               stm32f10x_it.o
    0x08000340   0x000001c8   Code   RO          189    .text               system_stm32f10x.o
    0x08000508   0x0000019c   Code   RO          207    .text               spi.o
    0x080006a4   0x00000360   Code   RO          228    .text               flash.o
    0x08000a04   0x00000524   Code   RO          247    .text               mmc_sd.o
    0x08000f28   0x00000928   Code   RO          269    .text               rc522.o
    0x08001850   0x000001c8   Code   RO          285    .text               hx711.o
    0x08001a18   0x00000380   Code   RO          297    .text               rtc.o
    0x08001d98   0x00000238   Code   RO          317    .text               ch376_spi.o
    0x08001fd0   0x0000000e   Code   RO          335    .text               debug.o
    0x08001fde   0x00000002   PAD
    0x08001fe0   0x00000880   Code   RO          347    .text               file_sys.o
    0x08002860   0x000000f4   Code   RO          362    .text               delay.o
    0x08002954   0x0000000c   Code   RO          376    .text               sys.o
    0x08002960   0x00000744   Code   RO          388    .text               usart.o
    0x080030a4   0x00000040   Code   RO          425    .text               startup_stm32f10x_hd.o
    0x080030e4   0x00000358   Code   RO          429    .text               stm32f10x_gpio.o
    0x0800343c   0x000003a0   Code   RO          441    .text               stm32f10x_rcc.o
    0x080037dc   0x0000040c   Code   RO          455    .text               stm32f10x_usart.o
    0x08003be8   0x000000dc   Code   RO          467    .text               misc.o
    0x08003cc4   0x00000310   Code   RO          479    .text               stm32f10x_spi.o
    0x08003fd4   0x000000ac   Code   RO          491    .text               stm32f10x_bkp.o
    0x08004080   0x00000150   Code   RO          503    .text               stm32f10x_rtc.o
    0x080041d0   0x000000cc   Code   RO          515    .text               stm32f10x_pwr.o
    0x0800429c   0x00000250   Code   RO          527    .text               stm32f10x_dma.o
    0x080044ec   0x000008c0   Code   RO          554    .text               os_core.o
    0x08004dac   0x0000085c   Code   RO          574    .text               os_flag.o
    0x08005608   0x000005e8   Code   RO          616    .text               os_q.o
    0x08005bf0   0x000007ec   Code   RO          640    .text               os_task.o
    0x080063dc   0x000001c0   Code   RO          652    .text               os_time.o
    0x0800659c   0x000000ae   Code   RO          670    .text               os_cpu_c.o
    0x0800664a   0x00000002   PAD
    0x0800664c   0x000000b4   Code   RO          692    .text               os_cpu_a.o
    0x08006700   0x0000019c   Code   RO          695    .text               malloc.o
    0x0800689c   0x00000198   Code   RO          715    .text               exfuns.o
    0x08006a34   0x0000328a   Code   RO          768    .text               ff.o
    0x08009cbe   0x00000002   PAD
    0x08009cc0   0x000001f8   Code   RO          789    .text               diskio.o
    0x08009eb8   0x000000b4   Code   RO          808    .text               cc936.o
    0x08009f6c   0x00000500   Code   RO          831    .text               ezui_ctrl.o
    0x0800a46c   0x00000278   Code   RO          861    .text               util.o
    0x0800a6e4   0x00001530   Code   RO          873    .text               lcdopt.o
    0x0800bc14   0x000022c0   Code   RO          894    .text               fileopt.o
    0x0800ded4   0x00000544   Code   RO          910    .text               ch376_api.o
    0x0800e418   0x00000002   Code   RO          928    .text               c_w.l(use_no_semi_2.o)
    0x0800e41a   0x00000002   PAD
    0x0800e41c   0x0000002c   Code   RO          932    .text               c_w.l(__2sprintf.o)
    0x0800e448   0x00000052   Code   RO          940    .text               c_w.l(_printf_pad.o)
    0x0800e49a   0x00000052   Code   RO          942    .text               c_w.l(_printf_str.o)
    0x0800e4ec   0x00000078   Code   RO          944    .text               c_w.l(_printf_dec.o)
    0x0800e564   0x0000013c   Code   RO          979    .text               c_w.l(__printf_flags_wp.o)
    0x0800e6a0   0x0000001a   Code   RO          993    .text               c_w.l(atoi.o)
    0x0800e6ba   0x00000002   PAD
    0x0800e6bc   0x0000000c   Code   RO          995    .text               c_w.l(strtok.o)
    0x0800e6c8   0x00000024   Code   RO          998    .text               c_w.l(strstr.o)
    0x0800e6ec   0x00000048   Code   RO         1000    .text               c_w.l(strcpy.o)
    0x0800e734   0x0000003e   Code   RO         1002    .text               c_w.l(strlen.o)
    0x0800e772   0x00000096   Code   RO         1004    .text               c_w.l(strncmp.o)
    0x0800e808   0x00000018   Code   RO         1006    .text               c_w.l(strcat.o)
    0x0800e820   0x0000008a   Code   RO         1008    .text               c_w.l(rt_memcpy_v6.o)
    0x0800e8aa   0x00000064   Code   RO         1010    .text               c_w.l(rt_memcpy_w.o)
    0x0800e90e   0x00000044   Code   RO         1012    .text               c_w.l(rt_memclr.o)
    0x0800e952   0x0000004e   Code   RO         1014    .text               c_w.l(rt_memclr_w.o)
    0x0800e9a0   0x00000080   Code   RO         1016    .text               c_w.l(strcmpv7m.o)
    0x0800ea20   0x00000006   Code   RO         1018    .text               c_w.l(heapauxi.o)
    0x0800ea26   0x00000002   Code   RO         1066    .text               c_w.l(use_no_semi.o)
    0x0800ea28   0x00000008   Code   RO         1072    .text               c_w.l(rt_errno_addr_intlibspace.o)
    0x0800ea30   0x000000b8   Code   RO         1074    .text               c_w.l(_printf_intcommon.o)
    0x0800eae8   0x00000420   Code   RO         1076    .text               c_w.l(_printf_fp_dec.o)
    0x0800ef08   0x00000030   Code   RO         1078    .text               c_w.l(_printf_char_common.o)
    0x0800ef38   0x0000000a   Code   RO         1080    .text               c_w.l(_sputc.o)
    0x0800ef42   0x0000002c   Code   RO         1082    .text               c_w.l(_printf_char.o)
    0x0800ef6e   0x00000070   Code   RO         1087    .text               c_w.l(strtol.o)
    0x0800efde   0x00000002   PAD
    0x0800efe0   0x00000044   Code   RO         1089    .text               c_w.l(strtok_int.o)
    0x0800f024   0x00000008   Code   RO         1104    .text               c_w.l(libspace.o)
    0x0800f02c   0x00000010   Code   RO         1122    .text               c_w.l(rt_ctype_table.o)
    0x0800f03c   0x00000008   Code   RO         1127    .text               c_w.l(rt_locale_intlibspace.o)
    0x0800f044   0x0000008a   Code   RO         1129    .text               c_w.l(lludiv10.o)
    0x0800f0ce   0x00000002   PAD
    0x0800f0d0   0x00000080   Code   RO         1131    .text               c_w.l(_printf_fp_infnan.o)
    0x0800f150   0x0000009e   Code   RO         1135    .text               c_w.l(_strtoul.o)
    0x0800f1ee   0x00000002   PAD
    0x0800f1f0   0x000000e4   Code   RO         1137    .text               c_w.l(bigflt0.o)
    0x0800f2d4   0x00000020   Code   RO         1169    .text               c_w.l(strcspn.o)
    0x0800f2f4   0x0000001c   Code   RO         1171    .text               c_w.l(strspn.o)
    0x0800f310   0x0000004a   Code   RO         1177    .text               c_w.l(sys_stackheap_outer.o)
    0x0800f35a   0x0000001c   Code   RO         1179    .text               c_w.l(_chval.o)
    0x0800f376   0x0000000c   Code   RO         1184    .text               c_w.l(exit.o)
    0x0800f382   0x00000002   PAD
    0x0800f384   0x00000008   Code   RO         1249    .text               c_w.l(rt_fp_status_addr_intlibspace.o)
    0x0800f38c   0x0000003e   Code   RO         1140    CL$$btod_d2e        c_w.l(btod.o)
    0x0800f3ca   0x00000046   Code   RO         1142    CL$$btod_d2e_denorm_low  c_w.l(btod.o)
    0x0800f410   0x00000060   Code   RO         1141    CL$$btod_d2e_norm_op1  c_w.l(btod.o)
    0x0800f470   0x00000338   Code   RO         1150    CL$$btod_div_common  c_w.l(btod.o)
    0x0800f7a8   0x000000c6   Code   RO         1147    CL$$btod_e2e        c_w.l(btod.o)
    0x0800f86e   0x00000028   Code   RO         1144    CL$$btod_ediv       c_w.l(btod.o)
    0x0800f896   0x00000028   Code   RO         1143    CL$$btod_emul       c_w.l(btod.o)
    0x0800f8be   0x00000244   Code   RO         1149    CL$$btod_mult_common  c_w.l(btod.o)
    0x0800fb02   0x00000028   Code   RO         1175    i.__ARM_fpclassify  m_ws.l(fpclassify.o)
    0x0800fb2a   0x0000000e   Code   RO          977    i._is_digit         c_w.l(__printf_wp.o)
    0x0800fb38   0x0000002c   Code   RO         1167    locale$$code        c_w.l(lc_numeric_c.o)
    0x0800fb64   0x0000002c   Code   RO         1182    locale$$code        c_w.l(lc_ctype_c.o)
    0x0800fb90   0x00000062   Code   RO         1022    x$fpl$d2f           fz_ws.l(d2f.o)
    0x0800fbf2   0x00000002   PAD
    0x0800fbf4   0x00000150   Code   RO         1024    x$fpl$dadd          fz_ws.l(daddsub_clz.o)
    0x0800fd44   0x00000018   Code   RO         1091    x$fpl$dcmpinf       fz_ws.l(dcmpi.o)
    0x0800fd5c   0x00000078   Code   RO         1030    x$fpl$dleqf         fz_ws.l(dleqf.o)
    0x0800fdd4   0x00000154   Code   RO         1032    x$fpl$dmul          fz_ws.l(dmul.o)
    0x0800ff28   0x0000009c   Code   RO         1093    x$fpl$dnaninf       fz_ws.l(dnaninf.o)
    0x0800ffc4   0x0000000c   Code   RO         1095    x$fpl$dretinf       fz_ws.l(dretinf.o)
    0x0800ffd0   0x000001d4   Code   RO         1026    x$fpl$dsub          fz_ws.l(daddsub_clz.o)
    0x080101a4   0x00000056   Code   RO         1034    x$fpl$f2d           fz_ws.l(f2d.o)
    0x080101fa   0x00000002   PAD
    0x080101fc   0x000000c4   Code   RO         1036    x$fpl$fadd          fz_ws.l(faddsub_clz.o)
    0x080102c0   0x00000018   Code   RO         1097    x$fpl$fcmpinf       fz_ws.l(fcmpi.o)
    0x080102d8   0x00000184   Code   RO         1043    x$fpl$fdiv          fz_ws.l(fdiv.o)
    0x0801045c   0x00000068   Code   RO         1046    x$fpl$feqf          fz_ws.l(feqf.o)
    0x080104c4   0x00000036   Code   RO         1048    x$fpl$ffix          fz_ws.l(ffix.o)
    0x080104fa   0x00000002   PAD
    0x080104fc   0x00000030   Code   RO         1053    x$fpl$fflt          fz_ws.l(fflt_clz.o)
    0x0801052c   0x00000026   Code   RO         1052    x$fpl$ffltu         fz_ws.l(fflt_clz.o)
    0x08010552   0x00000002   PAD
    0x08010554   0x00000068   Code   RO         1058    x$fpl$fleqf         fz_ws.l(fleqf.o)
    0x080105bc   0x00000102   Code   RO         1060    x$fpl$fmul          fz_ws.l(fmul.o)
    0x080106be   0x0000008c   Code   RO         1099    x$fpl$fnaninf       fz_ws.l(fnaninf.o)
    0x0801074a   0x0000000e   Code   RO         1237    x$fpl$fpinit        fz_ws.l(fpinit.o)
    0x08010758   0x0000000a   Code   RO         1101    x$fpl$fretinf       fz_ws.l(fretinf.o)
    0x08010762   0x00000062   Code   RO         1062    x$fpl$frleqf        fz_ws.l(frleqf.o)
    0x080107c4   0x000000ea   Code   RO         1038    x$fpl$fsub          fz_ws.l(faddsub_clz.o)
    0x080108ae   0x00000004   Code   RO         1064    x$fpl$printf1       fz_ws.l(printf1.o)
    0x080108b2   0x00000000   Code   RO         1103    x$fpl$usenofp       fz_ws.l(usenofp.o)
    0x080108b2   0x00000018   Data   RO          299    .constdata          rtc.o
    0x080108ca   0x00000100   Data   RO          556    .constdata          os_core.o
    0x080109ca   0x0000003a   Data   RO          769    .constdata          ff.o
    0x08010a04   0x0002acc8   Data   RO          809    .constdata          cc936.o
    0x0803b6cc   0x00000005   Data   RO          875    .constdata          lcdopt.o
    0x0803b6d1   0x00000011   Data   RO          980    .constdata          c_w.l(__printf_flags_wp.o)
    0x0803b6e2   0x00000002   PAD
    0x0803b6e4   0x00000094   Data   RO         1138    .constdata          c_w.l(bigflt0.o)
    0x0803b778   0x00000058   Data   RO          717    .conststring        exfuns.o
    0x0803b7d0   0x00000020   Data   RO         1312    Region$$Table       anon$$obj.o
    0x0803b7f0   0x0000001c   Data   RO         1166    locale$$data        c_w.l(lc_numeric_c.o)
    0x0803b80c   0x00000110   Data   RO         1181    locale$$data        c_w.l(lc_ctype_c.o)


    Execution Region RW_IRAM1 (Base: 0x20000000, Size: 0x0000e590, Max: 0x00010000, ABSOLUTE, COMPRESSED[0x0000017c])

    Base Addr    Size         Type   Attr      Idx    E Section Name        Object

    0x20000000   0x00000014   Data   RW          190    .data               system_stm32f10x.o
    0x20000014   0x00000002   Data   RW          230    .data               flash.o
    0x20000016   0x00000001   Data   RW          248    .data               mmc_sd.o
    0x20000017   0x00000001   PAD
    0x20000018   0x00000002   Data   RW          300    .data               rtc.o
    0x2000001a   0x00000004   Data   RW          363    .data               delay.o
    0x2000001e   0x00000002   PAD
    0x20000020   0x00000090   Data   RW          390    .data               usart.o
    0x200000b0   0x00000014   Data   RW          442    .data               stm32f10x_rcc.o
    0x200000c4   0x00000048   Data   RW          557    .data               os_core.o
    0x2000010c   0x00000014   Data   RW          698    .data               malloc.o
    0x20000120   0x00000154   Data   RW          718    .data               exfuns.o
    0x20000274   0x0000000a   Data   RW          770    .data               ff.o
    0x2000027e   0x00000002   Data   RW          790    .data               diskio.o
    0x20000280   0x00000168   Data   RW          876    .data               lcdopt.o
    0x200003e8   0x00000002   Data   RW          912    .data               ch376_api.o
    0x200003ea   0x00000002   PAD
    0x200003ec   0x00000004   Data   RW          996    .data               c_w.l(strtok.o)
    0x200003f0   0x00000500   Zero   RW            2    .bss                main.o
    0x200008f0   0x00000012   Zero   RW          208    .bss                spi.o
    0x20000902   0x00001000   Zero   RW          229    .bss                flash.o
    0x20001902   0x0000000a   Zero   RW          298    .bss                rtc.o
    0x2000190c   0x00000348   Zero   RW          389    .bss                usart.o
    0x20001c54   0x00000a80   Zero   RW          555    .bss                os_core.o
    0x200026d4   0x0000b280   Zero   RW          696    .bss                malloc.o
    0x2000d954   0x00000068   Zero   RW          874    .bss                lcdopt.o
    0x2000d9bc   0x00000174   Zero   RW          895    .bss                fileopt.o
    0x2000db30   0x00000400   Zero   RW          911    .bss                ch376_api.o
    0x2000df30   0x00000060   Zero   RW         1105    .bss                c_w.l(libspace.o)
    0x2000df90   0x00000200   Zero   RW          423    HEAP                startup_stm32f10x_hd.o
    0x2000e190   0x00000400   Zero   RW          422    STACK               startup_stm32f10x_hd.o


==============================================================================

Image component sizes


      Code (inc. data)   RO Data    RW Data    ZI Data      Debug   Object Name

       180         18     175304          0          0       1945   cc936.o
      1348         40          0          2       1024       4636   ch376_api.o
       568         36          0          0          0      13382   ch376_spi.o
         0          0          0          0          0         32   core_cm3.o
        14          0          0          0          0        471   debug.o
       244         20          0          4          0       1187   delay.o
       504         12          0          2          0       3366   diskio.o
       408         20         88        340          0       4928   exfuns.o
      1280         16          0          0          0       7627   ezui_ctrl.o
     12938        140         58         10          0      35926   ff.o
      2176          6          0          0          0      11475   file_sys.o
      8896        688          0          0        372      21792   fileopt.o
       864         22          0          2       4096       4285   flash.o
       456         24          0          0          0       1307   hx711.o
      5424        378          5        360        104      21078   lcdopt.o
       212         20          0          0       1280     256980   main.o
       412          6          0         20      45696       3709   malloc.o
       220         20          0          0          0       1665   misc.o
      1316         16          0          1          0       5658   mmc_sd.o
      2240        218        256         72       2688      14687   os_core.o
       180         36          0          0          0        260   os_cpu_a.o
       174          0          0          0          0      10106   os_cpu_c.o
      2140         44          0          0          0       6972   os_flag.o
      1512         30          0          0          0       5621   os_q.o
      2028         70          0          0          0       7645   os_task.o
       448         30          0          0          0       1782   os_time.o
      2344         14          0          0          0       7468   rc522.o
       896         30         24          2         10       3682   rtc.o
       412         16          0          0         18       8244   spi.o
        64         26        304          0       1536        728   startup_stm32f10x_hd.o
       172          8          0          0          0       3252   stm32f10x_bkp.o
       592          8          0          0          0       4230   stm32f10x_dma.o
       856         40          0          0          0       5601   stm32f10x_gpio.o
        44          0          0          0          0      10896   stm32f10x_it.o
       204         16          0          0          0       1887   stm32f10x_pwr.o
       928         44          0         20          0       8712   stm32f10x_rcc.o
       336          4          0          0          0       2658   stm32f10x_rtc.o
       784         12          0          0          0       6502   stm32f10x_spi.o
      1036         20          0          0          0       8344   stm32f10x_usart.o
        12          0          0          0          0        385   sys.o
       456         36          0         20          0       1543   system_stm32f10x.o
      1860         62          0        144        840       6513   usart.o
       632         40          0          0          0       1694   util.o

    ----------------------------------------------------------------------
     57816       2286     176071       1004      57664     530861   Object Totals
         0          0         32          0          0          0   (incl. Generated)
         6          0          0          5          0          0   (incl. Padding)

    ----------------------------------------------------------------------

      Code (inc. data)   RO Data    RW Data    ZI Data      Debug   Library Member Name

        44          6          0          0          0         84   __2sprintf.o
        90          0          0          0          0          0   __dczerorl2.o
         8          0          0          0          0         68   __main.o
       316          6         17          0          0         92   __printf_flags_wp.o
        14          0          0          0          0         68   __printf_wp.o
        52          8          0          0          0          0   __scatter.o
        28          0          0          0          0          0   __scatter_zi.o
        28          0          0          0          0         68   _chval.o
        44          0          0          0          0        108   _printf_char.o
        48          6          0          0          0         96   _printf_char_common.o
         6          0          0          0          0          0   _printf_d.o
       120         18          0          0          0         92   _printf_dec.o
         6          0          0          0          0          0   _printf_f.o
      1056          0          0          0          0        216   _printf_fp_dec.o
       128         16          0          0          0         84   _printf_fp_infnan.o
       184          0          0          0          0         88   _printf_intcommon.o
        82          0          0          0          0        108   _printf_pad.o
         0          0          0          0          0          0   _printf_percent.o
         4          0          0          0          0          0   _printf_percent_end.o
         6          0          0          0          0          0   _printf_s.o
        82          0          0          0          0         80   _printf_str.o
        10          0          0          0          0         68   _sputc.o
       158          0          0          0          0         92   _strtoul.o
        26          0          0          0          0         80   atoi.o
       228          6        148          0          0         96   bigflt0.o
      1910        128          0          0          0        672   btod.o
        12          0          0          0          0         72   exit.o
         6          0          0          0          0        152   heapauxi.o
        44         10        272          0          0         76   lc_ctype_c.o
        44         10         28          0          0         76   lc_numeric_c.o
         6          0          0          0          0          0   libinit.o
        30          0          0          0          0          0   libinit2.o
         2          0          0          0          0          0   libshutdown.o
         2          0          0          0          0          0   libshutdown2.o
         8          4          0          0         96         68   libspace.o
       138          0          0          0          0         80   lludiv10.o
        16          4          0          0          0         76   rt_ctype_table.o
         8          4          0          0          0         68   rt_errno_addr_intlibspace.o
         8          4          0          0          0         68   rt_fp_status_addr_intlibspace.o
         8          4          0          0          0         68   rt_locale_intlibspace.o
        68          0          0          0          0         68   rt_memclr.o
        78          0          0          0          0         80   rt_memclr_w.o
       138          0          0          0          0         68   rt_memcpy_v6.o
       100          0          0          0          0         80   rt_memcpy_w.o
         0          0          0          0          0          0   rtentry.o
        12          0          0          0          0          0   rtentry2.o
         6          0          0          0          0          0   rtentry4.o
         2          0          0          0          0          0   rtexit.o
        10          0          0          0          0          0   rtexit2.o
        24          0          0          0          0         68   strcat.o
       128          0          0          0          0         68   strcmpv7m.o
        72          0          0          0          0         80   strcpy.o
        32          0          0          0          0         80   strcspn.o
        62          0          0          0          0         76   strlen.o
       150          0          0          0          0         80   strncmp.o
        28          0          0          0          0         80   strspn.o
        36          0          0          0          0         80   strstr.o
        12          6          0          4          0         68   strtok.o
        68          4          0          0          0         84   strtok_int.o
       112          0          0          0          0         88   strtol.o
        74          0          0          0          0         80   sys_stackheap_outer.o
         2          0          0          0          0         68   use_no_semi.o
         2          0          0          0          0         68   use_no_semi_2.o
        98          4          0          0          0         92   d2f.o
       804         16          0          0          0        280   daddsub_clz.o
        24          0          0          0          0         68   dcmpi.o
       120          4          0          0          0         92   dleqf.o
       340         12          0          0          0        104   dmul.o
       156          4          0          0          0         92   dnaninf.o
        12          0          0          0          0         68   dretinf.o
        86          4          0          0          0         84   f2d.o
       430          8          0          0          0        168   faddsub_clz.o
        24          0          0          0          0         68   fcmpi.o
       388         76          0          0          0         96   fdiv.o
       104          4          0          0          0         84   feqf.o
        54          4          0          0          0         84   ffix.o
        86          0          0          0          0        136   fflt_clz.o
       104          4          0          0          0         84   fleqf.o
       258          4          0          0          0         84   fmul.o
       140          4          0          0          0         84   fnaninf.o
        14          0          0          0          0         76   fpinit.o
        10          0          0          0          0         68   fretinf.o
        98          0          0          0          0         68   frleqf.o
         4          0          0          0          0         68   printf1.o
         0          0          0          0          0          0   usenofp.o
        40          0          0          0          0         68   fpclassify.o

    ----------------------------------------------------------------------
      9642        392        467          4         96       6544   Library Totals
        22          0          2          0          0          0   (incl. Padding)

    ----------------------------------------------------------------------

      Code (inc. data)   RO Data    RW Data    ZI Data      Debug   Library Name

      6226        244        465          4         96       4428   c_w.l
      3354        148          0          0          0       2048   fz_ws.l
        40          0          0          0          0         68   m_ws.l

    ----------------------------------------------------------------------
      9642        392        467          4         96       6544   Library Totals

    ----------------------------------------------------------------------

==============================================================================


      Code (inc. data)   RO Data    RW Data    ZI Data      Debug   

     67458       2678     176538       1008      57760     529345   Grand Totals
     67458       2678     176538        380      57760     529345   ELF Image Totals (compressed)
     67458       2678     176538        380          0          0   ROM Totals

==============================================================================

    Total RO  Size (Code + RO Data)               243996 ( 238.28kB)
    Total RW  Size (RW Data + ZI Data)             58768 (  57.39kB)
    Total ROM Size (Code + RO Data + RW Data)     244376 ( 238.65kB)

==============================================================================

